<?xml version="1.0"?>
<link_info>
   <banner>MSP430 Linker PC v15.12.1.LTS</banner>
   <copyright>Copyright (c) 2003-2015 Texas Instruments Incorporated</copyright>
   <link_time>0x59019645</link_time>
   <link_errors>0x0</link_errors>
   <output_file>fram_sdcard_imu_pwm_adc_5.out</output_file>
   <entry_point>
      <name>_c_int00_noargs_noexit_mpu</name>
      <address>0x84ea</address>
   </entry_point>
   <input_file_list>
      <input_file id="fl-2">
         <path>.\</path>
         <kind>object</kind>
         <file>SDCardLogMode.obj</file>
         <name>SDCardLogMode.obj</name>
      </input_file>
      <input_file id="fl-3">
         <path>.\</path>
         <kind>object</kind>
         <file>daqcs_adc.obj</file>
         <name>daqcs_adc.obj</name>
      </input_file>
      <input_file id="fl-4">
         <path>.\</path>
         <kind>object</kind>
         <file>daqcs_imu.obj</file>
         <name>daqcs_imu.obj</name>
      </input_file>
      <input_file id="fl-5">
         <path>.\</path>
         <kind>object</kind>
         <file>daqcs_motor.obj</file>
         <name>daqcs_motor.obj</name>
      </input_file>
      <input_file id="fl-6">
         <path>.\</path>
         <kind>object</kind>
         <file>fram_sdcard_imu_pwm_adc_5.obj</file>
         <name>fram_sdcard_imu_pwm_adc_5.obj</name>
      </input_file>
      <input_file id="fl-7">
         <path>.\FatFs\</path>
         <kind>object</kind>
         <file>ff.obj</file>
         <name>ff.obj</name>
      </input_file>
      <input_file id="fl-8">
         <path>.\FatFs\</path>
         <kind>object</kind>
         <file>mmc.obj</file>
         <name>mmc.obj</name>
      </input_file>
      <input_file id="fl-9">
         <path>.\HAL\</path>
         <kind>object</kind>
         <file>HAL_SDCard.obj</file>
         <name>HAL_SDCard.obj</name>
      </input_file>
      <input_file id="fl-a">
         <path>.\MSP430FR5xx_6xx\</path>
         <kind>object</kind>
         <file>adc12_b.obj</file>
         <name>adc12_b.obj</name>
      </input_file>
      <input_file id="fl-b">
         <path>.\MSP430FR5xx_6xx\</path>
         <kind>object</kind>
         <file>aes256.obj</file>
         <name>aes256.obj</name>
      </input_file>
      <input_file id="fl-c">
         <path>.\MSP430FR5xx_6xx\</path>
         <kind>object</kind>
         <file>comp_e.obj</file>
         <name>comp_e.obj</name>
      </input_file>
      <input_file id="fl-d">
         <path>.\MSP430FR5xx_6xx\</path>
         <kind>object</kind>
         <file>crc.obj</file>
         <name>crc.obj</name>
      </input_file>
      <input_file id="fl-e">
         <path>.\MSP430FR5xx_6xx\</path>
         <kind>object</kind>
         <file>crc32.obj</file>
         <name>crc32.obj</name>
      </input_file>
      <input_file id="fl-f">
         <path>.\MSP430FR5xx_6xx\</path>
         <kind>object</kind>
         <file>cs.obj</file>
         <name>cs.obj</name>
      </input_file>
      <input_file id="fl-10">
         <path>.\MSP430FR5xx_6xx\</path>
         <kind>object</kind>
         <file>dma.obj</file>
         <name>dma.obj</name>
      </input_file>
      <input_file id="fl-11">
         <path>.\MSP430FR5xx_6xx\</path>
         <kind>object</kind>
         <file>esi.obj</file>
         <name>esi.obj</name>
      </input_file>
      <input_file id="fl-12">
         <path>.\MSP430FR5xx_6xx\</path>
         <kind>object</kind>
         <file>eusci_a_spi.obj</file>
         <name>eusci_a_spi.obj</name>
      </input_file>
      <input_file id="fl-13">
         <path>.\MSP430FR5xx_6xx\</path>
         <kind>object</kind>
         <file>eusci_a_uart.obj</file>
         <name>eusci_a_uart.obj</name>
      </input_file>
      <input_file id="fl-14">
         <path>.\MSP430FR5xx_6xx\</path>
         <kind>object</kind>
         <file>eusci_b_i2c.obj</file>
         <name>eusci_b_i2c.obj</name>
      </input_file>
      <input_file id="fl-15">
         <path>.\MSP430FR5xx_6xx\</path>
         <kind>object</kind>
         <file>eusci_b_spi.obj</file>
         <name>eusci_b_spi.obj</name>
      </input_file>
      <input_file id="fl-16">
         <path>.\MSP430FR5xx_6xx\</path>
         <kind>object</kind>
         <file>framctl.obj</file>
         <name>framctl.obj</name>
      </input_file>
      <input_file id="fl-17">
         <path>.\MSP430FR5xx_6xx\</path>
         <kind>object</kind>
         <file>framctl_a.obj</file>
         <name>framctl_a.obj</name>
      </input_file>
      <input_file id="fl-18">
         <path>.\MSP430FR5xx_6xx\</path>
         <kind>object</kind>
         <file>gpio.obj</file>
         <name>gpio.obj</name>
      </input_file>
      <input_file id="fl-19">
         <path>.\MSP430FR5xx_6xx\</path>
         <kind>object</kind>
         <file>lcd_c.obj</file>
         <name>lcd_c.obj</name>
      </input_file>
      <input_file id="fl-1a">
         <path>.\MSP430FR5xx_6xx\</path>
         <kind>object</kind>
         <file>mpu.obj</file>
         <name>mpu.obj</name>
      </input_file>
      <input_file id="fl-1b">
         <path>.\MSP430FR5xx_6xx\</path>
         <kind>object</kind>
         <file>mpy32.obj</file>
         <name>mpy32.obj</name>
      </input_file>
      <input_file id="fl-1c">
         <path>.\MSP430FR5xx_6xx\</path>
         <kind>object</kind>
         <file>pmm.obj</file>
         <name>pmm.obj</name>
      </input_file>
      <input_file id="fl-1d">
         <path>.\MSP430FR5xx_6xx\</path>
         <kind>object</kind>
         <file>ram.obj</file>
         <name>ram.obj</name>
      </input_file>
      <input_file id="fl-1e">
         <path>.\MSP430FR5xx_6xx\</path>
         <kind>object</kind>
         <file>ref_a.obj</file>
         <name>ref_a.obj</name>
      </input_file>
      <input_file id="fl-1f">
         <path>.\MSP430FR5xx_6xx\</path>
         <kind>object</kind>
         <file>rtc_b.obj</file>
         <name>rtc_b.obj</name>
      </input_file>
      <input_file id="fl-20">
         <path>.\MSP430FR5xx_6xx\</path>
         <kind>object</kind>
         <file>rtc_c.obj</file>
         <name>rtc_c.obj</name>
      </input_file>
      <input_file id="fl-21">
         <path>.\MSP430FR5xx_6xx\</path>
         <kind>object</kind>
         <file>sfr.obj</file>
         <name>sfr.obj</name>
      </input_file>
      <input_file id="fl-22">
         <path>.\MSP430FR5xx_6xx\</path>
         <kind>object</kind>
         <file>sysctl.obj</file>
         <name>sysctl.obj</name>
      </input_file>
      <input_file id="fl-23">
         <path>.\MSP430FR5xx_6xx\</path>
         <kind>object</kind>
         <file>timer_a.obj</file>
         <name>timer_a.obj</name>
      </input_file>
      <input_file id="fl-24">
         <path>.\MSP430FR5xx_6xx\</path>
         <kind>object</kind>
         <file>timer_b.obj</file>
         <name>timer_b.obj</name>
      </input_file>
      <input_file id="fl-25">
         <path>.\MSP430FR5xx_6xx\</path>
         <kind>object</kind>
         <file>tlv.obj</file>
         <name>tlv.obj</name>
      </input_file>
      <input_file id="fl-26">
         <path>.\MSP430FR5xx_6xx\</path>
         <kind>object</kind>
         <file>wdt_a.obj</file>
         <name>wdt_a.obj</name>
      </input_file>
      <input_file id="fl-27">
         <path>.\SDCardLib\</path>
         <kind>object</kind>
         <file>sdcard.obj</file>
         <name>sdcard.obj</name>
      </input_file>
      <input_file id="fl-4e">
         <path>C:\ti\ccsv6\tools\compiler\ti-cgt-msp430_15.12.1.LTS\lib\</path>
         <kind>archive</kind>
         <file>rts430x_lc_ld_eabi.lib</file>
         <name>copy_decompress_none.obj</name>
      </input_file>
      <input_file id="fl-4f">
         <path>C:\ti\ccsv6\tools\compiler\ti-cgt-msp430_15.12.1.LTS\lib\</path>
         <kind>archive</kind>
         <file>rts430x_lc_ld_eabi.lib</file>
         <name>copy_decompress_rle.obj</name>
      </input_file>
      <input_file id="fl-50">
         <path>C:\ti\ccsv6\tools\compiler\ti-cgt-msp430_15.12.1.LTS\lib\</path>
         <kind>archive</kind>
         <file>rts430x_lc_ld_eabi.lib</file>
         <name>int18.obj</name>
      </input_file>
      <input_file id="fl-51">
         <path>C:\ti\ccsv6\tools\compiler\ti-cgt-msp430_15.12.1.LTS\lib\</path>
         <kind>archive</kind>
         <file>rts430x_lc_ld_eabi.lib</file>
         <name>isr_trap.obj</name>
      </input_file>
      <input_file id="fl-52">
         <path>C:\ti\ccsv6\tools\compiler\ti-cgt-msp430_15.12.1.LTS\lib\</path>
         <kind>archive</kind>
         <file>rts430x_lc_ld_eabi.lib</file>
         <name>int19.obj</name>
      </input_file>
      <input_file id="fl-53">
         <path>C:\ti\ccsv6\tools\compiler\ti-cgt-msp430_15.12.1.LTS\lib\</path>
         <kind>archive</kind>
         <file>rts430x_lc_ld_eabi.lib</file>
         <name>int20.obj</name>
      </input_file>
      <input_file id="fl-54">
         <path>C:\ti\ccsv6\tools\compiler\ti-cgt-msp430_15.12.1.LTS\lib\</path>
         <kind>archive</kind>
         <file>rts430x_lc_ld_eabi.lib</file>
         <name>int21.obj</name>
      </input_file>
      <input_file id="fl-55">
         <path>C:\ti\ccsv6\tools\compiler\ti-cgt-msp430_15.12.1.LTS\lib\</path>
         <kind>archive</kind>
         <file>rts430x_lc_ld_eabi.lib</file>
         <name>int22.obj</name>
      </input_file>
      <input_file id="fl-56">
         <path>C:\ti\ccsv6\tools\compiler\ti-cgt-msp430_15.12.1.LTS\lib\</path>
         <kind>archive</kind>
         <file>rts430x_lc_ld_eabi.lib</file>
         <name>int23.obj</name>
      </input_file>
      <input_file id="fl-57">
         <path>C:\ti\ccsv6\tools\compiler\ti-cgt-msp430_15.12.1.LTS\lib\</path>
         <kind>archive</kind>
         <file>rts430x_lc_ld_eabi.lib</file>
         <name>int24.obj</name>
      </input_file>
      <input_file id="fl-58">
         <path>C:\ti\ccsv6\tools\compiler\ti-cgt-msp430_15.12.1.LTS\lib\</path>
         <kind>archive</kind>
         <file>rts430x_lc_ld_eabi.lib</file>
         <name>int25.obj</name>
      </input_file>
      <input_file id="fl-59">
         <path>C:\ti\ccsv6\tools\compiler\ti-cgt-msp430_15.12.1.LTS\lib\</path>
         <kind>archive</kind>
         <file>rts430x_lc_ld_eabi.lib</file>
         <name>int26.obj</name>
      </input_file>
      <input_file id="fl-5a">
         <path>C:\ti\ccsv6\tools\compiler\ti-cgt-msp430_15.12.1.LTS\lib\</path>
         <kind>archive</kind>
         <file>rts430x_lc_ld_eabi.lib</file>
         <name>int27.obj</name>
      </input_file>
      <input_file id="fl-5b">
         <path>C:\ti\ccsv6\tools\compiler\ti-cgt-msp430_15.12.1.LTS\lib\</path>
         <kind>archive</kind>
         <file>rts430x_lc_ld_eabi.lib</file>
         <name>int28.obj</name>
      </input_file>
      <input_file id="fl-5c">
         <path>C:\ti\ccsv6\tools\compiler\ti-cgt-msp430_15.12.1.LTS\lib\</path>
         <kind>archive</kind>
         <file>rts430x_lc_ld_eabi.lib</file>
         <name>int29.obj</name>
      </input_file>
      <input_file id="fl-5d">
         <path>C:\ti\ccsv6\tools\compiler\ti-cgt-msp430_15.12.1.LTS\lib\</path>
         <kind>archive</kind>
         <file>rts430x_lc_ld_eabi.lib</file>
         <name>int30.obj</name>
      </input_file>
      <input_file id="fl-5e">
         <path>C:\ti\ccsv6\tools\compiler\ti-cgt-msp430_15.12.1.LTS\lib\</path>
         <kind>archive</kind>
         <file>rts430x_lc_ld_eabi.lib</file>
         <name>int31.obj</name>
      </input_file>
      <input_file id="fl-5f">
         <path>C:\ti\ccsv6\tools\compiler\ti-cgt-msp430_15.12.1.LTS\lib\</path>
         <kind>archive</kind>
         <file>rts430x_lc_ld_eabi.lib</file>
         <name>int32.obj</name>
      </input_file>
      <input_file id="fl-60">
         <path>C:\ti\ccsv6\tools\compiler\ti-cgt-msp430_15.12.1.LTS\lib\</path>
         <kind>archive</kind>
         <file>rts430x_lc_ld_eabi.lib</file>
         <name>int33.obj</name>
      </input_file>
      <input_file id="fl-61">
         <path>C:\ti\ccsv6\tools\compiler\ti-cgt-msp430_15.12.1.LTS\lib\</path>
         <kind>archive</kind>
         <file>rts430x_lc_ld_eabi.lib</file>
         <name>int34.obj</name>
      </input_file>
      <input_file id="fl-62">
         <path>C:\ti\ccsv6\tools\compiler\ti-cgt-msp430_15.12.1.LTS\lib\</path>
         <kind>archive</kind>
         <file>rts430x_lc_ld_eabi.lib</file>
         <name>int35.obj</name>
      </input_file>
      <input_file id="fl-63">
         <path>C:\ti\ccsv6\tools\compiler\ti-cgt-msp430_15.12.1.LTS\lib\</path>
         <kind>archive</kind>
         <file>rts430x_lc_ld_eabi.lib</file>
         <name>int36.obj</name>
      </input_file>
      <input_file id="fl-64">
         <path>C:\ti\ccsv6\tools\compiler\ti-cgt-msp430_15.12.1.LTS\lib\</path>
         <kind>archive</kind>
         <file>rts430x_lc_ld_eabi.lib</file>
         <name>int37.obj</name>
      </input_file>
      <input_file id="fl-65">
         <path>C:\ti\ccsv6\tools\compiler\ti-cgt-msp430_15.12.1.LTS\lib\</path>
         <kind>archive</kind>
         <file>rts430x_lc_ld_eabi.lib</file>
         <name>int38.obj</name>
      </input_file>
      <input_file id="fl-66">
         <path>C:\ti\ccsv6\tools\compiler\ti-cgt-msp430_15.12.1.LTS\lib\</path>
         <kind>archive</kind>
         <file>rts430x_lc_ld_eabi.lib</file>
         <name>int39.obj</name>
      </input_file>
      <input_file id="fl-67">
         <path>C:\ti\ccsv6\tools\compiler\ti-cgt-msp430_15.12.1.LTS\lib\</path>
         <kind>archive</kind>
         <file>rts430x_lc_ld_eabi.lib</file>
         <name>int40.obj</name>
      </input_file>
      <input_file id="fl-68">
         <path>C:\ti\ccsv6\tools\compiler\ti-cgt-msp430_15.12.1.LTS\lib\</path>
         <kind>archive</kind>
         <file>rts430x_lc_ld_eabi.lib</file>
         <name>int41.obj</name>
      </input_file>
      <input_file id="fl-69">
         <path>C:\ti\ccsv6\tools\compiler\ti-cgt-msp430_15.12.1.LTS\lib\</path>
         <kind>archive</kind>
         <file>rts430x_lc_ld_eabi.lib</file>
         <name>int42.obj</name>
      </input_file>
      <input_file id="fl-6a">
         <path>C:\ti\ccsv6\tools\compiler\ti-cgt-msp430_15.12.1.LTS\lib\</path>
         <kind>archive</kind>
         <file>rts430x_lc_ld_eabi.lib</file>
         <name>int44.obj</name>
      </input_file>
      <input_file id="fl-6b">
         <path>C:\ti\ccsv6\tools\compiler\ti-cgt-msp430_15.12.1.LTS\lib\</path>
         <kind>archive</kind>
         <file>rts430x_lc_ld_eabi.lib</file>
         <name>int45.obj</name>
      </input_file>
      <input_file id="fl-6c">
         <path>C:\ti\ccsv6\tools\compiler\ti-cgt-msp430_15.12.1.LTS\lib\</path>
         <kind>archive</kind>
         <file>rts430x_lc_ld_eabi.lib</file>
         <name>int47.obj</name>
      </input_file>
      <input_file id="fl-6d">
         <path>C:\ti\ccsv6\tools\compiler\ti-cgt-msp430_15.12.1.LTS\lib\</path>
         <kind>archive</kind>
         <file>rts430x_lc_ld_eabi.lib</file>
         <name>int48.obj</name>
      </input_file>
      <input_file id="fl-6e">
         <path>C:\ti\ccsv6\tools\compiler\ti-cgt-msp430_15.12.1.LTS\lib\</path>
         <kind>archive</kind>
         <file>rts430x_lc_ld_eabi.lib</file>
         <name>int49.obj</name>
      </input_file>
      <input_file id="fl-6f">
         <path>C:\ti\ccsv6\tools\compiler\ti-cgt-msp430_15.12.1.LTS\lib\</path>
         <kind>archive</kind>
         <file>rts430x_lc_ld_eabi.lib</file>
         <name>int50.obj</name>
      </input_file>
      <input_file id="fl-70">
         <path>C:\ti\ccsv6\tools\compiler\ti-cgt-msp430_15.12.1.LTS\lib\</path>
         <kind>archive</kind>
         <file>rts430x_lc_ld_eabi.lib</file>
         <name>int51.obj</name>
      </input_file>
      <input_file id="fl-71">
         <path>C:\ti\ccsv6\tools\compiler\ti-cgt-msp430_15.12.1.LTS\lib\</path>
         <kind>archive</kind>
         <file>rts430x_lc_ld_eabi.lib</file>
         <name>int52.obj</name>
      </input_file>
      <input_file id="fl-72">
         <path>C:\ti\ccsv6\tools\compiler\ti-cgt-msp430_15.12.1.LTS\lib\</path>
         <kind>archive</kind>
         <file>rts430x_lc_ld_eabi.lib</file>
         <name>int53.obj</name>
      </input_file>
      <input_file id="fl-73">
         <path>C:\ti\ccsv6\tools\compiler\ti-cgt-msp430_15.12.1.LTS\lib\</path>
         <kind>archive</kind>
         <file>rts430x_lc_ld_eabi.lib</file>
         <name>int54.obj</name>
      </input_file>
      <input_file id="fl-74">
         <path>C:\ti\ccsv6\tools\compiler\ti-cgt-msp430_15.12.1.LTS\lib\</path>
         <kind>archive</kind>
         <file>rts430x_lc_ld_eabi.lib</file>
         <name>copy_zero_init.obj</name>
      </input_file>
      <input_file id="fl-75">
         <path>C:\ti\ccsv6\tools\compiler\ti-cgt-msp430_15.12.1.LTS\lib\</path>
         <kind>archive</kind>
         <file>rts430x_lc_ld_eabi.lib</file>
         <name>addd.obj</name>
      </input_file>
      <input_file id="fl-76">
         <path>C:\ti\ccsv6\tools\compiler\ti-cgt-msp430_15.12.1.LTS\lib\</path>
         <kind>archive</kind>
         <file>rts430x_lc_ld_eabi.lib</file>
         <name>frcaddd.obj</name>
      </input_file>
      <input_file id="fl-77">
         <path>C:\ti\ccsv6\tools\compiler\ti-cgt-msp430_15.12.1.LTS\lib\</path>
         <kind>archive</kind>
         <file>rts430x_lc_ld_eabi.lib</file>
         <name>renormd.obj</name>
      </input_file>
      <input_file id="fl-78">
         <path>C:\ti\ccsv6\tools\compiler\ti-cgt-msp430_15.12.1.LTS\lib\</path>
         <kind>archive</kind>
         <file>rts430x_lc_ld_eabi.lib</file>
         <name>div16s.obj</name>
      </input_file>
      <input_file id="fl-79">
         <path>C:\ti\ccsv6\tools\compiler\ti-cgt-msp430_15.12.1.LTS\lib\</path>
         <kind>archive</kind>
         <file>rts430x_lc_ld_eabi.lib</file>
         <name>div32s.obj</name>
      </input_file>
      <input_file id="fl-7a">
         <path>C:\ti\ccsv6\tools\compiler\ti-cgt-msp430_15.12.1.LTS\lib\</path>
         <kind>archive</kind>
         <file>rts430x_lc_ld_eabi.lib</file>
         <name>div16u.obj</name>
      </input_file>
      <input_file id="fl-7b">
         <path>C:\ti\ccsv6\tools\compiler\ti-cgt-msp430_15.12.1.LTS\lib\</path>
         <kind>archive</kind>
         <file>rts430x_lc_ld_eabi.lib</file>
         <name>div32u.obj</name>
      </input_file>
      <input_file id="fl-7c">
         <path>C:\ti\ccsv6\tools\compiler\ti-cgt-msp430_15.12.1.LTS\lib\</path>
         <kind>archive</kind>
         <file>rts430x_lc_ld_eabi.lib</file>
         <name>fixdi.obj</name>
      </input_file>
      <input_file id="fl-7d">
         <path>C:\ti\ccsv6\tools\compiler\ti-cgt-msp430_15.12.1.LTS\lib\</path>
         <kind>archive</kind>
         <file>rts430x_lc_ld_eabi.lib</file>
         <name>fixdli.obj</name>
      </input_file>
      <input_file id="fl-7e">
         <path>C:\ti\ccsv6\tools\compiler\ti-cgt-msp430_15.12.1.LTS\lib\</path>
         <kind>archive</kind>
         <file>rts430x_lc_ld_eabi.lib</file>
         <name>fltid.obj</name>
      </input_file>
      <input_file id="fl-7f">
         <path>C:\ti\ccsv6\tools\compiler\ti-cgt-msp430_15.12.1.LTS\lib\</path>
         <kind>archive</kind>
         <file>rts430x_lc_ld_eabi.lib</file>
         <name>fltlid.obj</name>
      </input_file>
      <input_file id="fl-80">
         <path>C:\ti\ccsv6\tools\compiler\ti-cgt-msp430_15.12.1.LTS\lib\</path>
         <kind>archive</kind>
         <file>rts430x_lc_ld_eabi.lib</file>
         <name>mpyd.obj</name>
      </input_file>
      <input_file id="fl-81">
         <path>C:\ti\ccsv6\tools\compiler\ti-cgt-msp430_15.12.1.LTS\lib\</path>
         <kind>archive</kind>
         <file>rts430x_lc_ld_eabi.lib</file>
         <name>frcmpyd.obj</name>
      </input_file>
      <input_file id="fl-82">
         <path>C:\ti\ccsv6\tools\compiler\ti-cgt-msp430_15.12.1.LTS\lib\</path>
         <kind>archive</kind>
         <file>rts430x_lc_ld_eabi.lib</file>
         <name>mult16.obj</name>
      </input_file>
      <input_file id="fl-83">
         <path>C:\ti\ccsv6\tools\compiler\ti-cgt-msp430_15.12.1.LTS\lib\</path>
         <kind>archive</kind>
         <file>rts430x_lc_ld_eabi.lib</file>
         <name>mult16_f5hw.obj</name>
      </input_file>
      <input_file id="fl-84">
         <path>C:\ti\ccsv6\tools\compiler\ti-cgt-msp430_15.12.1.LTS\lib\</path>
         <kind>archive</kind>
         <file>rts430x_lc_ld_eabi.lib</file>
         <name>mult32.obj</name>
      </input_file>
      <input_file id="fl-85">
         <path>C:\ti\ccsv6\tools\compiler\ti-cgt-msp430_15.12.1.LTS\lib\</path>
         <kind>archive</kind>
         <file>rts430x_lc_ld_eabi.lib</file>
         <name>mult32_f5hw.obj</name>
      </input_file>
      <input_file id="fl-86">
         <path>C:\ti\ccsv6\tools\compiler\ti-cgt-msp430_15.12.1.LTS\lib\</path>
         <kind>archive</kind>
         <file>rts430x_lc_ld_eabi.lib</file>
         <name>mult64_f5hw.obj</name>
      </input_file>
      <input_file id="fl-87">
         <path>C:\ti\ccsv6\tools\compiler\ti-cgt-msp430_15.12.1.LTS\lib\</path>
         <kind>archive</kind>
         <file>rts430x_lc_ld_eabi.lib</file>
         <name>mult1632_f5hw.obj</name>
      </input_file>
      <input_file id="fl-88">
         <path>C:\ti\ccsv6\tools\compiler\ti-cgt-msp430_15.12.1.LTS\lib\</path>
         <kind>archive</kind>
         <file>rts430x_lc_ld_eabi.lib</file>
         <name>mult3264_f5hw.obj</name>
      </input_file>
      <input_file id="fl-89">
         <path>C:\ti\ccsv6\tools\compiler\ti-cgt-msp430_15.12.1.LTS\lib\</path>
         <kind>archive</kind>
         <file>rts430x_lc_ld_eabi.lib</file>
         <name>lsl16.obj</name>
      </input_file>
      <input_file id="fl-8a">
         <path>C:\ti\ccsv6\tools\compiler\ti-cgt-msp430_15.12.1.LTS\lib\</path>
         <kind>archive</kind>
         <file>rts430x_lc_ld_eabi.lib</file>
         <name>lsl32.obj</name>
      </input_file>
      <input_file id="fl-8b">
         <path>C:\ti\ccsv6\tools\compiler\ti-cgt-msp430_15.12.1.LTS\lib\</path>
         <kind>archive</kind>
         <file>rts430x_lc_ld_eabi.lib</file>
         <name>asr16.obj</name>
      </input_file>
      <input_file id="fl-8c">
         <path>C:\ti\ccsv6\tools\compiler\ti-cgt-msp430_15.12.1.LTS\lib\</path>
         <kind>archive</kind>
         <file>rts430x_lc_ld_eabi.lib</file>
         <name>asr32.obj</name>
      </input_file>
      <input_file id="fl-8d">
         <path>C:\ti\ccsv6\tools\compiler\ti-cgt-msp430_15.12.1.LTS\lib\</path>
         <kind>archive</kind>
         <file>rts430x_lc_ld_eabi.lib</file>
         <name>lsr32.obj</name>
      </input_file>
      <input_file id="fl-8e">
         <path>C:\ti\ccsv6\tools\compiler\ti-cgt-msp430_15.12.1.LTS\lib\</path>
         <kind>archive</kind>
         <file>rts430x_lc_ld_eabi.lib</file>
         <name>lsr64.obj</name>
      </input_file>
      <input_file id="fl-8f">
         <path>C:\ti\ccsv6\tools\compiler\ti-cgt-msp430_15.12.1.LTS\lib\</path>
         <kind>archive</kind>
         <file>rts430x_lc_ld_eabi.lib</file>
         <name>subd.obj</name>
      </input_file>
      <input_file id="fl-90">
         <path>C:\ti\ccsv6\tools\compiler\ti-cgt-msp430_15.12.1.LTS\lib\</path>
         <kind>archive</kind>
         <file>rts430x_lc_ld_eabi.lib</file>
         <name>boot.obj</name>
      </input_file>
      <input_file id="fl-91">
         <path>C:\ti\ccsv6\tools\compiler\ti-cgt-msp430_15.12.1.LTS\lib\</path>
         <kind>archive</kind>
         <file>rts430x_lc_ld_eabi.lib</file>
         <name>args_main.obj</name>
      </input_file>
      <input_file id="fl-92">
         <path>C:\ti\ccsv6\tools\compiler\ti-cgt-msp430_15.12.1.LTS\lib\</path>
         <kind>archive</kind>
         <file>rts430x_lc_ld_eabi.lib</file>
         <name>autoinit_wdt.obj</name>
      </input_file>
      <input_file id="fl-93">
         <path>C:\ti\ccsv6\tools\compiler\ti-cgt-msp430_15.12.1.LTS\lib\</path>
         <kind>archive</kind>
         <file>rts430x_lc_ld_eabi.lib</file>
         <name>boot_special.obj</name>
      </input_file>
      <input_file id="fl-94">
         <path>C:\ti\ccsv6\ccs_base\msp430\lib\FR59xx\</path>
         <kind>archive</kind>
         <file>MSPMPU_INIT_LIB_CCS_msp430_large_code_large_data.lib</file>
         <name>mpu_init.o</name>
      </input_file>
      <input_file id="fl-95">
         <path>C:\ti\ccsv6\tools\compiler\ti-cgt-msp430_15.12.1.LTS\lib\</path>
         <kind>archive</kind>
         <file>rts430x_lc_ld_eabi.lib</file>
         <name>startup.obj</name>
      </input_file>
      <input_file id="fl-96">
         <path>C:\ti\ccsv6\tools\compiler\ti-cgt-msp430_15.12.1.LTS\lib\</path>
         <kind>archive</kind>
         <file>rts430x_lc_ld_eabi.lib</file>
         <name>exit.obj</name>
      </input_file>
      <input_file id="fl-97">
         <path>C:\ti\ccsv6\tools\compiler\ti-cgt-msp430_15.12.1.LTS\lib\</path>
         <kind>archive</kind>
         <file>rts430x_lc_ld_eabi.lib</file>
         <name>exit_gvars.obj</name>
      </input_file>
      <input_file id="fl-98">
         <path>C:\ti\ccsv6\tools\compiler\ti-cgt-msp430_15.12.1.LTS\lib\</path>
         <kind>archive</kind>
         <file>rts430x_lc_ld_eabi.lib</file>
         <name>_lock.obj</name>
      </input_file>
      <input_file id="fl-99">
         <path>C:\ti\ccsv6\tools\compiler\ti-cgt-msp430_15.12.1.LTS\lib\</path>
         <kind>archive</kind>
         <file>rts430x_lc_ld_eabi.lib</file>
         <name>cpy_tbl.obj</name>
      </input_file>
      <input_file id="fl-9a">
         <path>C:\ti\ccsv6\tools\compiler\ti-cgt-msp430_15.12.1.LTS\lib\</path>
         <kind>archive</kind>
         <file>rts430x_lc_ld_eabi.lib</file>
         <name>memcpy.obj</name>
      </input_file>
      <input_file id="fl-9b">
         <path>C:\ti\ccsv6\tools\compiler\ti-cgt-msp430_15.12.1.LTS\lib\</path>
         <kind>archive</kind>
         <file>rts430x_lc_ld_eabi.lib</file>
         <name>strcat.obj</name>
      </input_file>
      <input_file id="fl-9c">
         <path>C:\ti\ccsv6\tools\compiler\ti-cgt-msp430_15.12.1.LTS\lib\</path>
         <kind>archive</kind>
         <file>rts430x_lc_ld_eabi.lib</file>
         <name>strcpy.obj</name>
      </input_file>
   </input_file_list>
   <object_component_list>
      <object_component id="oc-815">
         <name>.TI.persistent:fram_data</name>
         <load_address>0x10000</load_address>
         <run_address>0x10000</run_address>
         <size>0x30d44</size>
         <input_file_ref idref="fl-6"/>
      </object_component>
      <object_component id="oc-7b4">
         <name>.TI.noinit</name>
         <uninitialized>true</uninitialized>
         <run_address>0x40d44</run_address>
         <size>0x2</size>
         <input_file_ref idref="fl-6"/>
      </object_component>
      <object_component id="oc-c61">
         <name>.cinit..data.load</name>
         <load_address>0x85de</load_address>
         <run_address>0x85de</run_address>
         <size>0x36</size>
      </object_component>
      <object_component id="oc-c60">
         <name>.cinit..bss.load</name>
         <load_address>0x8614</load_address>
         <run_address>0x8614</run_address>
         <size>0xb</size>
      </object_component>
      <object_component id="oc-c5e">
         <name>__TI_handler_table</name>
         <load_address>0x8620</load_address>
         <run_address>0x8620</run_address>
         <size>0x8</size>
      </object_component>
      <object_component id="oc-c5f">
         <name>__TI_cinit_table</name>
         <load_address>0x8628</load_address>
         <run_address>0x8628</run_address>
         <size>0x10</size>
      </object_component>
      <object_component id="oc-6f4">
         <name>.text:_isr:USCI_A1_ISR</name>
         <load_address>0x84b8</load_address>
         <run_address>0x84b8</run_address>
         <size>0x32</size>
         <input_file_ref idref="fl-4"/>
      </object_component>
      <object_component id="oc-d9">
         <name>.text:_isr:_c_int00_noargs_noexit_mpu</name>
         <load_address>0x84ea</load_address>
         <run_address>0x84ea</run_address>
         <size>0x1e</size>
         <input_file_ref idref="fl-93"/>
      </object_component>
      <object_component id="oc-6fa">
         <name>.text:_isr:ADC12_ISR</name>
         <load_address>0x8508</load_address>
         <run_address>0x8508</run_address>
         <size>0x12</size>
         <input_file_ref idref="fl-3"/>
      </object_component>
      <object_component id="oc-6ef">
         <name>.text:_isr:__TI_ISR_TRAP</name>
         <load_address>0x851a</load_address>
         <run_address>0x851a</run_address>
         <size>0x8</size>
         <input_file_ref idref="fl-51"/>
      </object_component>
      <object_component id="oc-8ce">
         <name>.const:.string</name>
         <load_address>0x8522</load_address>
         <run_address>0x8522</run_address>
         <size>0x62</size>
         <input_file_ref idref="fl-2"/>
      </object_component>
      <object_component id="oc-85a">
         <name>.const:GPIO_PORT_TO_BASE</name>
         <load_address>0x8584</load_address>
         <run_address>0x8584</run_address>
         <size>0x1c</size>
         <input_file_ref idref="fl-18"/>
      </object_component>
      <object_component id="oc-7e4">
         <name>.const</name>
         <load_address>0x85a0</load_address>
         <run_address>0x85a0</run_address>
         <size>0x14</size>
         <input_file_ref idref="fl-6"/>
      </object_component>
      <object_component id="oc-a84">
         <name>.const:$P$T0$1</name>
         <load_address>0x85b4</load_address>
         <run_address>0x85b4</run_address>
         <size>0x12</size>
         <input_file_ref idref="fl-9"/>
      </object_component>
      <object_component id="oc-bb3">
         <name>.const:.string</name>
         <load_address>0x85c6</load_address>
         <run_address>0x85c6</run_address>
         <size>0x10</size>
         <input_file_ref idref="fl-7"/>
      </object_component>
      <object_component id="oc-a9f">
         <name>.const:$P$T1$2</name>
         <load_address>0x85d6</load_address>
         <run_address>0x85d6</run_address>
         <size>0x8</size>
         <input_file_ref idref="fl-9"/>
      </object_component>
      <object_component id="oc-9fe">
         <name>.text:chk_mounted</name>
         <load_address>0x4000</load_address>
         <run_address>0x4000</run_address>
         <size>0x4ae</size>
         <input_file_ref idref="fl-7"/>
      </object_component>
      <object_component id="oc-727">
         <name>.text:main</name>
         <load_address>0x44ae</load_address>
         <run_address>0x44ae</run_address>
         <size>0x34c</size>
         <input_file_ref idref="fl-6"/>
      </object_component>
      <object_component id="oc-a67">
         <name>.text:__TI_frcmpyd</name>
         <load_address>0x47fa</load_address>
         <run_address>0x47fa</run_address>
         <size>0x2e4</size>
         <input_file_ref idref="fl-81"/>
      </object_component>
      <object_component id="oc-93d">
         <name>.text:__mspabi_addd</name>
         <load_address>0x4ade</load_address>
         <run_address>0x4ade</run_address>
         <size>0x2d8</size>
         <input_file_ref idref="fl-75"/>
      </object_component>
      <object_component id="oc-9f3">
         <name>.text:f_write</name>
         <load_address>0x4db6</load_address>
         <run_address>0x4db6</run_address>
         <size>0x2a2</size>
         <input_file_ref idref="fl-7"/>
      </object_component>
      <object_component id="oc-931">
         <name>.text:__mspabi_mpyd</name>
         <load_address>0x5058</load_address>
         <run_address>0x5058</run_address>
         <size>0x282</size>
         <input_file_ref idref="fl-80"/>
      </object_component>
      <object_component id="oc-a70">
         <name>.text:__TI_frcaddd</name>
         <load_address>0x52da</load_address>
         <run_address>0x52da</run_address>
         <size>0x252</size>
         <input_file_ref idref="fl-76"/>
      </object_component>
      <object_component id="oc-8ed">
         <name>.text:f_lseek</name>
         <load_address>0x552c</load_address>
         <run_address>0x552c</run_address>
         <size>0x250</size>
         <input_file_ref idref="fl-7"/>
      </object_component>
      <object_component id="oc-8e7">
         <name>.text:f_open</name>
         <load_address>0x577c</load_address>
         <run_address>0x577c</run_address>
         <size>0x21e</size>
         <input_file_ref idref="fl-7"/>
      </object_component>
      <object_component id="oc-af4">
         <name>.text:disk_initialize</name>
         <load_address>0x599a</load_address>
         <run_address>0x599a</run_address>
         <size>0x1b2</size>
         <input_file_ref idref="fl-8"/>
      </object_component>
      <object_component id="oc-b1c">
         <name>.text:create_name</name>
         <load_address>0x5b4c</load_address>
         <run_address>0x5b4c</run_address>
         <size>0x18a</size>
         <input_file_ref idref="fl-7"/>
      </object_component>
      <object_component id="oc-b2f">
         <name>.text:dir_next</name>
         <load_address>0x5cd6</load_address>
         <run_address>0x5cd6</run_address>
         <size>0x17c</size>
         <input_file_ref idref="fl-7"/>
      </object_component>
      <object_component id="oc-b3d">
         <name>.text:put_fat</name>
         <load_address>0x5e52</load_address>
         <run_address>0x5e52</run_address>
         <size>0x178</size>
         <input_file_ref idref="fl-7"/>
      </object_component>
      <object_component id="oc-89d">
         <name>.text:CS_setDCOFreq</name>
         <load_address>0x5fca</load_address>
         <run_address>0x5fca</run_address>
         <size>0x140</size>
         <input_file_ref idref="fl-f"/>
      </object_component>
      <object_component id="oc-842">
         <name>.text:SDCardNewFile</name>
         <load_address>0x610a</load_address>
         <run_address>0x610a</run_address>
         <size>0x13e</size>
         <input_file_ref idref="fl-2"/>
      </object_component>
      <object_component id="oc-7b7">
         <name>.text:storeTimeStampSDCard</name>
         <load_address>0x6248</load_address>
         <run_address>0x6248</run_address>
         <size>0x13e</size>
         <input_file_ref idref="fl-2"/>
      </object_component>
      <object_component id="oc-a3a">
         <name>.text:get_fat</name>
         <load_address>0x6386</load_address>
         <run_address>0x6386</run_address>
         <size>0x136</size>
         <input_file_ref idref="fl-7"/>
      </object_component>
      <object_component id="oc-a34">
         <name>.text:create_chain</name>
         <load_address>0x64bc</load_address>
         <run_address>0x64bc</run_address>
         <size>0x120</size>
         <input_file_ref idref="fl-7"/>
      </object_component>
      <object_component id="oc-b28">
         <name>.text:dir_sdi</name>
         <load_address>0x65dc</load_address>
         <run_address>0x65dc</run_address>
         <size>0xfe</size>
         <input_file_ref idref="fl-7"/>
      </object_component>
      <object_component id="oc-bc6">
         <name>.text:disk_ioctl</name>
         <load_address>0x66da</load_address>
         <run_address>0x66da</run_address>
         <size>0xf4</size>
         <input_file_ref idref="fl-8"/>
      </object_component>
      <object_component id="oc-b4f">
         <name>.text:sync</name>
         <load_address>0x67ce</load_address>
         <run_address>0x67ce</run_address>
         <size>0xec</size>
         <input_file_ref idref="fl-7"/>
      </object_component>
      <object_component id="oc-830">
         <name>.text:itoa</name>
         <load_address>0x68ba</load_address>
         <run_address>0x68ba</run_address>
         <size>0xc2</size>
         <input_file_ref idref="fl-2"/>
      </object_component>
      <object_component id="oc-a1c">
         <name>.text:move_window</name>
         <load_address>0x697c</load_address>
         <run_address>0x697c</run_address>
         <size>0xbe</size>
         <input_file_ref idref="fl-7"/>
      </object_component>
      <object_component id="oc-aff">
         <name>.text:disk_write</name>
         <load_address>0x6a3a</load_address>
         <run_address>0x6a3a</run_address>
         <size>0xbc</size>
         <input_file_ref idref="fl-8"/>
      </object_component>
      <object_component id="oc-a04">
         <name>.text:follow_path</name>
         <load_address>0x6af6</load_address>
         <run_address>0x6af6</run_address>
         <size>0xb4</size>
         <input_file_ref idref="fl-7"/>
      </object_component>
      <object_component id="oc-b68">
         <name>.text:__TI_renormd</name>
         <load_address>0x6baa</load_address>
         <run_address>0x6baa</run_address>
         <size>0xb2</size>
         <input_file_ref idref="fl-77"/>
      </object_component>
      <object_component id="oc-b8a">
         <name>.text:send_cmd</name>
         <load_address>0x6c5c</load_address>
         <run_address>0x6c5c</run_address>
         <size>0xb2</size>
         <input_file_ref idref="fl-8"/>
      </object_component>
      <object_component id="oc-70d">
         <name>.text:_auto_init_hold_wdt</name>
         <load_address>0x6d0e</load_address>
         <run_address>0x6d0e</run_address>
         <size>0xa8</size>
         <input_file_ref idref="fl-92"/>
      </object_component>
      <object_component id="oc-a53">
         <name>.text:f_sync</name>
         <load_address>0x6db6</load_address>
         <run_address>0x6db6</run_address>
         <size>0xa4</size>
         <input_file_ref idref="fl-7"/>
      </object_component>
      <object_component id="oc-ae5">
         <name>.text:validateCSD</name>
         <load_address>0x6e5a</load_address>
         <run_address>0x6e5a</run_address>
         <size>0xa2</size>
         <input_file_ref idref="fl-8"/>
      </object_component>
      <object_component id="oc-92a">
         <name>.text:__mspabi_fltlid</name>
         <load_address>0x6efc</load_address>
         <run_address>0x6efc</run_address>
         <size>0x9e</size>
         <input_file_ref idref="fl-7f"/>
      </object_component>
      <object_component id="oc-9a0">
         <name>.text:SDCard_init</name>
         <load_address>0x6f9a</load_address>
         <run_address>0x6f9a</run_address>
         <size>0x9c</size>
         <input_file_ref idref="fl-9"/>
      </object_component>
      <object_component id="oc-a16">
         <name>.text:remove_chain</name>
         <load_address>0x7036</load_address>
         <run_address>0x7036</run_address>
         <size>0x9c</size>
         <input_file_ref idref="fl-7"/>
      </object_component>
      <object_component id="oc-80a">
         <name>.text:RTC_C_getCalendarTime</name>
         <load_address>0x70d2</load_address>
         <run_address>0x70d2</run_address>
         <size>0x98</size>
         <input_file_ref idref="fl-20"/>
      </object_component>
      <object_component id="oc-b12">
         <name>.text:disk_read</name>
         <load_address>0x716a</load_address>
         <run_address>0x716a</run_address>
         <size>0x94</size>
         <input_file_ref idref="fl-8"/>
      </object_component>
      <object_component id="oc-b0c">
         <name>.text:check_fs</name>
         <load_address>0x71fe</load_address>
         <run_address>0x71fe</run_address>
         <size>0x90</size>
         <input_file_ref idref="fl-7"/>
      </object_component>
      <object_component id="oc-7f3">
         <name>.text:EMA</name>
         <load_address>0x728e</load_address>
         <run_address>0x728e</run_address>
         <size>0x86</size>
         <input_file_ref idref="fl-4"/>
      </object_component>
      <object_component id="oc-907">
         <name>.text:RTC_C_initCalendar</name>
         <load_address>0x7314</load_address>
         <run_address>0x7314</run_address>
         <size>0x86</size>
         <input_file_ref idref="fl-20"/>
      </object_component>
      <object_component id="oc-a0a">
         <name>.text:dir_register</name>
         <load_address>0x739a</load_address>
         <run_address>0x739a</run_address>
         <size>0x84</size>
         <input_file_ref idref="fl-7"/>
      </object_component>
      <object_component id="oc-890">
         <name>.text:GPIO_setAsPeripheralModuleFunctionInputPin</name>
         <load_address>0x741e</load_address>
         <run_address>0x741e</run_address>
         <size>0x72</size>
         <input_file_ref idref="fl-18"/>
      </object_component>
      <object_component id="oc-77c">
         <name>.text:copy_in</name>
         <load_address>0x7490</load_address>
         <run_address>0x7490</run_address>
         <size>0x72</size>
         <input_file_ref idref="fl-99"/>
      </object_component>
      <object_component id="oc-a10">
         <name>.text:get_fattime</name>
         <load_address>0x7502</load_address>
         <run_address>0x7502</run_address>
         <size>0x72</size>
         <input_file_ref idref="fl-8"/>
      </object_component>
      <object_component id="oc-b90">
         <name>.text:rcvr_datablock</name>
         <load_address>0x7574</load_address>
         <run_address>0x7574</run_address>
         <size>0x70</size>
         <input_file_ref idref="fl-8"/>
      </object_component>
      <object_component id="oc-8a9">
         <name>.text:CS_initClockSignal</name>
         <load_address>0x75e4</load_address>
         <run_address>0x75e4</run_address>
         <size>0x6a</size>
         <input_file_ref idref="fl-f"/>
      </object_component>
      <object_component id="oc-6e2">
         <name>.text:__TI_decompress_rle_core</name>
         <load_address>0x764e</load_address>
         <run_address>0x764e</run_address>
         <size>0x68</size>
         <input_file_ref idref="fl-4f"/>
      </object_component>
      <object_component id="oc-944">
         <name>.text:__mspabi_fixdli</name>
         <load_address>0x76b6</load_address>
         <run_address>0x76b6</run_address>
         <size>0x66</size>
         <input_file_ref idref="fl-7d"/>
      </object_component>
      <object_component id="oc-9ac">
         <name>.text:SDCard_readFrame</name>
         <load_address>0x771c</load_address>
         <run_address>0x771c</run_address>
         <size>0x62</size>
         <input_file_ref idref="fl-9"/>
      </object_component>
      <object_component id="oc-7e7">
         <name>.text:read_IMU_SPI</name>
         <load_address>0x777e</load_address>
         <run_address>0x777e</run_address>
         <size>0x62</size>
         <input_file_ref idref="fl-4"/>
      </object_component>
      <object_component id="oc-836">
         <name>.text:writeDataSameLine_4</name>
         <load_address>0x77e0</load_address>
         <run_address>0x77e0</run_address>
         <size>0x62</size>
         <input_file_ref idref="fl-2"/>
      </object_component>
      <object_component id="oc-7de">
         <name>.text:setup_IMU_SPI</name>
         <load_address>0x7842</load_address>
         <run_address>0x7842</run_address>
         <size>0x5e</size>
         <input_file_ref idref="fl-4"/>
      </object_component>
      <object_component id="oc-a87">
         <name>.text:EUSCI_A_SPI_initMaster</name>
         <load_address>0x78a0</load_address>
         <run_address>0x78a0</run_address>
         <size>0x5c</size>
         <input_file_ref idref="fl-12"/>
      </object_component>
      <object_component id="oc-b22">
         <name>.text:dir_find</name>
         <load_address>0x78fc</load_address>
         <run_address>0x78fc</run_address>
         <size>0x5a</size>
         <input_file_ref idref="fl-7"/>
      </object_component>
      <object_component id="oc-a2f">
         <name>.text</name>
         <load_address>0x7956</load_address>
         <run_address>0x7956</run_address>
         <size>0x58</size>
         <input_file_ref idref="fl-7b"/>
      </object_component>
      <object_component id="oc-ba7">
         <name>.text:xmit_datablock</name>
         <load_address>0x79ae</load_address>
         <run_address>0x79ae</run_address>
         <size>0x58</size>
         <input_file_ref idref="fl-8"/>
      </object_component>
      <object_component id="oc-be7">
         <name>.text:wait_ready</name>
         <load_address>0x7a06</load_address>
         <run_address>0x7a06</run_address>
         <size>0x54</size>
         <input_file_ref idref="fl-8"/>
      </object_component>
      <object_component id="oc-7bd">
         <name>.text:Init_RTC</name>
         <load_address>0x7a5a</load_address>
         <run_address>0x7a5a</run_address>
         <size>0x52</size>
         <input_file_ref idref="fl-6"/>
      </object_component>
      <object_component id="oc-9b2">
         <name>.text:SDCard_sendFrame</name>
         <load_address>0x7aac</load_address>
         <run_address>0x7aac</run_address>
         <size>0x4e</size>
         <input_file_ref idref="fl-9"/>
      </object_component>
      <object_component id="oc-ac6">
         <name>.text:GPIO_setAsInputPinWithPullUpResistor</name>
         <load_address>0x7afa</load_address>
         <run_address>0x7afa</run_address>
         <size>0x4a</size>
         <input_file_ref idref="fl-18"/>
      </object_component>
      <object_component id="oc-9a6">
         <name>.text:SDCard_fastMode</name>
         <load_address>0x7b44</load_address>
         <run_address>0x7b44</run_address>
         <size>0x46</size>
         <input_file_ref idref="fl-9"/>
      </object_component>
      <object_component id="oc-7c9">
         <name>.text:setupADC</name>
         <load_address>0x7b8a</load_address>
         <run_address>0x7b8a</run_address>
         <size>0x46</size>
         <input_file_ref idref="fl-3"/>
      </object_component>
      <object_component id="oc-7ae">
         <name>.text:Init_Clock</name>
         <load_address>0x7bd0</load_address>
         <run_address>0x7bd0</run_address>
         <size>0x44</size>
         <input_file_ref idref="fl-6"/>
      </object_component>
      <object_component id="oc-9e6">
         <name>.text:detectCard</name>
         <load_address>0x7c14</load_address>
         <run_address>0x7c14</run_address>
         <size>0x40</size>
         <input_file_ref idref="fl-8"/>
      </object_component>
      <object_component id="oc-a4c">
         <name>.text:f_putc</name>
         <load_address>0x7c54</load_address>
         <run_address>0x7c54</run_address>
         <size>0x40</size>
         <input_file_ref idref="fl-7"/>
      </object_component>
      <object_component id="oc-913">
         <name>.text:RTC_C_clearInterrupt</name>
         <load_address>0x7c94</load_address>
         <run_address>0x7c94</run_address>
         <size>0x3e</size>
         <input_file_ref idref="fl-20"/>
      </object_component>
      <object_component id="oc-a40">
         <name>.text:clust2sect</name>
         <load_address>0x7cd2</load_address>
         <run_address>0x7cd2</run_address>
         <size>0x3e</size>
         <input_file_ref idref="fl-7"/>
      </object_component>
      <object_component id="oc-782">
         <name>.text:l_asr_const</name>
         <load_address>0x7d10</load_address>
         <run_address>0x7d10</run_address>
         <size>0x3e</size>
         <input_file_ref idref="fl-8c"/>
      </object_component>
      <object_component id="oc-a22">
         <name>.text:l_lsl_const</name>
         <load_address>0x7d4e</load_address>
         <run_address>0x7d4e</run_address>
         <size>0x3e</size>
         <input_file_ref idref="fl-8a"/>
      </object_component>
      <object_component id="oc-a46">
         <name>.text:l_lsr_const</name>
         <load_address>0x7d8c</load_address>
         <run_address>0x7d8c</run_address>
         <size>0x3e</size>
         <input_file_ref idref="fl-8d"/>
      </object_component>
      <object_component id="oc-7c3">
         <name>.text:setupMotor</name>
         <load_address>0x7dca</load_address>
         <run_address>0x7dca</run_address>
         <size>0x3e</size>
         <input_file_ref idref="fl-5"/>
      </object_component>
      <object_component id="oc-8db">
         <name>.text:SDCardLib_writeFile</name>
         <load_address>0x7e08</load_address>
         <run_address>0x7e08</run_address>
         <size>0x3c</size>
         <input_file_ref idref="fl-27"/>
      </object_component>
      <object_component id="oc-8af">
         <name>.text:CS_turnOnLFXT</name>
         <load_address>0x7e44</load_address>
         <run_address>0x7e44</run_address>
         <size>0x3a</size>
         <input_file_ref idref="fl-f"/>
      </object_component>
      <object_component id="oc-770">
         <name>.text:GPIO_setAsOutputPin</name>
         <load_address>0x7e7e</load_address>
         <run_address>0x7e7e</run_address>
         <size>0x34</size>
         <input_file_ref idref="fl-18"/>
      </object_component>
      <object_component id="oc-7a8">
         <name>.text:Init_GPIO</name>
         <load_address>0x7eb2</load_address>
         <run_address>0x7eb2</run_address>
         <size>0x34</size>
         <input_file_ref idref="fl-6"/>
      </object_component>
      <object_component id="oc-82a">
         <name>.text:SDFindOpenNewFile</name>
         <load_address>0x7ee6</load_address>
         <run_address>0x7ee6</run_address>
         <size>0x34</size>
         <input_file_ref idref="fl-2"/>
      </object_component>
      <object_component id="oc-9d8">
         <name>.text:f_mount</name>
         <load_address>0x7f1a</load_address>
         <run_address>0x7f1a</run_address>
         <size>0x34</size>
         <input_file_ref idref="fl-7"/>
      </object_component>
      <object_component id="oc-937">
         <name>.text:__mspabi_subd</name>
         <load_address>0x7f4e</load_address>
         <run_address>0x7f4e</run_address>
         <size>0x32</size>
         <input_file_ref idref="fl-8f"/>
      </object_component>
      <object_component id="oc-aa2">
         <name>.text:EUSCI_A_SPI_changeMasterClock</name>
         <load_address>0x7f80</load_address>
         <run_address>0x7f80</run_address>
         <size>0x2e</size>
         <input_file_ref idref="fl-12"/>
      </object_component>
      <object_component id="oc-8f3">
         <name>.text:f_puts</name>
         <load_address>0x7fae</load_address>
         <run_address>0x7fae</run_address>
         <size>0x2c</size>
         <input_file_ref idref="fl-7"/>
      </object_component>
      <object_component id="oc-a29">
         <name>.text:validate</name>
         <load_address>0x7fda</load_address>
         <run_address>0x7fda</run_address>
         <size>0x2c</size>
         <input_file_ref idref="fl-7"/>
      </object_component>
      <object_component id="oc-83c">
         <name>.text:SDCloseSPI</name>
         <load_address>0x8006</load_address>
         <run_address>0x8006</run_address>
         <size>0x2a</size>
         <input_file_ref idref="fl-2"/>
      </object_component>
      <object_component id="oc-6d5">
         <name>.text:memcpy</name>
         <load_address>0x8030</load_address>
         <run_address>0x8030</run_address>
         <size>0x2a</size>
         <input_file_ref idref="fl-9a"/>
      </object_component>
      <object_component id="oc-90d">
         <name>.text:RTC_C_setCalendarEvent</name>
         <load_address>0x805a</load_address>
         <run_address>0x805a</run_address>
         <size>0x28</size>
         <input_file_ref idref="fl-20"/>
      </object_component>
      <object_component id="oc-720">
         <name>.text:__mpu_init</name>
         <load_address>0x8082</load_address>
         <run_address>0x8082</run_address>
         <size>0x28</size>
         <input_file_ref idref="fl-94"/>
      </object_component>
      <object_component id="oc-7f9">
         <name>.text:__mspabi_fixdi</name>
         <load_address>0x80aa</load_address>
         <run_address>0x80aa</run_address>
         <size>0x28</size>
         <input_file_ref idref="fl-7c"/>
      </object_component>
      <object_component id="oc-81e">
         <name>.text:motorRampDown</name>
         <load_address>0x80d2</load_address>
         <run_address>0x80d2</run_address>
         <size>0x26</size>
         <input_file_ref idref="fl-5"/>
      </object_component>
      <object_component id="oc-9c4">
         <name>.text:SDCard_detectCard</name>
         <load_address>0x80f8</load_address>
         <run_address>0x80f8</run_address>
         <size>0x24</size>
         <input_file_ref idref="fl-9"/>
      </object_component>
      <object_component id="oc-707">
         <name>.text:_system_pre_init</name>
         <load_address>0x811c</load_address>
         <run_address>0x811c</run_address>
         <size>0x24</size>
         <input_file_ref idref="fl-6"/>
      </object_component>
      <object_component id="oc-810">
         <name>.text</name>
         <load_address>0x8140</load_address>
         <run_address>0x8140</run_address>
         <size>0x24</size>
         <input_file_ref idref="fl-85"/>
      </object_component>
      <object_component id="oc-8c5">
         <name>.text:SDCardLib_detectCard</name>
         <load_address>0x8164</load_address>
         <run_address>0x8164</run_address>
         <size>0x22</size>
         <input_file_ref idref="fl-27"/>
      </object_component>
      <object_component id="oc-7ff">
         <name>.text:readADC</name>
         <load_address>0x8186</load_address>
         <run_address>0x8186</run_address>
         <size>0x22</size>
         <input_file_ref idref="fl-3"/>
      </object_component>
      <object_component id="oc-aee">
         <name>.text:disk_status</name>
         <load_address>0x81a8</load_address>
         <run_address>0x81a8</run_address>
         <size>0x20</size>
         <input_file_ref idref="fl-8"/>
      </object_component>
      <object_component id="oc-bd7">
         <name>.text:select</name>
         <load_address>0x81c8</load_address>
         <run_address>0x81c8</run_address>
         <size>0x20</size>
         <input_file_ref idref="fl-8"/>
      </object_component>
      <object_component id="oc-919">
         <name>.text:RTC_C_startClock</name>
         <load_address>0x81e8</load_address>
         <run_address>0x81e8</run_address>
         <size>0x1e</size>
         <input_file_ref idref="fl-20"/>
      </object_component>
      <object_component id="oc-8d5">
         <name>.text:strcat</name>
         <load_address>0x8206</load_address>
         <run_address>0x8206</run_address>
         <size>0x1e</size>
         <input_file_ref idref="fl-9b"/>
      </object_component>
      <object_component id="oc-acc">
         <name>.text:GPIO_getInputPinValue</name>
         <load_address>0x8224</load_address>
         <run_address>0x8224</run_address>
         <size>0x1c</size>
         <input_file_ref idref="fl-18"/>
      </object_component>
      <object_component id="oc-76a">
         <name>.text:GPIO_setOutputHighOnPin</name>
         <load_address>0x8240</load_address>
         <run_address>0x8240</run_address>
         <size>0x1c</size>
         <input_file_ref idref="fl-18"/>
      </object_component>
      <object_component id="oc-88a">
         <name>.text:GPIO_setOutputLowOnPin</name>
         <load_address>0x825c</load_address>
         <run_address>0x825c</run_address>
         <size>0x1c</size>
         <input_file_ref idref="fl-18"/>
      </object_component>
      <object_component id="oc-818">
         <name>.text:GPIO_toggleOutputOnPin</name>
         <load_address>0x8278</load_address>
         <run_address>0x8278</run_address>
         <size>0x1c</size>
         <input_file_ref idref="fl-18"/>
      </object_component>
      <object_component id="oc-8bf">
         <name>.text:SDCardLib_init</name>
         <load_address>0x8294</load_address>
         <run_address>0x8294</run_address>
         <size>0x1a</size>
         <input_file_ref idref="fl-27"/>
      </object_component>
      <object_component id="oc-ba0">
         <name>.text:deselect</name>
         <load_address>0x82ae</load_address>
         <run_address>0x82ae</run_address>
         <size>0x1a</size>
         <input_file_ref idref="fl-8"/>
      </object_component>
      <object_component id="oc-7cf">
         <name>.text:motorSpeed</name>
         <load_address>0x82c8</load_address>
         <run_address>0x82c8</run_address>
         <size>0x1a</size>
         <input_file_ref idref="fl-5"/>
      </object_component>
      <object_component id="oc-9d0">
         <name>.text:SDCard_setRTCTime</name>
         <load_address>0x82e2</load_address>
         <run_address>0x82e2</run_address>
         <size>0x16</size>
         <input_file_ref idref="fl-9"/>
      </object_component>
      <object_component id="oc-764">
         <name>.text:WDT_A_hold</name>
         <load_address>0x82f8</load_address>
         <run_address>0x82f8</run_address>
         <size>0x16</size>
         <input_file_ref idref="fl-26"/>
      </object_component>
      <object_component id="oc-bb4">
         <name>.text:chk_chr</name>
         <load_address>0x830e</load_address>
         <run_address>0x830e</run_address>
         <size>0x16</size>
         <input_file_ref idref="fl-7"/>
      </object_component>
      <object_component id="oc-84">
         <name>.text:decompress:none:__TI_decompress_none</name>
         <load_address>0x8324</load_address>
         <run_address>0x8324</run_address>
         <size>0x16</size>
         <input_file_ref idref="fl-4e"/>
      </object_component>
      <object_component id="oc-8f9">
         <name>.text:f_close</name>
         <load_address>0x833a</load_address>
         <run_address>0x833a</run_address>
         <size>0x16</size>
         <input_file_ref idref="fl-7"/>
      </object_component>
      <object_component id="oc-976">
         <name>.text</name>
         <load_address>0x8350</load_address>
         <run_address>0x8350</run_address>
         <size>0x16</size>
         <input_file_ref idref="fl-7a"/>
      </object_component>
      <object_component id="oc-bbb">
         <name>.text:mem_cmp</name>
         <load_address>0x8366</load_address>
         <run_address>0x8366</run_address>
         <size>0x14</size>
         <input_file_ref idref="fl-7"/>
      </object_component>
      <object_component id="oc-8a3">
         <name>.text:CS_setExternalClockSource</name>
         <load_address>0x837a</load_address>
         <run_address>0x837a</run_address>
         <size>0x12</size>
         <input_file_ref idref="fl-f"/>
      </object_component>
      <object_component id="oc-b05">
         <name>.text:mem_cpy</name>
         <load_address>0x838c</load_address>
         <run_address>0x838c</run_address>
         <size>0x12</size>
         <input_file_ref idref="fl-7"/>
      </object_component>
      <object_component id="oc-b35">
         <name>.text:mem_set</name>
         <load_address>0x839e</load_address>
         <run_address>0x839e</run_address>
         <size>0x12</size>
         <input_file_ref idref="fl-7"/>
      </object_component>
      <object_component id="oc-8cf">
         <name>.text:strcpy</name>
         <load_address>0x83b0</load_address>
         <run_address>0x83b0</run_address>
         <size>0x12</size>
         <input_file_ref idref="fl-9c"/>
      </object_component>
      <object_component id="oc-b63">
         <name>.text:l_asr</name>
         <load_address>0x83c2</load_address>
         <run_address>0x83c2</run_address>
         <size>0x10</size>
         <input_file_ref idref="fl-8c"/>
      </object_component>
      <object_component id="oc-b5e">
         <name>.text:l_lsl</name>
         <load_address>0x83d2</load_address>
         <run_address>0x83d2</run_address>
         <size>0x10</size>
         <input_file_ref idref="fl-8a"/>
      </object_component>
      <object_component id="oc-a78">
         <name>.text:l_lsr</name>
         <load_address>0x83e2</load_address>
         <run_address>0x83e2</run_address>
         <size>0x10</size>
         <input_file_ref idref="fl-8d"/>
      </object_component>
      <object_component id="oc-a93">
         <name>.text:EUSCI_A_SPI_clearInterrupt</name>
         <load_address>0x83f2</load_address>
         <run_address>0x83f2</run_address>
         <size>0xe</size>
         <input_file_ref idref="fl-12"/>
      </object_component>
      <object_component id="oc-9b8">
         <name>.text:SDCard_setCSHigh</name>
         <load_address>0x8400</load_address>
         <run_address>0x8400</run_address>
         <size>0xe</size>
         <input_file_ref idref="fl-9"/>
      </object_component>
      <object_component id="oc-9be">
         <name>.text:SDCard_setCSLow</name>
         <load_address>0x840e</load_address>
         <run_address>0x840e</run_address>
         <size>0xe</size>
         <input_file_ref idref="fl-9"/>
      </object_component>
      <object_component id="oc-abd">
         <name>.text:EUSCI_A_SPI_isBusy</name>
         <load_address>0x841c</load_address>
         <run_address>0x841c</run_address>
         <size>0xc</size>
         <input_file_ref idref="fl-12"/>
      </object_component>
      <object_component id="oc-aaf">
         <name>.text:EUSCI_A_SPI_transmitData</name>
         <load_address>0x8428</load_address>
         <run_address>0x8428</run_address>
         <size>0xc</size>
         <input_file_ref idref="fl-12"/>
      </object_component>
      <object_component id="oc-7ed">
         <name>.text:__mspabi_fltid</name>
         <load_address>0x8434</load_address>
         <run_address>0x8434</run_address>
         <size>0xc</size>
         <input_file_ref idref="fl-7e"/>
      </object_component>
      <object_component id="oc-824">
         <name>.text:motorOFF</name>
         <load_address>0x8440</load_address>
         <run_address>0x8440</run_address>
         <size>0xc</size>
         <input_file_ref idref="fl-5"/>
      </object_component>
      <object_component id="oc-b9a">
         <name>.text:rcvr_mmc</name>
         <load_address>0x844c</load_address>
         <run_address>0x844c</run_address>
         <size>0xc</size>
         <input_file_ref idref="fl-8"/>
      </object_component>
      <object_component id="oc-bdd">
         <name>.text:xmit_mmc</name>
         <load_address>0x8458</load_address>
         <run_address>0x8458</run_address>
         <size>0xc</size>
         <input_file_ref idref="fl-8"/>
      </object_component>
      <object_component id="oc-aa9">
         <name>.text:EUSCI_A_SPI_getInterruptStatus</name>
         <load_address>0x8464</load_address>
         <run_address>0x8464</run_address>
         <size>0xa</size>
         <input_file_ref idref="fl-12"/>
      </object_component>
      <object_component id="oc-ab5">
         <name>.text:EUSCI_A_SPI_receiveData</name>
         <load_address>0x846e</load_address>
         <run_address>0x846e</run_address>
         <size>0xa</size>
         <input_file_ref idref="fl-12"/>
      </object_component>
      <object_component id="oc-8ff">
         <name>.text:SDCardLib_unInit</name>
         <load_address>0x8478</load_address>
         <run_address>0x8478</run_address>
         <size>0xa</size>
         <input_file_ref idref="fl-27"/>
      </object_component>
      <object_component id="oc-9ca">
         <name>.text:SDCard_getRTCTime</name>
         <load_address>0x8482</load_address>
         <run_address>0x8482</run_address>
         <size>0xa</size>
         <input_file_ref idref="fl-9"/>
      </object_component>
      <object_component id="oc-97d">
         <name>.text:EUSCI_A_SPI_disable</name>
         <load_address>0x848c</load_address>
         <run_address>0x848c</run_address>
         <size>0x6</size>
         <input_file_ref idref="fl-12"/>
      </object_component>
      <object_component id="oc-a8d">
         <name>.text:EUSCI_A_SPI_enable</name>
         <load_address>0x8492</load_address>
         <run_address>0x8492</run_address>
         <size>0x6</size>
         <input_file_ref idref="fl-12"/>
      </object_component>
      <object_component id="oc-896">
         <name>.text:PMM_unlockLPM5</name>
         <load_address>0x8498</load_address>
         <run_address>0x8498</run_address>
         <size>0x6</size>
         <input_file_ref idref="fl-1c"/>
      </object_component>
      <object_component id="oc-72f">
         <name>.text:abort</name>
         <load_address>0x849e</load_address>
         <run_address>0x849e</run_address>
         <size>0x6</size>
         <input_file_ref idref="fl-96"/>
      </object_component>
      <object_component id="oc-8a">
         <name>.text:decompress:rle24:__TI_decompress_rle24</name>
         <load_address>0x84a4</load_address>
         <run_address>0x84a4</run_address>
         <size>0x6</size>
         <input_file_ref idref="fl-4f"/>
      </object_component>
      <object_component id="oc-9de">
         <name>.text:disk_initCallBack</name>
         <load_address>0x84aa</load_address>
         <run_address>0x84aa</run_address>
         <size>0x6</size>
         <input_file_ref idref="fl-8"/>
      </object_component>
      <object_component id="oc-7d5">
         <name>.text:motorON</name>
         <load_address>0x84b0</load_address>
         <run_address>0x84b0</run_address>
         <size>0x6</size>
         <input_file_ref idref="fl-5"/>
      </object_component>
      <object_component id="oc-787">
         <name>.text:_system_post_cinit</name>
         <load_address>0x84b6</load_address>
         <run_address>0x84b6</run_address>
         <size>0x2</size>
         <input_file_ref idref="fl-95"/>
      </object_component>
      <object_component id="oc-8e4">
         <name>.bss:fil</name>
         <uninitialized>true</uninitialized>
         <run_address>0x1e32</run_address>
         <size>0x24</size>
         <input_file_ref idref="fl-2"/>
      </object_component>
      <object_component id="oc-8cb">
         <name>.bss:filename</name>
         <uninitialized>true</uninitialized>
         <run_address>0x1e56</run_address>
         <size>0x20</size>
         <input_file_ref idref="fl-2"/>
      </object_component>
      <object_component id="oc-8e1">
         <name>.bss</name>
         <uninitialized>true</uninitialized>
         <run_address>0x1e90</run_address>
         <size>0x2</size>
         <input_file_ref idref="fl-2"/>
      </object_component>
      <object_component id="oc-ad5">
         <name>.bss:FatFs</name>
         <uninitialized>true</uninitialized>
         <run_address>0x1e8c</run_address>
         <size>0x4</size>
         <input_file_ref idref="fl-7"/>
      </object_component>
      <object_component id="oc-b18">
         <name>.bss</name>
         <uninitialized>true</uninitialized>
         <run_address>0x1e92</run_address>
         <size>0x2</size>
         <input_file_ref idref="fl-7"/>
      </object_component>
      <object_component id="oc-ad9">
         <name>.bss</name>
         <uninitialized>true</uninitialized>
         <run_address>0x1e86</run_address>
         <size>0x5</size>
         <input_file_ref idref="fl-8"/>
      </object_component>
      <object_component id="oc-8bb">
         <name>.common:sdCardLib</name>
         <uninitialized>true</uninitialized>
         <run_address>0x1c00</run_address>
         <size>0x232</size>
      </object_component>
      <object_component id="oc-805">
         <name>.common:currTime</name>
         <uninitialized>true</uninitialized>
         <run_address>0x1e7e</run_address>
         <size>0x8</size>
      </object_component>
      <object_component id="oc-75e">
         <name>.common:adc_val</name>
         <uninitialized>true</uninitialized>
         <run_address>0x1e94</run_address>
         <size>0x2</size>
      </object_component>
      <object_component id="oc-754">
         <name>.common:TXData</name>
         <uninitialized>true</uninitialized>
         <run_address>0x1e8b</run_address>
         <size>0x1</size>
      </object_component>
      <object_component id="oc-906">
         <name>.common:calendar</name>
         <uninitialized>true</uninitialized>
         <run_address>0x1e76</run_address>
         <size>0x8</size>
      </object_component>
      <object_component id="oc-8b8">
         <name>.data</name>
         <load_address>0x1ed4</load_address>
         <run_address>0x1ed4</run_address>
         <size>0x3</size>
         <input_file_ref idref="fl-2"/>
      </object_component>
      <object_component id="oc-75b">
         <name>.data</name>
         <load_address>0x1ed8</load_address>
         <run_address>0x1ed8</run_address>
         <size>0x2</size>
         <input_file_ref idref="fl-3"/>
      </object_component>
      <object_component id="oc-757">
         <name>.data</name>
         <load_address>0x1ed0</load_address>
         <run_address>0x1ed0</run_address>
         <size>0x4</size>
         <input_file_ref idref="fl-4"/>
      </object_component>
      <object_component id="oc-7db">
         <name>.data</name>
         <load_address>0x1ebe</load_address>
         <run_address>0x1ebe</run_address>
         <size>0x9</size>
         <input_file_ref idref="fl-6"/>
      </object_component>
      <object_component id="oc-aeb">
         <name>.data</name>
         <load_address>0x1eda</load_address>
         <run_address>0x1eda</run_address>
         <size>0x2</size>
         <input_file_ref idref="fl-8"/>
      </object_component>
      <object_component id="oc-8bc">
         <name>.data:sdIntf_MSP430FR5994LP</name>
         <load_address>0x1e96</load_address>
         <run_address>0x1e96</run_address>
         <size>0x28</size>
         <input_file_ref idref="fl-9"/>
      </object_component>
      <object_component id="oc-998">
         <name>.data</name>
         <load_address>0x1ec8</load_address>
         <run_address>0x1ec8</run_address>
         <size>0x8</size>
         <input_file_ref idref="fl-f"/>
      </object_component>
      <object_component id="oc-6d1">
         <name>.stack</name>
         <uninitialized>true</uninitialized>
         <run_address>0x2b60</run_address>
         <size>0x4</size>
         <input_file_ref idref="fl-90"/>
      </object_component>
      <object_component id="oc-c62">
         <name>.stack</name>
         <uninitialized>true</uninitialized>
         <run_address>0x2b60</run_address>
         <size>0x0</size>
      </object_component>
      <object_component id="oc-90">
         <name>.int18</name>
         <load_address>0xffb4</load_address>
         <run_address>0xffb4</run_address>
         <size>0x2</size>
         <input_file_ref idref="fl-50"/>
      </object_component>
      <object_component id="oc-91">
         <name>.int19</name>
         <load_address>0xffb6</load_address>
         <run_address>0xffb6</run_address>
         <size>0x2</size>
         <input_file_ref idref="fl-52"/>
      </object_component>
      <object_component id="oc-92">
         <name>.int20</name>
         <load_address>0xffb8</load_address>
         <run_address>0xffb8</run_address>
         <size>0x2</size>
         <input_file_ref idref="fl-53"/>
      </object_component>
      <object_component id="oc-93">
         <name>.int21</name>
         <load_address>0xffba</load_address>
         <run_address>0xffba</run_address>
         <size>0x2</size>
         <input_file_ref idref="fl-54"/>
      </object_component>
      <object_component id="oc-94">
         <name>.int22</name>
         <load_address>0xffbc</load_address>
         <run_address>0xffbc</run_address>
         <size>0x2</size>
         <input_file_ref idref="fl-55"/>
      </object_component>
      <object_component id="oc-95">
         <name>.int23</name>
         <load_address>0xffbe</load_address>
         <run_address>0xffbe</run_address>
         <size>0x2</size>
         <input_file_ref idref="fl-56"/>
      </object_component>
      <object_component id="oc-96">
         <name>.int24</name>
         <load_address>0xffc0</load_address>
         <run_address>0xffc0</run_address>
         <size>0x2</size>
         <input_file_ref idref="fl-57"/>
      </object_component>
      <object_component id="oc-97">
         <name>.int25</name>
         <load_address>0xffc2</load_address>
         <run_address>0xffc2</run_address>
         <size>0x2</size>
         <input_file_ref idref="fl-58"/>
      </object_component>
      <object_component id="oc-98">
         <name>.int26</name>
         <load_address>0xffc4</load_address>
         <run_address>0xffc4</run_address>
         <size>0x2</size>
         <input_file_ref idref="fl-59"/>
      </object_component>
      <object_component id="oc-99">
         <name>.int27</name>
         <load_address>0xffc6</load_address>
         <run_address>0xffc6</run_address>
         <size>0x2</size>
         <input_file_ref idref="fl-5a"/>
      </object_component>
      <object_component id="oc-9a">
         <name>.int28</name>
         <load_address>0xffc8</load_address>
         <run_address>0xffc8</run_address>
         <size>0x2</size>
         <input_file_ref idref="fl-5b"/>
      </object_component>
      <object_component id="oc-9b">
         <name>.int29</name>
         <load_address>0xffca</load_address>
         <run_address>0xffca</run_address>
         <size>0x2</size>
         <input_file_ref idref="fl-5c"/>
      </object_component>
      <object_component id="oc-9c">
         <name>.int30</name>
         <load_address>0xffcc</load_address>
         <run_address>0xffcc</run_address>
         <size>0x2</size>
         <input_file_ref idref="fl-5d"/>
      </object_component>
      <object_component id="oc-9d">
         <name>.int31</name>
         <load_address>0xffce</load_address>
         <run_address>0xffce</run_address>
         <size>0x2</size>
         <input_file_ref idref="fl-5e"/>
      </object_component>
      <object_component id="oc-9e">
         <name>.int32</name>
         <load_address>0xffd0</load_address>
         <run_address>0xffd0</run_address>
         <size>0x2</size>
         <input_file_ref idref="fl-5f"/>
      </object_component>
      <object_component id="oc-9f">
         <name>.int33</name>
         <load_address>0xffd2</load_address>
         <run_address>0xffd2</run_address>
         <size>0x2</size>
         <input_file_ref idref="fl-60"/>
      </object_component>
      <object_component id="oc-a0">
         <name>.int34</name>
         <load_address>0xffd4</load_address>
         <run_address>0xffd4</run_address>
         <size>0x2</size>
         <input_file_ref idref="fl-61"/>
      </object_component>
      <object_component id="oc-a1">
         <name>.int35</name>
         <load_address>0xffd6</load_address>
         <run_address>0xffd6</run_address>
         <size>0x2</size>
         <input_file_ref idref="fl-62"/>
      </object_component>
      <object_component id="oc-a2">
         <name>.int36</name>
         <load_address>0xffd8</load_address>
         <run_address>0xffd8</run_address>
         <size>0x2</size>
         <input_file_ref idref="fl-63"/>
      </object_component>
      <object_component id="oc-a3">
         <name>.int37</name>
         <load_address>0xffda</load_address>
         <run_address>0xffda</run_address>
         <size>0x2</size>
         <input_file_ref idref="fl-64"/>
      </object_component>
      <object_component id="oc-a4">
         <name>.int38</name>
         <load_address>0xffdc</load_address>
         <run_address>0xffdc</run_address>
         <size>0x2</size>
         <input_file_ref idref="fl-65"/>
      </object_component>
      <object_component id="oc-a5">
         <name>.int39</name>
         <load_address>0xffde</load_address>
         <run_address>0xffde</run_address>
         <size>0x2</size>
         <input_file_ref idref="fl-66"/>
      </object_component>
      <object_component id="oc-a6">
         <name>.int40</name>
         <load_address>0xffe0</load_address>
         <run_address>0xffe0</run_address>
         <size>0x2</size>
         <input_file_ref idref="fl-67"/>
      </object_component>
      <object_component id="oc-a7">
         <name>.int41</name>
         <load_address>0xffe2</load_address>
         <run_address>0xffe2</run_address>
         <size>0x2</size>
         <input_file_ref idref="fl-68"/>
      </object_component>
      <object_component id="oc-a8">
         <name>.int42</name>
         <load_address>0xffe4</load_address>
         <run_address>0xffe4</run_address>
         <size>0x2</size>
         <input_file_ref idref="fl-69"/>
      </object_component>
      <object_component id="oc-a9">
         <name>.int43</name>
         <load_address>0xffe6</load_address>
         <run_address>0xffe6</run_address>
         <size>0x2</size>
         <input_file_ref idref="fl-4"/>
      </object_component>
      <object_component id="oc-aa">
         <name>.int44</name>
         <load_address>0xffe8</load_address>
         <run_address>0xffe8</run_address>
         <size>0x2</size>
         <input_file_ref idref="fl-6a"/>
      </object_component>
      <object_component id="oc-ab">
         <name>.int45</name>
         <load_address>0xffea</load_address>
         <run_address>0xffea</run_address>
         <size>0x2</size>
         <input_file_ref idref="fl-6b"/>
      </object_component>
      <object_component id="oc-ac">
         <name>.int46</name>
         <load_address>0xffec</load_address>
         <run_address>0xffec</run_address>
         <size>0x2</size>
         <input_file_ref idref="fl-3"/>
      </object_component>
      <object_component id="oc-ad">
         <name>.int47</name>
         <load_address>0xffee</load_address>
         <run_address>0xffee</run_address>
         <size>0x2</size>
         <input_file_ref idref="fl-6c"/>
      </object_component>
      <object_component id="oc-ae">
         <name>.int48</name>
         <load_address>0xfff0</load_address>
         <run_address>0xfff0</run_address>
         <size>0x2</size>
         <input_file_ref idref="fl-6d"/>
      </object_component>
      <object_component id="oc-af">
         <name>.int49</name>
         <load_address>0xfff2</load_address>
         <run_address>0xfff2</run_address>
         <size>0x2</size>
         <input_file_ref idref="fl-6e"/>
      </object_component>
      <object_component id="oc-b0">
         <name>.int50</name>
         <load_address>0xfff4</load_address>
         <run_address>0xfff4</run_address>
         <size>0x2</size>
         <input_file_ref idref="fl-6f"/>
      </object_component>
      <object_component id="oc-b1">
         <name>.int51</name>
         <load_address>0xfff6</load_address>
         <run_address>0xfff6</run_address>
         <size>0x2</size>
         <input_file_ref idref="fl-70"/>
      </object_component>
      <object_component id="oc-b2">
         <name>.int52</name>
         <load_address>0xfff8</load_address>
         <run_address>0xfff8</run_address>
         <size>0x2</size>
         <input_file_ref idref="fl-71"/>
      </object_component>
      <object_component id="oc-b3">
         <name>.int53</name>
         <load_address>0xfffa</load_address>
         <run_address>0xfffa</run_address>
         <size>0x2</size>
         <input_file_ref idref="fl-72"/>
      </object_component>
      <object_component id="oc-b4">
         <name>.int54</name>
         <load_address>0xfffc</load_address>
         <run_address>0xfffc</run_address>
         <size>0x2</size>
         <input_file_ref idref="fl-73"/>
      </object_component>
      <object_component id="oc-6d4">
         <name>.reset</name>
         <load_address>0xfffe</load_address>
         <run_address>0xfffe</run_address>
         <size>0x2</size>
         <input_file_ref idref="fl-90"/>
      </object_component>
      <object_component id="oc-806">
         <name>.debug_info</name>
         <load_address>0x0</load_address>
         <run_address>0x0</run_address>
[...]
      </symbol>
      <symbol id="sm-c5f">
         <name>RTC_C_startClock</name>
         <value>0x81e8</value>
         <object_component_ref idref="oc-919"/>
      </symbol>
      <symbol id="sm-c60">
         <name>RTC_C_getCalendarTime</name>
         <value>0x70d2</value>
         <object_component_ref idref="oc-80a"/>
      </symbol>
      <symbol id="sm-c61">
         <name>RTC_C_initCalendar</name>
         <value>0x7314</value>
         <object_component_ref idref="oc-907"/>
      </symbol>
      <symbol id="sm-c62">
         <name>RTC_C_setCalendarEvent</name>
         <value>0x805a</value>
         <object_component_ref idref="oc-90d"/>
      </symbol>
      <symbol id="sm-c63">
         <name>RTC_C_clearInterrupt</name>
         <value>0x7c94</value>
         <object_component_ref idref="oc-913"/>
      </symbol>
      <symbol id="sm-c71">
         <name>WDT_A_hold</name>
         <value>0x82f8</value>
         <object_component_ref idref="oc-764"/>
      </symbol>
      <symbol id="sm-c95">
         <name>SDCardLib_unInit</name>
         <value>0x8478</value>
         <object_component_ref idref="oc-8ff"/>
      </symbol>
      <symbol id="sm-c96">
         <name>SDCardLib_writeFile</name>
         <value>0x7e08</value>
         <object_component_ref idref="oc-8db"/>
      </symbol>
      <symbol id="sm-c97">
         <name>SDCardLib_init</name>
         <value>0x8294</value>
         <object_component_ref idref="oc-8bf"/>
      </symbol>
      <symbol id="sm-c98">
         <name>SDCardLib_detectCard</name>
         <value>0x8164</value>
         <object_component_ref idref="oc-8c5"/>
      </symbol>
      <symbol id="sm-cae">
         <name>__TI_decompress_none</name>
         <value>0x8324</value>
         <object_component_ref idref="oc-84"/>
      </symbol>
      <symbol id="sm-cd0">
         <name>__TI_decompress_rle24</name>
         <value>0x84a4</value>
         <object_component_ref idref="oc-8a"/>
      </symbol>
      <symbol id="sm-cd3">
         <name>__TI_int18</name>
         <value>0xffb4</value>
         <object_component_ref idref="oc-90"/>
      </symbol>
      <symbol id="sm-cdb">
         <name>__TI_ISR_TRAP</name>
         <value>0x851a</value>
         <object_component_ref idref="oc-6ef"/>
      </symbol>
      <symbol id="sm-cde">
         <name>__TI_int19</name>
         <value>0xffb6</value>
         <object_component_ref idref="oc-91"/>
      </symbol>
      <symbol id="sm-ce1">
         <name>__TI_int20</name>
         <value>0xffb8</value>
         <object_component_ref idref="oc-92"/>
      </symbol>
      <symbol id="sm-ce4">
         <name>__TI_int21</name>
         <value>0xffba</value>
         <object_component_ref idref="oc-93"/>
      </symbol>
      <symbol id="sm-ce7">
         <name>__TI_int22</name>
         <value>0xffbc</value>
         <object_component_ref idref="oc-94"/>
      </symbol>
      <symbol id="sm-cea">
         <name>__TI_int23</name>
         <value>0xffbe</value>
         <object_component_ref idref="oc-95"/>
      </symbol>
      <symbol id="sm-ced">
         <name>__TI_int24</name>
         <value>0xffc0</value>
         <object_component_ref idref="oc-96"/>
      </symbol>
      <symbol id="sm-cf0">
         <name>__TI_int25</name>
         <value>0xffc2</value>
         <object_component_ref idref="oc-97"/>
      </symbol>
      <symbol id="sm-cf3">
         <name>__TI_int26</name>
         <value>0xffc4</value>
         <object_component_ref idref="oc-98"/>
      </symbol>
      <symbol id="sm-cf6">
         <name>__TI_int27</name>
         <value>0xffc6</value>
         <object_component_ref idref="oc-99"/>
      </symbol>
      <symbol id="sm-cf9">
         <name>__TI_int28</name>
         <value>0xffc8</value>
         <object_component_ref idref="oc-9a"/>
      </symbol>
      <symbol id="sm-cfc">
         <name>__TI_int29</name>
         <value>0xffca</value>
         <object_component_ref idref="oc-9b"/>
      </symbol>
      <symbol id="sm-cff">
         <name>__TI_int30</name>
         <value>0xffcc</value>
         <object_component_ref idref="oc-9c"/>
      </symbol>
      <symbol id="sm-d02">
         <name>__TI_int31</name>
         <value>0xffce</value>
         <object_component_ref idref="oc-9d"/>
      </symbol>
      <symbol id="sm-d05">
         <name>__TI_int32</name>
         <value>0xffd0</value>
         <object_component_ref idref="oc-9e"/>
      </symbol>
      <symbol id="sm-d08">
         <name>__TI_int33</name>
         <value>0xffd2</value>
         <object_component_ref idref="oc-9f"/>
      </symbol>
      <symbol id="sm-d0b">
         <name>__TI_int34</name>
         <value>0xffd4</value>
         <object_component_ref idref="oc-a0"/>
      </symbol>
      <symbol id="sm-d0e">
         <name>__TI_int35</name>
         <value>0xffd6</value>
         <object_component_ref idref="oc-a1"/>
      </symbol>
      <symbol id="sm-d11">
         <name>__TI_int36</name>
         <value>0xffd8</value>
         <object_component_ref idref="oc-a2"/>
      </symbol>
      <symbol id="sm-d14">
         <name>__TI_int37</name>
         <value>0xffda</value>
         <object_component_ref idref="oc-a3"/>
      </symbol>
      <symbol id="sm-d17">
         <name>__TI_int38</name>
         <value>0xffdc</value>
         <object_component_ref idref="oc-a4"/>
      </symbol>
      <symbol id="sm-d1a">
         <name>__TI_int39</name>
         <value>0xffde</value>
         <object_component_ref idref="oc-a5"/>
      </symbol>
      <symbol id="sm-d1d">
         <name>__TI_int40</name>
         <value>0xffe0</value>
         <object_component_ref idref="oc-a6"/>
      </symbol>
      <symbol id="sm-d20">
         <name>__TI_int41</name>
         <value>0xffe2</value>
         <object_component_ref idref="oc-a7"/>
      </symbol>
      <symbol id="sm-d23">
         <name>__TI_int42</name>
         <value>0xffe4</value>
         <object_component_ref idref="oc-a8"/>
      </symbol>
      <symbol id="sm-d26">
         <name>__TI_int44</name>
         <value>0xffe8</value>
         <object_component_ref idref="oc-aa"/>
      </symbol>
      <symbol id="sm-d29">
         <name>__TI_int45</name>
         <value>0xffea</value>
         <object_component_ref idref="oc-ab"/>
      </symbol>
      <symbol id="sm-d2c">
         <name>__TI_int47</name>
         <value>0xffee</value>
         <object_component_ref idref="oc-ad"/>
      </symbol>
      <symbol id="sm-d2f">
         <name>__TI_int48</name>
         <value>0xfff0</value>
         <object_component_ref idref="oc-ae"/>
      </symbol>
      <symbol id="sm-d32">
         <name>__TI_int49</name>
         <value>0xfff2</value>
         <object_component_ref idref="oc-af"/>
      </symbol>
      <symbol id="sm-d35">
         <name>__TI_int50</name>
         <value>0xfff4</value>
         <object_component_ref idref="oc-b0"/>
      </symbol>
      <symbol id="sm-d38">
         <name>__TI_int51</name>
         <value>0xfff6</value>
         <object_component_ref idref="oc-b1"/>
      </symbol>
      <symbol id="sm-d3b">
         <name>__TI_int52</name>
         <value>0xfff8</value>
         <object_component_ref idref="oc-b2"/>
      </symbol>
      <symbol id="sm-d3e">
         <name>__TI_int53</name>
         <value>0xfffa</value>
         <object_component_ref idref="oc-b3"/>
      </symbol>
      <symbol id="sm-d41">
         <name>__TI_int54</name>
         <value>0xfffc</value>
         <object_component_ref idref="oc-b4"/>
      </symbol>
      <symbol id="sm-d69">
         <name>__mspabi_addd</name>
         <value>0x4ade</value>
         <object_component_ref idref="oc-93d"/>
      </symbol>
      <symbol id="sm-d8a">
         <name>__TI_frcaddd</name>
         <value>0x52da</value>
         <object_component_ref idref="oc-a70"/>
      </symbol>
      <symbol id="sm-d9e">
         <name>__TI_renormd</name>
         <value>0x6baa</value>
         <object_component_ref idref="oc-b68"/>
      </symbol>
      <symbol id="sm-daa">
         <name>__mspabi_remu</name>
         <value>0x8350</value>
         <object_component_ref idref="oc-976"/>
      </symbol>
      <symbol id="sm-dab">
         <name>__mspabi_divu</name>
         <value>0x8350</value>
         <object_component_ref idref="oc-976"/>
      </symbol>
      <symbol id="sm-db9">
         <name>__mspabi_remul</name>
         <value>0x7956</value>
         <object_component_ref idref="oc-a2f"/>
      </symbol>
      <symbol id="sm-dba">
         <name>__mspabi_divul</name>
         <value>0x7956</value>
         <object_component_ref idref="oc-a2f"/>
      </symbol>
      <symbol id="sm-dc7">
         <name>__mspabi_fixdi</name>
         <value>0x80aa</value>
         <object_component_ref idref="oc-7f9"/>
      </symbol>
      <symbol id="sm-dd6">
         <name>__mspabi_fixdli</name>
         <value>0x76b6</value>
         <object_component_ref idref="oc-944"/>
      </symbol>
      <symbol id="sm-ddf">
         <name>__mspabi_fltid</name>
         <value>0x8434</value>
         <object_component_ref idref="oc-7ed"/>
      </symbol>
      <symbol id="sm-df7">
         <name>__mspabi_fltlid</name>
         <value>0x6efc</value>
         <object_component_ref idref="oc-92a"/>
      </symbol>
      <symbol id="sm-e17">
         <name>__mspabi_mpyd</name>
         <value>0x5058</value>
         <object_component_ref idref="oc-931"/>
      </symbol>
      <symbol id="sm-e28">
         <name>__TI_frcmpyd</name>
         <value>0x47fa</value>
         <object_component_ref idref="oc-a67"/>
      </symbol>
      <symbol id="sm-e33">
         <name>__mspabi_mpyl_f5hw</name>
         <value>0x8140</value>
         <object_component_ref idref="oc-810"/>
      </symbol>
      <symbol id="sm-e47">
         <name>__mspabi_slll_9</name>
         <value>0x7d66</value>
         <object_component_ref idref="oc-a22"/>
      </symbol>
      <symbol id="sm-e48">
         <name>__mspabi_slll_8</name>
         <value>0x7d6a</value>
         <object_component_ref idref="oc-a22"/>
      </symbol>
      <symbol id="sm-e49">
         <name>__mspabi_slll_7</name>
         <value>0x7d6e</value>
         <object_component_ref idref="oc-a22"/>
      </symbol>
      <symbol id="sm-e4a">
         <name>__mspabi_slll_6</name>
         <value>0x7d72</value>
         <object_component_ref idref="oc-a22"/>
      </symbol>
      <symbol id="sm-e4b">
         <name>__mspabi_slll_5</name>
         <value>0x7d76</value>
         <object_component_ref idref="oc-a22"/>
      </symbol>
      <symbol id="sm-e4c">
         <name>__mspabi_slll_4</name>
         <value>0x7d7a</value>
         <object_component_ref idref="oc-a22"/>
      </symbol>
      <symbol id="sm-e4d">
         <name>__mspabi_slll_3</name>
         <value>0x7d7e</value>
         <object_component_ref idref="oc-a22"/>
      </symbol>
      <symbol id="sm-e4e">
         <name>__mspabi_slll_2</name>
         <value>0x7d82</value>
         <object_component_ref idref="oc-a22"/>
      </symbol>
      <symbol id="sm-e4f">
         <name>__mspabi_slll_1</name>
         <value>0x7d86</value>
         <object_component_ref idref="oc-a22"/>
      </symbol>
      <symbol id="sm-e50">
         <name>__mspabi_slll</name>
         <value>0x83d2</value>
         <object_component_ref idref="oc-b5e"/>
      </symbol>
      <symbol id="sm-e51">
         <name>__mspabi_slll_15</name>
         <value>0x7d4e</value>
         <object_component_ref idref="oc-a22"/>
      </symbol>
      <symbol id="sm-e52">
         <name>__mspabi_slll_14</name>
         <value>0x7d52</value>
         <object_component_ref idref="oc-a22"/>
      </symbol>
      <symbol id="sm-e53">
         <name>__mspabi_slll_13</name>
         <value>0x7d56</value>
         <object_component_ref idref="oc-a22"/>
      </symbol>
      <symbol id="sm-e54">
         <name>__mspabi_slll_12</name>
         <value>0x7d5a</value>
         <object_component_ref idref="oc-a22"/>
      </symbol>
      <symbol id="sm-e55">
         <name>__mspabi_slll_11</name>
         <value>0x7d5e</value>
         <object_component_ref idref="oc-a22"/>
      </symbol>
      <symbol id="sm-e56">
         <name>__mspabi_slll_10</name>
         <value>0x7d62</value>
         <object_component_ref idref="oc-a22"/>
      </symbol>
      <symbol id="sm-e67">
         <name>__mspabi_sral</name>
         <value>0x83c2</value>
         <object_component_ref idref="oc-b63"/>
      </symbol>
      <symbol id="sm-e68">
         <name>__mspabi_sral_15</name>
         <value>0x7d10</value>
         <object_component_ref idref="oc-782"/>
      </symbol>
      <symbol id="sm-e69">
         <name>__mspabi_sral_14</name>
         <value>0x7d14</value>
         <object_component_ref idref="oc-782"/>
      </symbol>
      <symbol id="sm-e6a">
         <name>__mspabi_sral_13</name>
         <value>0x7d18</value>
         <object_component_ref idref="oc-782"/>
      </symbol>
      <symbol id="sm-e6b">
         <name>__mspabi_sral_12</name>
         <value>0x7d1c</value>
         <object_component_ref idref="oc-782"/>
      </symbol>
      <symbol id="sm-e6c">
         <name>__mspabi_sral_11</name>
         <value>0x7d20</value>
         <object_component_ref idref="oc-782"/>
      </symbol>
      <symbol id="sm-e6d">
         <name>__mspabi_sral_10</name>
         <value>0x7d24</value>
         <object_component_ref idref="oc-782"/>
      </symbol>
      <symbol id="sm-e6e">
         <name>__mspabi_sral_8</name>
         <value>0x7d2c</value>
         <object_component_ref idref="oc-782"/>
      </symbol>
      <symbol id="sm-e6f">
         <name>__mspabi_sral_9</name>
         <value>0x7d28</value>
         <object_component_ref idref="oc-782"/>
      </symbol>
      <symbol id="sm-e70">
         <name>__mspabi_sral_6</name>
         <value>0x7d34</value>
         <object_component_ref idref="oc-782"/>
      </symbol>
      <symbol id="sm-e71">
         <name>__mspabi_sral_7</name>
         <value>0x7d30</value>
         <object_component_ref idref="oc-782"/>
      </symbol>
      <symbol id="sm-e72">
         <name>__mspabi_sral_4</name>
         <value>0x7d3c</value>
         <object_component_ref idref="oc-782"/>
      </symbol>
      <symbol id="sm-e73">
         <name>__mspabi_sral_5</name>
         <value>0x7d38</value>
         <object_component_ref idref="oc-782"/>
      </symbol>
      <symbol id="sm-e74">
         <name>__mspabi_sral_2</name>
         <value>0x7d44</value>
         <object_component_ref idref="oc-782"/>
      </symbol>
      <symbol id="sm-e75">
         <name>__mspabi_sral_3</name>
         <value>0x7d40</value>
         <object_component_ref idref="oc-782"/>
      </symbol>
      <symbol id="sm-e76">
         <name>__mspabi_sral_1</name>
         <value>0x7d48</value>
         <object_component_ref idref="oc-782"/>
      </symbol>
      <symbol id="sm-e86">
         <name>__mspabi_srll_8</name>
         <value>0x7da8</value>
         <object_component_ref idref="oc-a46"/>
      </symbol>
      <symbol id="sm-e87">
         <name>__mspabi_srll_9</name>
         <value>0x7da4</value>
         <object_component_ref idref="oc-a46"/>
      </symbol>
      <symbol id="sm-e88">
         <name>__mspabi_srll_6</name>
         <value>0x7db0</value>
         <object_component_ref idref="oc-a46"/>
      </symbol>
      <symbol id="sm-e89">
         <name>__mspabi_srll_7</name>
         <value>0x7dac</value>
         <object_component_ref idref="oc-a46"/>
      </symbol>
      <symbol id="sm-e8a">
         <name>__mspabi_srll_4</name>
         <value>0x7db8</value>
         <object_component_ref idref="oc-a46"/>
      </symbol>
      <symbol id="sm-e8b">
         <name>__mspabi_srll_5</name>
         <value>0x7db4</value>
         <object_component_ref idref="oc-a46"/>
      </symbol>
      <symbol id="sm-e8c">
         <name>__mspabi_srll_2</name>
         <value>0x7dc0</value>
         <object_component_ref idref="oc-a46"/>
      </symbol>
      <symbol id="sm-e8d">
         <name>__mspabi_srll_3</name>
         <value>0x7dbc</value>
         <object_component_ref idref="oc-a46"/>
      </symbol>
      <symbol id="sm-e8e">
         <name>__mspabi_srll_1</name>
         <value>0x7dc4</value>
         <object_component_ref idref="oc-a46"/>
      </symbol>
      <symbol id="sm-e8f">
         <name>__mspabi_srll_15</name>
         <value>0x7d8c</value>
         <object_component_ref idref="oc-a46"/>
      </symbol>
      <symbol id="sm-e90">
         <name>__mspabi_srll_14</name>
         <value>0x7d90</value>
         <object_component_ref idref="oc-a46"/>
      </symbol>
      <symbol id="sm-e91">
         <name>__mspabi_srll_13</name>
         <value>0x7d94</value>
         <object_component_ref idref="oc-a46"/>
      </symbol>
      <symbol id="sm-e92">
         <name>__mspabi_srll_12</name>
         <value>0x7d98</value>
         <object_component_ref idref="oc-a46"/>
      </symbol>
      <symbol id="sm-e93">
         <name>__mspabi_srll_11</name>
         <value>0x7d9c</value>
         <object_component_ref idref="oc-a46"/>
      </symbol>
      <symbol id="sm-e94">
         <name>__mspabi_srll_10</name>
         <value>0x7da0</value>
         <object_component_ref idref="oc-a46"/>
      </symbol>
      <symbol id="sm-e95">
         <name>__mspabi_srll</name>
         <value>0x83e2</value>
         <object_component_ref idref="oc-a78"/>
      </symbol>
      <symbol id="sm-e9f">
         <name>__mspabi_subd</name>
         <value>0x7f4e</value>
         <object_component_ref idref="oc-937"/>
      </symbol>
      <symbol id="sm-ea7">
         <name>_stack</name>
         <value>0x2b60</value>
         <object_component_ref idref="oc-6d1"/>
      </symbol>
      <symbol id="sm-ea8">
         <name>_reset_vector</name>
         <value>0xfffe</value>
         <object_component_ref idref="oc-6d4"/>
      </symbol>
      <symbol id="sm-eca">
         <name>_auto_init_hold_wdt</name>
         <value>0x6d0e</value>
         <object_component_ref idref="oc-70d"/>
      </symbol>
      <symbol id="sm-ed4">
         <name>_c_int00_noargs_noexit_mpu</name>
         <value>0x84ea</value>
         <object_component_ref idref="oc-d9"/>
      </symbol>
      <symbol id="sm-edd">
         <name>__mpu_init</name>
         <value>0x8082</value>
         <object_component_ref idref="oc-720"/>
      </symbol>
      <symbol id="sm-ee6">
         <name>_system_post_cinit</name>
         <value>0x84b6</value>
         <object_component_ref idref="oc-787"/>
      </symbol>
      <symbol id="sm-ef0">
         <name>C$$EXIT</name>
         <value>0x849e</value>
         <object_component_ref idref="oc-72f"/>
      </symbol>
      <symbol id="sm-ef1">
         <name>abort</name>
         <value>0x849e</value>
         <object_component_ref idref="oc-72f"/>
      </symbol>
      <symbol id="sm-f0e">
         <name>copy_in</name>
         <value>0x7490</value>
         <object_component_ref idref="oc-77c"/>
      </symbol>
      <symbol id="sm-f1d">
         <name>memcpy</name>
         <value>0x8030</value>
         <object_component_ref idref="oc-6d5"/>
      </symbol>
      <symbol id="sm-f2c">
         <name>strcat</name>
         <value>0x8206</value>
         <object_component_ref idref="oc-8d5"/>
      </symbol>
      <symbol id="sm-f39">
         <name>strcpy</name>
         <value>0x83b0</value>
         <object_component_ref idref="oc-8cf"/>
      </symbol>
      <symbol id="sm-f3e">
         <name>__TI_BINIT_Base</name>
         <value>0x0</value>
      </symbol>
      <symbol id="sm-f3f">
         <name>__TI_BINIT_Limit</name>
         <value>0x0</value>
      </symbol>
      <symbol id="sm-f40">
         <name>__TI_INITARRAY_Base</name>
         <value>0x0</value>
      </symbol>
      <symbol id="sm-f41">
         <name>__TI_INITARRAY_Limit</name>
         <value>0x0</value>
      </symbol>
   </symbol_table>
   <title>Link successful</title>
</link_info>
