<?xml version="1.0"?>
<link_info>
   <banner>MSP430 Linker PC v15.12.1.LTS</banner>
   <copyright>Copyright (c) 2003-2015 Texas Instruments Incorporated</copyright>
   <link_time>0x5904a5bb</link_time>
   <link_errors>0x0</link_errors>
   <output_file>reaction_wheel_test_6.out</output_file>
   <entry_point>
      <name>_c_int00_noargs_noexit_mpu</name>
      <address>0x9620</address>
   </entry_point>
   <input_file_list>
      <input_file id="fl-2">
         <path>.\</path>
         <kind>object</kind>
         <file>SDCardLogMode.obj</file>
         <name>SDCardLogMode.obj</name>
      </input_file>
      <input_file id="fl-3">
         <path>.\</path>
         <kind>object</kind>
         <file>daqcs_adc.obj</file>
         <name>daqcs_adc.obj</name>
      </input_file>
      <input_file id="fl-4">
         <path>.\</path>
         <kind>object</kind>
         <file>daqcs_imu.obj</file>
         <name>daqcs_imu.obj</name>
      </input_file>
      <input_file id="fl-5">
         <path>.\</path>
         <kind>object</kind>
         <file>daqcs_motor.obj</file>
         <name>daqcs_motor.obj</name>
      </input_file>
      <input_file id="fl-6">
         <path>.\</path>
         <kind>object</kind>
         <file>reaction_wheel_test_6.obj</file>
         <name>reaction_wheel_test_6.obj</name>
      </input_file>
      <input_file id="fl-7">
         <path>.\FatFs\</path>
         <kind>object</kind>
         <file>ff.obj</file>
         <name>ff.obj</name>
      </input_file>
      <input_file id="fl-8">
         <path>.\FatFs\</path>
         <kind>object</kind>
         <file>mmc.obj</file>
         <name>mmc.obj</name>
      </input_file>
      <input_file id="fl-9">
         <path>.\HABIP\</path>
         <kind>object</kind>
         <file>battery.obj</file>
         <name>battery.obj</name>
      </input_file>
      <input_file id="fl-a">
         <path>.\HABIP\</path>
         <kind>object</kind>
         <file>clocks.obj</file>
         <name>clocks.obj</name>
      </input_file>
      <input_file id="fl-b">
         <path>.\HABIP\</path>
         <kind>object</kind>
         <file>command_interface.obj</file>
         <name>command_interface.obj</name>
      </input_file>
      <input_file id="fl-c">
         <path>.\HABIP\</path>
         <kind>object</kind>
         <file>common.obj</file>
         <name>common.obj</name>
      </input_file>
      <input_file id="fl-d">
         <path>.\HABIP\</path>
         <kind>object</kind>
         <file>spi.obj</file>
         <name>spi.obj</name>
      </input_file>
      <input_file id="fl-e">
         <path>.\HABIP\</path>
         <kind>object</kind>
         <file>uart.obj</file>
         <name>uart.obj</name>
      </input_file>
      <input_file id="fl-f">
         <path>.\HAL\</path>
         <kind>object</kind>
         <file>HAL_SDCard.obj</file>
         <name>HAL_SDCard.obj</name>
      </input_file>
      <input_file id="fl-10">
         <path>.\MSP430FR5xx_6xx\</path>
         <kind>object</kind>
         <file>adc12_b.obj</file>
         <name>adc12_b.obj</name>
      </input_file>
      <input_file id="fl-11">
         <path>.\MSP430FR5xx_6xx\</path>
         <kind>object</kind>
         <file>aes256.obj</file>
         <name>aes256.obj</name>
      </input_file>
      <input_file id="fl-12">
         <path>.\MSP430FR5xx_6xx\</path>
         <kind>object</kind>
         <file>comp_e.obj</file>
         <name>comp_e.obj</name>
      </input_file>
      <input_file id="fl-13">
         <path>.\MSP430FR5xx_6xx\</path>
         <kind>object</kind>
         <file>crc.obj</file>
         <name>crc.obj</name>
      </input_file>
      <input_file id="fl-14">
         <path>.\MSP430FR5xx_6xx\</path>
         <kind>object</kind>
         <file>crc32.obj</file>
         <name>crc32.obj</name>
      </input_file>
      <input_file id="fl-15">
         <path>.\MSP430FR5xx_6xx\</path>
         <kind>object</kind>
         <file>cs.obj</file>
         <name>cs.obj</name>
      </input_file>
      <input_file id="fl-16">
         <path>.\MSP430FR5xx_6xx\</path>
         <kind>object</kind>
         <file>dma.obj</file>
         <name>dma.obj</name>
      </input_file>
      <input_file id="fl-17">
         <path>.\MSP430FR5xx_6xx\</path>
         <kind>object</kind>
         <file>esi.obj</file>
         <name>esi.obj</name>
      </input_file>
      <input_file id="fl-18">
         <path>.\MSP430FR5xx_6xx\</path>
         <kind>object</kind>
         <file>eusci_a_spi.obj</file>
         <name>eusci_a_spi.obj</name>
      </input_file>
      <input_file id="fl-19">
         <path>.\MSP430FR5xx_6xx\</path>
         <kind>object</kind>
         <file>eusci_a_uart.obj</file>
         <name>eusci_a_uart.obj</name>
      </input_file>
      <input_file id="fl-1a">
         <path>.\MSP430FR5xx_6xx\</path>
         <kind>object</kind>
         <file>eusci_b_i2c.obj</file>
         <name>eusci_b_i2c.obj</name>
      </input_file>
      <input_file id="fl-1b">
         <path>.\MSP430FR5xx_6xx\</path>
         <kind>object</kind>
         <file>eusci_b_spi.obj</file>
         <name>eusci_b_spi.obj</name>
      </input_file>
      <input_file id="fl-1c">
         <path>.\MSP430FR5xx_6xx\</path>
         <kind>object</kind>
         <file>framctl.obj</file>
         <name>framctl.obj</name>
      </input_file>
      <input_file id="fl-1d">
         <path>.\MSP430FR5xx_6xx\</path>
         <kind>object</kind>
         <file>framctl_a.obj</file>
         <name>framctl_a.obj</name>
      </input_file>
      <input_file id="fl-1e">
         <path>.\MSP430FR5xx_6xx\</path>
         <kind>object</kind>
         <file>gpio.obj</file>
         <name>gpio.obj</name>
      </input_file>
      <input_file id="fl-1f">
         <path>.\MSP430FR5xx_6xx\</path>
         <kind>object</kind>
         <file>lcd_c.obj</file>
         <name>lcd_c.obj</name>
      </input_file>
      <input_file id="fl-20">
         <path>.\MSP430FR5xx_6xx\</path>
         <kind>object</kind>
         <file>mpu.obj</file>
         <name>mpu.obj</name>
      </input_file>
      <input_file id="fl-21">
         <path>.\MSP430FR5xx_6xx\</path>
         <kind>object</kind>
         <file>mpy32.obj</file>
         <name>mpy32.obj</name>
      </input_file>
      <input_file id="fl-22">
         <path>.\MSP430FR5xx_6xx\</path>
         <kind>object</kind>
         <file>pmm.obj</file>
         <name>pmm.obj</name>
      </input_file>
      <input_file id="fl-23">
         <path>.\MSP430FR5xx_6xx\</path>
         <kind>object</kind>
         <file>ram.obj</file>
         <name>ram.obj</name>
      </input_file>
      <input_file id="fl-24">
         <path>.\MSP430FR5xx_6xx\</path>
         <kind>object</kind>
         <file>ref_a.obj</file>
         <name>ref_a.obj</name>
      </input_file>
      <input_file id="fl-25">
         <path>.\MSP430FR5xx_6xx\</path>
         <kind>object</kind>
         <file>rtc_b.obj</file>
         <name>rtc_b.obj</name>
      </input_file>
      <input_file id="fl-26">
         <path>.\MSP430FR5xx_6xx\</path>
         <kind>object</kind>
         <file>rtc_c.obj</file>
         <name>rtc_c.obj</name>
      </input_file>
      <input_file id="fl-27">
         <path>.\MSP430FR5xx_6xx\</path>
         <kind>object</kind>
         <file>sfr.obj</file>
         <name>sfr.obj</name>
      </input_file>
      <input_file id="fl-28">
         <path>.\MSP430FR5xx_6xx\</path>
         <kind>object</kind>
         <file>sysctl.obj</file>
         <name>sysctl.obj</name>
      </input_file>
      <input_file id="fl-29">
         <path>.\MSP430FR5xx_6xx\</path>
         <kind>object</kind>
         <file>timer_a.obj</file>
         <name>timer_a.obj</name>
      </input_file>
      <input_file id="fl-2a">
         <path>.\MSP430FR5xx_6xx\</path>
         <kind>object</kind>
         <file>timer_b.obj</file>
         <name>timer_b.obj</name>
      </input_file>
      <input_file id="fl-2b">
         <path>.\MSP430FR5xx_6xx\</path>
         <kind>object</kind>
         <file>tlv.obj</file>
         <name>tlv.obj</name>
      </input_file>
      <input_file id="fl-2c">
         <path>.\MSP430FR5xx_6xx\</path>
         <kind>object</kind>
         <file>wdt_a.obj</file>
         <name>wdt_a.obj</name>
      </input_file>
      <input_file id="fl-2d">
         <path>.\SDCardLib\</path>
         <kind>object</kind>
         <file>sdcard.obj</file>
         <name>sdcard.obj</name>
      </input_file>
      <input_file id="fl-54">
         <path>C:\ti\ccsv6\tools\compiler\ti-cgt-msp430_15.12.1.LTS\lib\</path>
         <kind>archive</kind>
         <file>rts430x_lc_ld_eabi.lib</file>
         <name>copy_decompress_none.obj</name>
      </input_file>
      <input_file id="fl-55">
         <path>C:\ti\ccsv6\tools\compiler\ti-cgt-msp430_15.12.1.LTS\lib\</path>
         <kind>archive</kind>
         <file>rts430x_lc_ld_eabi.lib</file>
         <name>copy_decompress_rle.obj</name>
      </input_file>
      <input_file id="fl-56">
         <path>C:\ti\ccsv6\tools\compiler\ti-cgt-msp430_15.12.1.LTS\lib\</path>
         <kind>archive</kind>
         <file>rts430x_lc_ld_eabi.lib</file>
         <name>int18.obj</name>
      </input_file>
      <input_file id="fl-57">
         <path>C:\ti\ccsv6\tools\compiler\ti-cgt-msp430_15.12.1.LTS\lib\</path>
         <kind>archive</kind>
         <file>rts430x_lc_ld_eabi.lib</file>
         <name>isr_trap.obj</name>
      </input_file>
      <input_file id="fl-58">
         <path>C:\ti\ccsv6\tools\compiler\ti-cgt-msp430_15.12.1.LTS\lib\</path>
         <kind>archive</kind>
         <file>rts430x_lc_ld_eabi.lib</file>
         <name>int19.obj</name>
      </input_file>
      <input_file id="fl-59">
         <path>C:\ti\ccsv6\tools\compiler\ti-cgt-msp430_15.12.1.LTS\lib\</path>
         <kind>archive</kind>
         <file>rts430x_lc_ld_eabi.lib</file>
         <name>int20.obj</name>
      </input_file>
      <input_file id="fl-5a">
         <path>C:\ti\ccsv6\tools\compiler\ti-cgt-msp430_15.12.1.LTS\lib\</path>
         <kind>archive</kind>
         <file>rts430x_lc_ld_eabi.lib</file>
         <name>int21.obj</name>
      </input_file>
      <input_file id="fl-5b">
         <path>C:\ti\ccsv6\tools\compiler\ti-cgt-msp430_15.12.1.LTS\lib\</path>
         <kind>archive</kind>
         <file>rts430x_lc_ld_eabi.lib</file>
         <name>int22.obj</name>
      </input_file>
      <input_file id="fl-5c">
         <path>C:\ti\ccsv6\tools\compiler\ti-cgt-msp430_15.12.1.LTS\lib\</path>
         <kind>archive</kind>
         <file>rts430x_lc_ld_eabi.lib</file>
         <name>int23.obj</name>
      </input_file>
      <input_file id="fl-5d">
         <path>C:\ti\ccsv6\tools\compiler\ti-cgt-msp430_15.12.1.LTS\lib\</path>
         <kind>archive</kind>
         <file>rts430x_lc_ld_eabi.lib</file>
         <name>int24.obj</name>
      </input_file>
      <input_file id="fl-5e">
         <path>C:\ti\ccsv6\tools\compiler\ti-cgt-msp430_15.12.1.LTS\lib\</path>
         <kind>archive</kind>
         <file>rts430x_lc_ld_eabi.lib</file>
         <name>int25.obj</name>
      </input_file>
      <input_file id="fl-5f">
         <path>C:\ti\ccsv6\tools\compiler\ti-cgt-msp430_15.12.1.LTS\lib\</path>
         <kind>archive</kind>
         <file>rts430x_lc_ld_eabi.lib</file>
         <name>int26.obj</name>
      </input_file>
      <input_file id="fl-60">
         <path>C:\ti\ccsv6\tools\compiler\ti-cgt-msp430_15.12.1.LTS\lib\</path>
         <kind>archive</kind>
         <file>rts430x_lc_ld_eabi.lib</file>
         <name>int27.obj</name>
      </input_file>
      <input_file id="fl-61">
         <path>C:\ti\ccsv6\tools\compiler\ti-cgt-msp430_15.12.1.LTS\lib\</path>
         <kind>archive</kind>
         <file>rts430x_lc_ld_eabi.lib</file>
         <name>int28.obj</name>
      </input_file>
      <input_file id="fl-62">
         <path>C:\ti\ccsv6\tools\compiler\ti-cgt-msp430_15.12.1.LTS\lib\</path>
         <kind>archive</kind>
         <file>rts430x_lc_ld_eabi.lib</file>
         <name>int29.obj</name>
      </input_file>
      <input_file id="fl-63">
         <path>C:\ti\ccsv6\tools\compiler\ti-cgt-msp430_15.12.1.LTS\lib\</path>
         <kind>archive</kind>
         <file>rts430x_lc_ld_eabi.lib</file>
         <name>int30.obj</name>
      </input_file>
      <input_file id="fl-64">
         <path>C:\ti\ccsv6\tools\compiler\ti-cgt-msp430_15.12.1.LTS\lib\</path>
         <kind>archive</kind>
         <file>rts430x_lc_ld_eabi.lib</file>
         <name>int31.obj</name>
      </input_file>
      <input_file id="fl-65">
         <path>C:\ti\ccsv6\tools\compiler\ti-cgt-msp430_15.12.1.LTS\lib\</path>
         <kind>archive</kind>
         <file>rts430x_lc_ld_eabi.lib</file>
         <name>int32.obj</name>
      </input_file>
      <input_file id="fl-66">
         <path>C:\ti\ccsv6\tools\compiler\ti-cgt-msp430_15.12.1.LTS\lib\</path>
         <kind>archive</kind>
         <file>rts430x_lc_ld_eabi.lib</file>
         <name>int33.obj</name>
      </input_file>
      <input_file id="fl-67">
         <path>C:\ti\ccsv6\tools\compiler\ti-cgt-msp430_15.12.1.LTS\lib\</path>
         <kind>archive</kind>
         <file>rts430x_lc_ld_eabi.lib</file>
         <name>int34.obj</name>
      </input_file>
      <input_file id="fl-68">
         <path>C:\ti\ccsv6\tools\compiler\ti-cgt-msp430_15.12.1.LTS\lib\</path>
         <kind>archive</kind>
         <file>rts430x_lc_ld_eabi.lib</file>
         <name>int35.obj</name>
      </input_file>
      <input_file id="fl-69">
         <path>C:\ti\ccsv6\tools\compiler\ti-cgt-msp430_15.12.1.LTS\lib\</path>
         <kind>archive</kind>
         <file>rts430x_lc_ld_eabi.lib</file>
         <name>int36.obj</name>
      </input_file>
      <input_file id="fl-6a">
         <path>C:\ti\ccsv6\tools\compiler\ti-cgt-msp430_15.12.1.LTS\lib\</path>
         <kind>archive</kind>
         <file>rts430x_lc_ld_eabi.lib</file>
         <name>int37.obj</name>
      </input_file>
      <input_file id="fl-6b">
         <path>C:\ti\ccsv6\tools\compiler\ti-cgt-msp430_15.12.1.LTS\lib\</path>
         <kind>archive</kind>
         <file>rts430x_lc_ld_eabi.lib</file>
         <name>int38.obj</name>
      </input_file>
      <input_file id="fl-6c">
         <path>C:\ti\ccsv6\tools\compiler\ti-cgt-msp430_15.12.1.LTS\lib\</path>
         <kind>archive</kind>
         <file>rts430x_lc_ld_eabi.lib</file>
         <name>int39.obj</name>
      </input_file>
      <input_file id="fl-6d">
         <path>C:\ti\ccsv6\tools\compiler\ti-cgt-msp430_15.12.1.LTS\lib\</path>
         <kind>archive</kind>
         <file>rts430x_lc_ld_eabi.lib</file>
         <name>int40.obj</name>
      </input_file>
      <input_file id="fl-6e">
         <path>C:\ti\ccsv6\tools\compiler\ti-cgt-msp430_15.12.1.LTS\lib\</path>
         <kind>archive</kind>
         <file>rts430x_lc_ld_eabi.lib</file>
         <name>int41.obj</name>
      </input_file>
      <input_file id="fl-6f">
         <path>C:\ti\ccsv6\tools\compiler\ti-cgt-msp430_15.12.1.LTS\lib\</path>
         <kind>archive</kind>
         <file>rts430x_lc_ld_eabi.lib</file>
         <name>int42.obj</name>
      </input_file>
      <input_file id="fl-70">
         <path>C:\ti\ccsv6\tools\compiler\ti-cgt-msp430_15.12.1.LTS\lib\</path>
         <kind>archive</kind>
         <file>rts430x_lc_ld_eabi.lib</file>
         <name>int44.obj</name>
      </input_file>
      <input_file id="fl-71">
         <path>C:\ti\ccsv6\tools\compiler\ti-cgt-msp430_15.12.1.LTS\lib\</path>
         <kind>archive</kind>
         <file>rts430x_lc_ld_eabi.lib</file>
         <name>int45.obj</name>
      </input_file>
      <input_file id="fl-72">
         <path>C:\ti\ccsv6\tools\compiler\ti-cgt-msp430_15.12.1.LTS\lib\</path>
         <kind>archive</kind>
         <file>rts430x_lc_ld_eabi.lib</file>
         <name>int47.obj</name>
      </input_file>
      <input_file id="fl-73">
         <path>C:\ti\ccsv6\tools\compiler\ti-cgt-msp430_15.12.1.LTS\lib\</path>
         <kind>archive</kind>
         <file>rts430x_lc_ld_eabi.lib</file>
         <name>int48.obj</name>
      </input_file>
      <input_file id="fl-74">
         <path>C:\ti\ccsv6\tools\compiler\ti-cgt-msp430_15.12.1.LTS\lib\</path>
         <kind>archive</kind>
         <file>rts430x_lc_ld_eabi.lib</file>
         <name>int49.obj</name>
      </input_file>
      <input_file id="fl-75">
         <path>C:\ti\ccsv6\tools\compiler\ti-cgt-msp430_15.12.1.LTS\lib\</path>
         <kind>archive</kind>
         <file>rts430x_lc_ld_eabi.lib</file>
         <name>int50.obj</name>
      </input_file>
      <input_file id="fl-76">
         <path>C:\ti\ccsv6\tools\compiler\ti-cgt-msp430_15.12.1.LTS\lib\</path>
         <kind>archive</kind>
         <file>rts430x_lc_ld_eabi.lib</file>
         <name>int51.obj</name>
      </input_file>
      <input_file id="fl-77">
         <path>C:\ti\ccsv6\tools\compiler\ti-cgt-msp430_15.12.1.LTS\lib\</path>
         <kind>archive</kind>
         <file>rts430x_lc_ld_eabi.lib</file>
         <name>int52.obj</name>
      </input_file>
      <input_file id="fl-78">
         <path>C:\ti\ccsv6\tools\compiler\ti-cgt-msp430_15.12.1.LTS\lib\</path>
         <kind>archive</kind>
         <file>rts430x_lc_ld_eabi.lib</file>
         <name>int53.obj</name>
      </input_file>
      <input_file id="fl-79">
         <path>C:\ti\ccsv6\tools\compiler\ti-cgt-msp430_15.12.1.LTS\lib\</path>
         <kind>archive</kind>
         <file>rts430x_lc_ld_eabi.lib</file>
         <name>int54.obj</name>
      </input_file>
      <input_file id="fl-7a">
         <path>C:\ti\ccsv6\tools\compiler\ti-cgt-msp430_15.12.1.LTS\lib\</path>
         <kind>archive</kind>
         <file>rts430x_lc_ld_eabi.lib</file>
         <name>copy_zero_init.obj</name>
      </input_file>
      <input_file id="fl-7b">
         <path>C:\ti\ccsv6\tools\compiler\ti-cgt-msp430_15.12.1.LTS\lib\</path>
         <kind>archive</kind>
         <file>rts430x_lc_ld_eabi.lib</file>
         <name>addd.obj</name>
      </input_file>
      <input_file id="fl-7c">
         <path>C:\ti\ccsv6\tools\compiler\ti-cgt-msp430_15.12.1.LTS\lib\</path>
         <kind>archive</kind>
         <file>rts430x_lc_ld_eabi.lib</file>
         <name>frcaddd.obj</name>
      </input_file>
      <input_file id="fl-7d">
         <path>C:\ti\ccsv6\tools\compiler\ti-cgt-msp430_15.12.1.LTS\lib\</path>
         <kind>archive</kind>
         <file>rts430x_lc_ld_eabi.lib</file>
         <name>renormd.obj</name>
      </input_file>
      <input_file id="fl-7e">
         <path>C:\ti\ccsv6\tools\compiler\ti-cgt-msp430_15.12.1.LTS\lib\</path>
         <kind>archive</kind>
         <file>rts430x_lc_ld_eabi.lib</file>
         <name>cmpd.obj</name>
      </input_file>
      <input_file id="fl-7f">
         <path>C:\ti\ccsv6\tools\compiler\ti-cgt-msp430_15.12.1.LTS\lib\</path>
         <kind>archive</kind>
         <file>rts430x_lc_ld_eabi.lib</file>
         <name>divd.obj</name>
      </input_file>
      <input_file id="fl-80">
         <path>C:\ti\ccsv6\tools\compiler\ti-cgt-msp430_15.12.1.LTS\lib\</path>
         <kind>archive</kind>
         <file>rts430x_lc_ld_eabi.lib</file>
         <name>frcdivd.obj</name>
      </input_file>
      <input_file id="fl-81">
         <path>C:\ti\ccsv6\tools\compiler\ti-cgt-msp430_15.12.1.LTS\lib\</path>
         <kind>archive</kind>
         <file>rts430x_lc_ld_eabi.lib</file>
         <name>div16s.obj</name>
      </input_file>
      <input_file id="fl-82">
         <path>C:\ti\ccsv6\tools\compiler\ti-cgt-msp430_15.12.1.LTS\lib\</path>
         <kind>archive</kind>
         <file>rts430x_lc_ld_eabi.lib</file>
         <name>div32s.obj</name>
      </input_file>
      <input_file id="fl-83">
         <path>C:\ti\ccsv6\tools\compiler\ti-cgt-msp430_15.12.1.LTS\lib\</path>
         <kind>archive</kind>
         <file>rts430x_lc_ld_eabi.lib</file>
         <name>div16u.obj</name>
      </input_file>
      <input_file id="fl-84">
         <path>C:\ti\ccsv6\tools\compiler\ti-cgt-msp430_15.12.1.LTS\lib\</path>
         <kind>archive</kind>
         <file>rts430x_lc_ld_eabi.lib</file>
         <name>div32u.obj</name>
      </input_file>
      <input_file id="fl-85">
         <path>C:\ti\ccsv6\tools\compiler\ti-cgt-msp430_15.12.1.LTS\lib\</path>
         <kind>archive</kind>
         <file>rts430x_lc_ld_eabi.lib</file>
         <name>fixdi.obj</name>
      </input_file>
      <input_file id="fl-86">
         <path>C:\ti\ccsv6\tools\compiler\ti-cgt-msp430_15.12.1.LTS\lib\</path>
         <kind>archive</kind>
         <file>rts430x_lc_ld_eabi.lib</file>
         <name>fixdli.obj</name>
      </input_file>
      <input_file id="fl-87">
         <path>C:\ti\ccsv6\tools\compiler\ti-cgt-msp430_15.12.1.LTS\lib\</path>
         <kind>archive</kind>
         <file>rts430x_lc_ld_eabi.lib</file>
         <name>fltid.obj</name>
      </input_file>
      <input_file id="fl-88">
         <path>C:\ti\ccsv6\tools\compiler\ti-cgt-msp430_15.12.1.LTS\lib\</path>
         <kind>archive</kind>
         <file>rts430x_lc_ld_eabi.lib</file>
         <name>fltlid.obj</name>
      </input_file>
      <input_file id="fl-89">
         <path>C:\ti\ccsv6\tools\compiler\ti-cgt-msp430_15.12.1.LTS\lib\</path>
         <kind>archive</kind>
         <file>rts430x_lc_ld_eabi.lib</file>
         <name>fltud.obj</name>
      </input_file>
      <input_file id="fl-8a">
         <path>C:\ti\ccsv6\tools\compiler\ti-cgt-msp430_15.12.1.LTS\lib\</path>
         <kind>archive</kind>
         <file>rts430x_lc_ld_eabi.lib</file>
         <name>fltuld.obj</name>
      </input_file>
      <input_file id="fl-8b">
         <path>C:\ti\ccsv6\tools\compiler\ti-cgt-msp430_15.12.1.LTS\lib\</path>
         <kind>archive</kind>
         <file>rts430x_lc_ld_eabi.lib</file>
         <name>mpyd.obj</name>
      </input_file>
      <input_file id="fl-8c">
         <path>C:\ti\ccsv6\tools\compiler\ti-cgt-msp430_15.12.1.LTS\lib\</path>
         <kind>archive</kind>
         <file>rts430x_lc_ld_eabi.lib</file>
         <name>frcmpyd.obj</name>
      </input_file>
      <input_file id="fl-8d">
         <path>C:\ti\ccsv6\tools\compiler\ti-cgt-msp430_15.12.1.LTS\lib\</path>
         <kind>archive</kind>
         <file>rts430x_lc_ld_eabi.lib</file>
         <name>mult16.obj</name>
      </input_file>
      <input_file id="fl-8e">
         <path>C:\ti\ccsv6\tools\compiler\ti-cgt-msp430_15.12.1.LTS\lib\</path>
         <kind>archive</kind>
         <file>rts430x_lc_ld_eabi.lib</file>
         <name>mult16_f5hw.obj</name>
      </input_file>
      <input_file id="fl-8f">
         <path>C:\ti\ccsv6\tools\compiler\ti-cgt-msp430_15.12.1.LTS\lib\</path>
         <kind>archive</kind>
         <file>rts430x_lc_ld_eabi.lib</file>
         <name>mult32.obj</name>
      </input_file>
      <input_file id="fl-90">
         <path>C:\ti\ccsv6\tools\compiler\ti-cgt-msp430_15.12.1.LTS\lib\</path>
         <kind>archive</kind>
         <file>rts430x_lc_ld_eabi.lib</file>
         <name>mult32_f5hw.obj</name>
      </input_file>
      <input_file id="fl-91">
         <path>C:\ti\ccsv6\tools\compiler\ti-cgt-msp430_15.12.1.LTS\lib\</path>
         <kind>archive</kind>
         <file>rts430x_lc_ld_eabi.lib</file>
         <name>mult64_f5hw.obj</name>
      </input_file>
      <input_file id="fl-92">
         <path>C:\ti\ccsv6\tools\compiler\ti-cgt-msp430_15.12.1.LTS\lib\</path>
         <kind>archive</kind>
         <file>rts430x_lc_ld_eabi.lib</file>
         <name>mult1632_f5hw.obj</name>
      </input_file>
      <input_file id="fl-93">
         <path>C:\ti\ccsv6\tools\compiler\ti-cgt-msp430_15.12.1.LTS\lib\</path>
         <kind>archive</kind>
         <file>rts430x_lc_ld_eabi.lib</file>
         <name>mult3264_f5hw.obj</name>
      </input_file>
      <input_file id="fl-94">
         <path>C:\ti\ccsv6\tools\compiler\ti-cgt-msp430_15.12.1.LTS\lib\</path>
         <kind>archive</kind>
         <file>rts430x_lc_ld_eabi.lib</file>
         <name>negd.obj</name>
      </input_file>
      <input_file id="fl-95">
         <path>C:\ti\ccsv6\tools\compiler\ti-cgt-msp430_15.12.1.LTS\lib\</path>
         <kind>archive</kind>
         <file>rts430x_lc_ld_eabi.lib</file>
         <name>lsl16.obj</name>
      </input_file>
      <input_file id="fl-96">
         <path>C:\ti\ccsv6\tools\compiler\ti-cgt-msp430_15.12.1.LTS\lib\</path>
         <kind>archive</kind>
         <file>rts430x_lc_ld_eabi.lib</file>
         <name>lsl32.obj</name>
      </input_file>
      <input_file id="fl-97">
         <path>C:\ti\ccsv6\tools\compiler\ti-cgt-msp430_15.12.1.LTS\lib\</path>
         <kind>archive</kind>
         <file>rts430x_lc_ld_eabi.lib</file>
         <name>asr16.obj</name>
      </input_file>
      <input_file id="fl-98">
         <path>C:\ti\ccsv6\tools\compiler\ti-cgt-msp430_15.12.1.LTS\lib\</path>
         <kind>archive</kind>
         <file>rts430x_lc_ld_eabi.lib</file>
         <name>asr32.obj</name>
      </input_file>
      <input_file id="fl-99">
         <path>C:\ti\ccsv6\tools\compiler\ti-cgt-msp430_15.12.1.LTS\lib\</path>
         <kind>archive</kind>
         <file>rts430x_lc_ld_eabi.lib</file>
         <name>lsr32.obj</name>
      </input_file>
      <input_file id="fl-9a">
         <path>C:\ti\ccsv6\tools\compiler\ti-cgt-msp430_15.12.1.LTS\lib\</path>
         <kind>archive</kind>
         <file>rts430x_lc_ld_eabi.lib</file>
         <name>lsr64.obj</name>
      </input_file>
      <input_file id="fl-9b">
         <path>C:\ti\ccsv6\tools\compiler\ti-cgt-msp430_15.12.1.LTS\lib\</path>
         <kind>archive</kind>
         <file>rts430x_lc_ld_eabi.lib</file>
         <name>subd.obj</name>
      </input_file>
      <input_file id="fl-9c">
         <path>C:\ti\ccsv6\tools\compiler\ti-cgt-msp430_15.12.1.LTS\lib\</path>
         <kind>archive</kind>
         <file>rts430x_lc_ld_eabi.lib</file>
         <name>boot.obj</name>
      </input_file>
      <input_file id="fl-9d">
         <path>C:\ti\ccsv6\tools\compiler\ti-cgt-msp430_15.12.1.LTS\lib\</path>
         <kind>archive</kind>
         <file>rts430x_lc_ld_eabi.lib</file>
         <name>args_main.obj</name>
      </input_file>
      <input_file id="fl-9e">
         <path>C:\ti\ccsv6\tools\compiler\ti-cgt-msp430_15.12.1.LTS\lib\</path>
         <kind>archive</kind>
         <file>rts430x_lc_ld_eabi.lib</file>
         <name>autoinit_wdt.obj</name>
      </input_file>
      <input_file id="fl-9f">
         <path>C:\ti\ccsv6\tools\compiler\ti-cgt-msp430_15.12.1.LTS\lib\</path>
         <kind>archive</kind>
         <file>rts430x_lc_ld_eabi.lib</file>
         <name>boot_special.obj</name>
      </input_file>
      <input_file id="fl-a0">
         <path>C:\ti\ccsv6\ccs_base\msp430\lib\FR59xx\</path>
         <kind>archive</kind>
         <file>MSPMPU_INIT_LIB_CCS_msp430_large_code_large_data.lib</file>
         <name>mpu_init.o</name>
      </input_file>
      <input_file id="fl-a1">
         <path>C:\ti\ccsv6\tools\compiler\ti-cgt-msp430_15.12.1.LTS\lib\</path>
         <kind>archive</kind>
         <file>rts430x_lc_ld_eabi.lib</file>
         <name>startup.obj</name>
      </input_file>
      <input_file id="fl-a2">
         <path>C:\ti\ccsv6\tools\compiler\ti-cgt-msp430_15.12.1.LTS\lib\</path>
         <kind>archive</kind>
         <file>rts430x_lc_ld_eabi.lib</file>
         <name>exit.obj</name>
      </input_file>
      <input_file id="fl-a3">
         <path>C:\ti\ccsv6\tools\compiler\ti-cgt-msp430_15.12.1.LTS\lib\</path>
         <kind>archive</kind>
         <file>rts430x_lc_ld_eabi.lib</file>
         <name>exit_gvars.obj</name>
      </input_file>
      <input_file id="fl-a4">
         <path>C:\ti\ccsv6\tools\compiler\ti-cgt-msp430_15.12.1.LTS\lib\</path>
         <kind>archive</kind>
         <file>rts430x_lc_ld_eabi.lib</file>
         <name>_lock.obj</name>
      </input_file>
      <input_file id="fl-a5">
         <path>C:\ti\ccsv6\tools\compiler\ti-cgt-msp430_15.12.1.LTS\lib\</path>
         <kind>archive</kind>
         <file>rts430x_lc_ld_eabi.lib</file>
         <name>cpy_tbl.obj</name>
      </input_file>
      <input_file id="fl-a6">
         <path>C:\ti\ccsv6\tools\compiler\ti-cgt-msp430_15.12.1.LTS\lib\</path>
         <kind>archive</kind>
         <file>rts430x_lc_ld_eabi.lib</file>
         <name>memcpy.obj</name>
      </input_file>
      <input_file id="fl-a7">
         <path>C:\ti\ccsv6\tools\compiler\ti-cgt-msp430_15.12.1.LTS\lib\</path>
         <kind>archive</kind>
         <file>rts430x_lc_ld_eabi.lib</file>
         <name>memset.obj</name>
      </input_file>
      <input_file id="fl-a8">
         <path>C:\ti\ccsv6\tools\compiler\ti-cgt-msp430_15.12.1.LTS\lib\</path>
         <kind>archive</kind>
         <file>rts430x_lc_ld_eabi.lib</file>
         <name>strcat.obj</name>
      </input_file>
      <input_file id="fl-a9">
         <path>C:\ti\ccsv6\tools\compiler\ti-cgt-msp430_15.12.1.LTS\lib\</path>
         <kind>archive</kind>
         <file>rts430x_lc_ld_eabi.lib</file>
         <name>strcmp.obj</name>
      </input_file>
      <input_file id="fl-aa">
         <path>C:\ti\ccsv6\tools\compiler\ti-cgt-msp430_15.12.1.LTS\lib\</path>
         <kind>archive</kind>
         <file>rts430x_lc_ld_eabi.lib</file>
         <name>strcpy.obj</name>
      </input_file>
      <input_file id="fl-ab">
         <path>C:\ti\ccsv6\tools\compiler\ti-cgt-msp430_15.12.1.LTS\lib\</path>
         <kind>archive</kind>
         <file>rts430x_lc_ld_eabi.lib</file>
         <name>strlen.obj</name>
      </input_file>
      <input_file id="fl-ac">
         <path>C:\ti\ccsv6\tools\compiler\ti-cgt-msp430_15.12.1.LTS\lib\</path>
         <kind>archive</kind>
         <file>rts430x_lc_ld_eabi.lib</file>
         <name>strncpy.obj</name>
      </input_file>
      <input_file id="fl-ad">
         <path>C:\ti\ccsv6\tools\compiler\ti-cgt-msp430_15.12.1.LTS\lib\</path>
         <kind>archive</kind>
         <file>rts430x_lc_ld_eabi.lib</file>
         <name>strstr.obj</name>
      </input_file>
      <input_file id="fl-ae">
         <path>C:\ti\ccsv6\tools\compiler\ti-cgt-msp430_15.12.1.LTS\lib\</path>
         <kind>archive</kind>
         <file>rts430x_lc_ld_eabi.lib</file>
         <name>strtok.obj</name>
      </input_file>
      <input_file id="fl-af">
         <path>C:\ti\ccsv6\tools\compiler\ti-cgt-msp430_15.12.1.LTS\lib\</path>
         <kind>archive</kind>
         <file>rts430x_lc_ld_eabi.lib</file>
         <name>strcspn.obj</name>
      </input_file>
      <input_file id="fl-b0">
         <path>C:\ti\ccsv6\tools\compiler\ti-cgt-msp430_15.12.1.LTS\lib\</path>
         <kind>archive</kind>
         <file>rts430x_lc_ld_eabi.lib</file>
         <name>strspn.obj</name>
      </input_file>
   </input_file_list>
   <object_component_list>
      <object_component id="oc-8e9">
         <name>.TI.persistent:fram_data</name>
         <load_address>0x10000</load_address>
         <run_address>0x10000</run_address>
         <size>0x30d44</size>
         <input_file_ref idref="fl-6"/>
      </object_component>
      <object_component id="oc-89e">
         <name>.TI.noinit</name>
         <uninitialized>true</uninitialized>
         <run_address>0x40d44</run_address>
         <size>0x2</size>
         <input_file_ref idref="fl-6"/>
      </object_component>
      <object_component id="oc-ce0">
         <name>.cinit..data.load</name>
         <load_address>0x9786</load_address>
         <run_address>0x9786</run_address>
         <size>0x4a</size>
      </object_component>
      <object_component id="oc-cdf">
         <name>.cinit..bss.load</name>
         <load_address>0x97d0</load_address>
         <run_address>0x97d0</run_address>
         <size>0xb</size>
      </object_component>
      <object_component id="oc-cdd">
         <name>__TI_handler_table</name>
         <load_address>0x97dc</load_address>
         <run_address>0x97dc</run_address>
         <size>0x8</size>
      </object_component>
      <object_component id="oc-cde">
         <name>__TI_cinit_table</name>
         <load_address>0x97e4</load_address>
         <run_address>0x97e4</run_address>
         <size>0x10</size>
      </object_component>
      <object_component id="oc-6f4">
         <name>.text:_isr:USCI_A1_ISR</name>
         <load_address>0x95ee</load_address>
         <run_address>0x95ee</run_address>
         <size>0x32</size>
         <input_file_ref idref="fl-4"/>
      </object_component>
      <object_component id="oc-d9">
         <name>.text:_isr:_c_int00_noargs_noexit_mpu</name>
         <load_address>0x9620</load_address>
         <run_address>0x9620</run_address>
         <size>0x1e</size>
         <input_file_ref idref="fl-9f"/>
      </object_component>
      <object_component id="oc-6fa">
         <name>.text:_isr:ADC12_ISR</name>
         <load_address>0x963e</load_address>
         <run_address>0x963e</run_address>
         <size>0xc</size>
         <input_file_ref idref="fl-3"/>
      </object_component>
      <object_component id="oc-6ef">
         <name>.text:_isr:__TI_ISR_TRAP</name>
         <load_address>0x964a</load_address>
         <run_address>0x964a</run_address>
         <size>0x8</size>
         <input_file_ref idref="fl-57"/>
      </object_component>
      <object_component id="oc-987">
         <name>.const:.string</name>
         <load_address>0x9652</load_address>
         <run_address>0x9652</run_address>
         <size>0xda</size>
         <input_file_ref idref="fl-2"/>
      </object_component>
      <object_component id="oc-7f9">
         <name>.const:GPIO_PORT_TO_BASE</name>
         <load_address>0x972c</load_address>
         <run_address>0x972c</run_address>
         <size>0x1c</size>
         <input_file_ref idref="fl-1e"/>
      </object_component>
      <object_component id="oc-8bc">
         <name>.const</name>
         <load_address>0x9748</load_address>
         <run_address>0x9748</run_address>
         <size>0x14</size>
         <input_file_ref idref="fl-6"/>
      </object_component>
      <object_component id="oc-b10">
         <name>.const:$P$T0$1</name>
         <load_address>0x975c</load_address>
         <run_address>0x975c</run_address>
         <size>0x12</size>
         <input_file_ref idref="fl-f"/>
      </object_component>
      <object_component id="oc-c37">
         <name>.const:.string</name>
         <load_address>0x976e</load_address>
         <run_address>0x976e</run_address>
         <size>0x10</size>
         <input_file_ref idref="fl-7"/>
      </object_component>
      <object_component id="oc-b2b">
         <name>.const:$P$T1$2</name>
         <load_address>0x977e</load_address>
         <run_address>0x977e</run_address>
         <size>0x8</size>
         <input_file_ref idref="fl-f"/>
      </object_component>
      <object_component id="oc-a81">
         <name>.text:chk_mounted</name>
         <load_address>0x4000</load_address>
         <run_address>0x4000</run_address>
         <size>0x4ae</size>
         <input_file_ref idref="fl-7"/>
      </object_component>
      <object_component id="oc-ae7">
         <name>.text:__TI_frcdivd</name>
         <load_address>0x44ae</load_address>
         <run_address>0x44ae</run_address>
         <size>0x486</size>
         <input_file_ref idref="fl-80"/>
      </object_component>
      <object_component id="oc-7dd">
         <name>.text:ReactionWheel</name>
         <load_address>0x4934</load_address>
         <run_address>0x4934</run_address>
         <size>0x3fa</size>
         <input_file_ref idref="fl-6"/>
      </object_component>
      <object_component id="oc-7d1">
         <name>.text:ReactionWheelNoJump</name>
         <load_address>0x4d2e</load_address>
         <run_address>0x4d2e</run_address>
         <size>0x3ea</size>
         <input_file_ref idref="fl-6"/>
      </object_component>
      <object_component id="oc-9f5">
         <name>.text:__TI_frcmpyd</name>
         <load_address>0x5118</load_address>
         <run_address>0x5118</run_address>
         <size>0x2e4</size>
         <input_file_ref idref="fl-8c"/>
      </object_component>
      <object_component id="oc-8f2">
         <name>.text:__mspabi_addd</name>
         <load_address>0x53fc</load_address>
         <run_address>0x53fc</run_address>
         <size>0x2d8</size>
         <input_file_ref idref="fl-7b"/>
      </object_component>
      <object_component id="oc-a76">
         <name>.text:f_write</name>
         <load_address>0x56d4</load_address>
         <run_address>0x56d4</run_address>
         <size>0x2a2</size>
         <input_file_ref idref="fl-7"/>
      </object_component>
      <object_component id="oc-8f8">
         <name>.text:__mspabi_mpyd</name>
         <load_address>0x5976</load_address>
         <run_address>0x5976</run_address>
         <size>0x282</size>
         <input_file_ref idref="fl-8b"/>
      </object_component>
      <object_component id="oc-9e8">
         <name>.text:__TI_frcaddd</name>
         <load_address>0x5bf8</load_address>
         <run_address>0x5bf8</run_address>
         <size>0x252</size>
         <input_file_ref idref="fl-7c"/>
      </object_component>
      <object_component id="oc-9a6">
         <name>.text:f_lseek</name>
         <load_address>0x5e4a</load_address>
         <run_address>0x5e4a</run_address>
         <size>0x250</size>
         <input_file_ref idref="fl-7"/>
      </object_component>
      <object_component id="oc-9dc">
         <name>.text:__mspabi_divd</name>
         <load_address>0x609a</load_address>
         <run_address>0x609a</run_address>
         <size>0x222</size>
         <input_file_ref idref="fl-7f"/>
      </object_component>
      <object_component id="oc-7d7">
         <name>.text:DataLogging</name>
         <load_address>0x62bc</load_address>
         <run_address>0x62bc</run_address>
         <size>0x220</size>
         <input_file_ref idref="fl-6"/>
      </object_component>
      <object_component id="oc-9a0">
         <name>.text:f_open</name>
         <load_address>0x64dc</load_address>
         <run_address>0x64dc</run_address>
         <size>0x21e</size>
         <input_file_ref idref="fl-7"/>
      </object_component>
      <object_component id="oc-b80">
         <name>.text:disk_initialize</name>
         <load_address>0x66fa</load_address>
         <run_address>0x66fa</run_address>
         <size>0x1b2</size>
         <input_file_ref idref="fl-8"/>
      </object_component>
      <object_component id="oc-ba8">
         <name>.text:create_name</name>
         <load_address>0x68ac</load_address>
         <run_address>0x68ac</run_address>
         <size>0x18a</size>
         <input_file_ref idref="fl-7"/>
      </object_component>
      <object_component id="oc-bbb">
         <name>.text:dir_next</name>
         <load_address>0x6a36</load_address>
         <run_address>0x6a36</run_address>
         <size>0x17c</size>
         <input_file_ref idref="fl-7"/>
      </object_component>
      <object_component id="oc-bc9">
         <name>.text:put_fat</name>
         <load_address>0x6bb2</load_address>
         <run_address>0x6bb2</run_address>
         <size>0x178</size>
         <input_file_ref idref="fl-7"/>
      </object_component>
      <object_component id="oc-847">
         <name>.text:CS_setDCOFreq</name>
         <load_address>0x6d2a</load_address>
         <run_address>0x6d2a</run_address>
         <size>0x140</size>
         <input_file_ref idref="fl-15"/>
      </object_component>
      <object_component id="oc-941">
         <name>.text:SDCardNewFile</name>
         <load_address>0x6e6a</load_address>
         <run_address>0x6e6a</run_address>
         <size>0x13e</size>
         <input_file_ref idref="fl-2"/>
      </object_component>
      <object_component id="oc-8a1">
         <name>.text:SDCardNewFileReactionWheel</name>
         <load_address>0x6fa8</load_address>
         <run_address>0x6fa8</run_address>
         <size>0x13e</size>
         <input_file_ref idref="fl-2"/>
      </object_component>
      <object_component id="oc-abd">
         <name>.text:get_fat</name>
         <load_address>0x70e6</load_address>
         <run_address>0x70e6</run_address>
         <size>0x136</size>
         <input_file_ref idref="fl-7"/>
      </object_component>
      <object_component id="oc-ab7">
         <name>.text:create_chain</name>
         <load_address>0x721c</load_address>
         <run_address>0x721c</run_address>
         <size>0x120</size>
         <input_file_ref idref="fl-7"/>
      </object_component>
      <object_component id="oc-bb4">
         <name>.text:dir_sdi</name>
         <load_address>0x733c</load_address>
         <run_address>0x733c</run_address>
         <size>0xfe</size>
         <input_file_ref idref="fl-7"/>
      </object_component>
      <object_component id="oc-c4a">
         <name>.text:disk_ioctl</name>
         <load_address>0x743a</load_address>
         <run_address>0x743a</run_address>
         <size>0xf4</size>
         <input_file_ref idref="fl-8"/>
      </object_component>
      <object_component id="oc-947">
         <name>.text:writeDataSameLine_9</name>
         <load_address>0x752e</load_address>
         <run_address>0x752e</run_address>
         <size>0xf0</size>
         <input_file_ref idref="fl-2"/>
      </object_component>
      <object_component id="oc-bdb">
         <name>.text:sync</name>
         <load_address>0x761e</load_address>
         <run_address>0x761e</run_address>
         <size>0xec</size>
         <input_file_ref idref="fl-7"/>
      </object_component>
      <object_component id="oc-8fe">
         <name>.text:__mspabi_cmpd</name>
         <load_address>0x770a</load_address>
         <run_address>0x770a</run_address>
         <size>0xd8</size>
         <input_file_ref idref="fl-7e"/>
      </object_component>
      <object_component id="oc-92e">
         <name>.text:itoa</name>
         <load_address>0x77e2</load_address>
         <run_address>0x77e2</run_address>
         <size>0xc2</size>
         <input_file_ref idref="fl-2"/>
      </object_component>
      <object_component id="oc-a9f">
         <name>.text:move_window</name>
         <load_address>0x78a4</load_address>
         <run_address>0x78a4</run_address>
         <size>0xbe</size>
         <input_file_ref idref="fl-7"/>
      </object_component>
      <object_component id="oc-b8b">
         <name>.text:disk_write</name>
         <load_address>0x7962</load_address>
         <run_address>0x7962</run_address>
         <size>0xbc</size>
         <input_file_ref idref="fl-8"/>
      </object_component>
      <object_component id="oc-a87">
         <name>.text:follow_path</name>
         <load_address>0x7a1e</load_address>
         <run_address>0x7a1e</run_address>
         <size>0xb4</size>
         <input_file_ref idref="fl-7"/>
      </object_component>
      <object_component id="oc-af9">
         <name>.text:__TI_renormd</name>
         <load_address>0x7ad2</load_address>
         <run_address>0x7ad2</run_address>
         <size>0xb2</size>
         <input_file_ref idref="fl-7d"/>
      </object_component>
      <object_component id="oc-c0e">
         <name>.text:send_cmd</name>
         <load_address>0x7b84</load_address>
         <run_address>0x7b84</run_address>
         <size>0xb2</size>
         <input_file_ref idref="fl-8"/>
      </object_component>
      <object_component id="oc-70d">
         <name>.text:_auto_init_hold_wdt</name>
         <load_address>0x7c36</load_address>
         <run_address>0x7c36</run_address>
         <size>0xa8</size>
         <input_file_ref idref="fl-9e"/>
      </object_component>
      <object_component id="oc-ad6">
         <name>.text:f_sync</name>
         <load_address>0x7cde</load_address>
         <run_address>0x7cde</run_address>
         <size>0xa4</size>
         <input_file_ref idref="fl-7"/>
      </object_component>
      <object_component id="oc-b71">
         <name>.text:validateCSD</name>
         <load_address>0x7d82</load_address>
         <run_address>0x7d82</run_address>
         <size>0xa2</size>
         <input_file_ref idref="fl-8"/>
      </object_component>
      <object_component id="oc-9c7">
         <name>.text:__mspabi_fltlid</name>
         <load_address>0x7e24</load_address>
         <run_address>0x7e24</run_address>
         <size>0x9e</size>
         <input_file_ref idref="fl-88"/>
      </object_component>
      <object_component id="oc-a23">
         <name>.text:SDCard_init</name>
         <load_address>0x7ec2</load_address>
         <run_address>0x7ec2</run_address>
         <size>0x9c</size>
         <input_file_ref idref="fl-f"/>
      </object_component>
      <object_component id="oc-a99">
         <name>.text:remove_chain</name>
         <load_address>0x7f5e</load_address>
         <run_address>0x7f5e</run_address>
         <size>0x9c</size>
         <input_file_ref idref="fl-7"/>
      </object_component>
      <object_component id="oc-8e3">
         <name>.text:RTC_C_getCalendarTime</name>
         <load_address>0x7ffa</load_address>
         <run_address>0x7ffa</run_address>
         <size>0x98</size>
         <input_file_ref idref="fl-26"/>
      </object_component>
      <object_component id="oc-b9e">
         <name>.text:disk_read</name>
         <load_address>0x8092</load_address>
         <run_address>0x8092</run_address>
         <size>0x94</size>
         <input_file_ref idref="fl-8"/>
      </object_component>
      <object_component id="oc-b98">
         <name>.text:check_fs</name>
         <load_address>0x8126</load_address>
         <run_address>0x8126</run_address>
         <size>0x90</size>
         <input_file_ref idref="fl-7"/>
      </object_component>
      <object_component id="oc-8cb">
         <name>.text:EMA</name>
         <load_address>0x81b6</load_address>
         <run_address>0x81b6</run_address>
         <size>0x86</size>
         <input_file_ref idref="fl-4"/>
      </object_component>
      <object_component id="oc-861">
         <name>.text:RTC_C_initCalendar</name>
         <load_address>0x823c</load_address>
         <run_address>0x823c</run_address>
         <size>0x86</size>
         <input_file_ref idref="fl-26"/>
      </object_component>
      <object_component id="oc-a8d">
         <name>.text:dir_register</name>
         <load_address>0x82c2</load_address>
         <run_address>0x82c2</run_address>
         <size>0x84</size>
         <input_file_ref idref="fl-7"/>
      </object_component>
      <object_component id="oc-83a">
         <name>.text:GPIO_setAsPeripheralModuleFunctionInputPin</name>
         <load_address>0x8346</load_address>
         <run_address>0x8346</run_address>
         <size>0x72</size>
         <input_file_ref idref="fl-1e"/>
      </object_component>
      <object_component id="oc-781">
         <name>.text:copy_in</name>
         <load_address>0x83b8</load_address>
         <run_address>0x83b8</run_address>
         <size>0x72</size>
         <input_file_ref idref="fl-a5"/>
      </object_component>
      <object_component id="oc-a93">
         <name>.text:get_fattime</name>
         <load_address>0x842a</load_address>
         <run_address>0x842a</run_address>
         <size>0x72</size>
         <input_file_ref idref="fl-8"/>
      </object_component>
      <object_component id="oc-c14">
         <name>.text:rcvr_datablock</name>
         <load_address>0x849c</load_address>
         <run_address>0x849c</run_address>
         <size>0x70</size>
         <input_file_ref idref="fl-8"/>
      </object_component>
      <object_component id="oc-727">
         <name>.text:main</name>
         <load_address>0x850c</load_address>
         <run_address>0x850c</run_address>
         <size>0x6c</size>
         <input_file_ref idref="fl-6"/>
      </object_component>
      <object_component id="oc-853">
         <name>.text:CS_initClockSignal</name>
         <load_address>0x8578</load_address>
         <run_address>0x8578</run_address>
         <size>0x6a</size>
         <input_file_ref idref="fl-15"/>
      </object_component>
      <object_component id="oc-6e2">
         <name>.text:__TI_decompress_rle_core</name>
         <load_address>0x85e2</load_address>
         <run_address>0x85e2</run_address>
         <size>0x68</size>
         <input_file_ref idref="fl-55"/>
      </object_component>
      <object_component id="oc-9d5">
         <name>.text:__mspabi_fixdli</name>
         <load_address>0x864a</load_address>
         <run_address>0x864a</run_address>
         <size>0x66</size>
         <input_file_ref idref="fl-86"/>
      </object_component>
      <object_component id="oc-a2f">
         <name>.text:SDCard_readFrame</name>
         <load_address>0x86b0</load_address>
         <run_address>0x86b0</run_address>
         <size>0x62</size>
         <input_file_ref idref="fl-f"/>
      </object_component>
      <object_component id="oc-8bf">
         <name>.text:read_IMU_SPI</name>
         <load_address>0x8712</load_address>
         <run_address>0x8712</run_address>
         <size>0x62</size>
         <input_file_ref idref="fl-4"/>
      </object_component>
      <object_component id="oc-934">
         <name>.text:writeDataSameLine_4</name>
         <load_address>0x8774</load_address>
         <run_address>0x8774</run_address>
         <size>0x62</size>
         <input_file_ref idref="fl-2"/>
      </object_component>
      <object_component id="oc-8b6">
         <name>.text:setup_IMU_SPI</name>
         <load_address>0x87d6</load_address>
         <run_address>0x87d6</run_address>
         <size>0x5e</size>
         <input_file_ref idref="fl-4"/>
      </object_component>
      <object_component id="oc-b13">
         <name>.text:EUSCI_A_SPI_initMaster</name>
         <load_address>0x8834</load_address>
         <run_address>0x8834</run_address>
         <size>0x5c</size>
         <input_file_ref idref="fl-18"/>
      </object_component>
      <object_component id="oc-9fe">
         <name>.text:mapMotorSpeed</name>
         <load_address>0x8890</load_address>
         <run_address>0x8890</run_address>
         <size>0x5c</size>
         <input_file_ref idref="fl-5"/>
      </object_component>
      <object_component id="oc-bae">
         <name>.text:dir_find</name>
         <load_address>0x88ec</load_address>
         <run_address>0x88ec</run_address>
         <size>0x5a</size>
         <input_file_ref idref="fl-7"/>
      </object_component>
      <object_component id="oc-ab2">
         <name>.text</name>
         <load_address>0x8946</load_address>
         <run_address>0x8946</run_address>
         <size>0x58</size>
         <input_file_ref idref="fl-84"/>
      </object_component>
      <object_component id="oc-c2b">
         <name>.text:xmit_datablock</name>
         <load_address>0x899e</load_address>
         <run_address>0x899e</run_address>
         <size>0x58</size>
         <input_file_ref idref="fl-8"/>
      </object_component>
      <object_component id="oc-c68">
         <name>.text:wait_ready</name>
         <load_address>0x89f6</load_address>
         <run_address>0x89f6</run_address>
         <size>0x54</size>
         <input_file_ref idref="fl-8"/>
      </object_component>
      <object_component id="oc-7b9">
         <name>.text:Init_RTC</name>
         <load_address>0x8a4a</load_address>
         <run_address>0x8a4a</run_address>
         <size>0x52</size>
         <input_file_ref idref="fl-6"/>
      </object_component>
      <object_component id="oc-a35">
         <name>.text:SDCard_sendFrame</name>
         <load_address>0x8a9c</load_address>
         <run_address>0x8a9c</run_address>
         <size>0x4e</size>
         <input_file_ref idref="fl-f"/>
      </object_component>
      <object_component id="oc-b52">
         <name>.text:GPIO_setAsInputPinWithPullUpResistor</name>
         <load_address>0x8aea</load_address>
         <run_address>0x8aea</run_address>
         <size>0x4a</size>
         <input_file_ref idref="fl-1e"/>
      </object_component>
      <object_component id="oc-904">
         <name>.text:motorRPM</name>
         <load_address>0x8b34</load_address>
         <run_address>0x8b34</run_address>
         <size>0x4a</size>
         <input_file_ref idref="fl-5"/>
      </object_component>
      <object_component id="oc-a29">
         <name>.text:SDCard_fastMode</name>
         <load_address>0x8b7e</load_address>
         <run_address>0x8b7e</run_address>
         <size>0x46</size>
         <input_file_ref idref="fl-f"/>
      </object_component>
      <object_component id="oc-7c5">
         <name>.text:setupADC</name>
         <load_address>0x8bc4</load_address>
         <run_address>0x8bc4</run_address>
         <size>0x46</size>
         <input_file_ref idref="fl-3"/>
      </object_component>
      <object_component id="oc-7b3">
         <name>.text:Init_Clock</name>
         <load_address>0x8c0a</load_address>
         <run_address>0x8c0a</run_address>
         <size>0x44</size>
         <input_file_ref idref="fl-6"/>
      </object_component>
      <object_component id="oc-834">
         <name>.text:GPIO_setAsInputPin</name>
         <load_address>0x8c4e</load_address>
         <run_address>0x8c4e</run_address>
         <size>0x40</size>
         <input_file_ref idref="fl-1e"/>
      </object_component>
      <object_component id="oc-a69">
         <name>.text:detectCard</name>
         <load_address>0x8c8e</load_address>
         <run_address>0x8c8e</run_address>
         <size>0x40</size>
         <input_file_ref idref="fl-8"/>
      </object_component>
      <object_component id="oc-acf">
         <name>.text:f_putc</name>
         <load_address>0x8cce</load_address>
         <run_address>0x8cce</run_address>
         <size>0x40</size>
         <input_file_ref idref="fl-7"/>
      </object_component>
      <object_component id="oc-86d">
         <name>.text:RTC_C_clearInterrupt</name>
         <load_address>0x8d0e</load_address>
         <run_address>0x8d0e</run_address>
         <size>0x3e</size>
         <input_file_ref idref="fl-26"/>
      </object_component>
      <object_component id="oc-ac3">
         <name>.text:clust2sect</name>
         <load_address>0x8d4c</load_address>
         <run_address>0x8d4c</run_address>
         <size>0x3e</size>
         <input_file_ref idref="fl-7"/>
      </object_component>
      <object_component id="oc-787">
         <name>.text:l_asr_const</name>
         <load_address>0x8d8a</load_address>
         <run_address>0x8d8a</run_address>
         <size>0x3e</size>
         <input_file_ref idref="fl-98"/>
      </object_component>
      <object_component id="oc-aa5">
         <name>.text:l_lsl_const</name>
         <load_address>0x8dc8</load_address>
         <run_address>0x8dc8</run_address>
         <size>0x3e</size>
         <input_file_ref idref="fl-96"/>
      </object_component>
      <object_component id="oc-ac9">
         <name>.text:l_lsr_const</name>
         <load_address>0x8e06</load_address>
         <run_address>0x8e06</run_address>
         <size>0x3e</size>
         <input_file_ref idref="fl-99"/>
      </object_component>
      <object_component id="oc-7bf">
         <name>.text:setupMotor</name>
         <load_address>0x8e44</load_address>
         <run_address>0x8e44</run_address>
         <size>0x3e</size>
         <input_file_ref idref="fl-5"/>
      </object_component>
      <object_component id="oc-7ad">
         <name>.text:Init_GPIO</name>
         <load_address>0x8e82</load_address>
         <run_address>0x8e82</run_address>
         <size>0x3c</size>
         <input_file_ref idref="fl-6"/>
      </object_component>
      <object_component id="oc-994">
         <name>.text:SDCardLib_writeFile</name>
         <load_address>0x8ebe</load_address>
         <run_address>0x8ebe</run_address>
         <size>0x3c</size>
         <input_file_ref idref="fl-2d"/>
      </object_component>
      <object_component id="oc-859">
         <name>.text:CS_turnOnLFXT</name>
         <load_address>0x8efa</load_address>
         <run_address>0x8efa</run_address>
         <size>0x3a</size>
         <input_file_ref idref="fl-15"/>
      </object_component>
      <object_component id="oc-8d7">
         <name>.text:IMUtoRPM</name>
         <load_address>0x8f34</load_address>
         <run_address>0x8f34</run_address>
         <size>0x38</size>
         <input_file_ref idref="fl-4"/>
      </object_component>
      <object_component id="oc-775">
         <name>.text:GPIO_setAsOutputPin</name>
         <load_address>0x8f6c</load_address>
         <run_address>0x8f6c</run_address>
         <size>0x34</size>
         <input_file_ref idref="fl-1e"/>
      </object_component>
      <object_component id="oc-928">
         <name>.text:SDFindOpenNewFile</name>
         <load_address>0x8fa0</load_address>
         <run_address>0x8fa0</run_address>
         <size>0x34</size>
         <input_file_ref idref="fl-2"/>
      </object_component>
      <object_component id="oc-a5b">
         <name>.text:f_mount</name>
         <load_address>0x8fd4</load_address>
         <run_address>0x8fd4</run_address>
         <size>0x34</size>
         <input_file_ref idref="fl-7"/>
      </object_component>
      <object_component id="oc-9ce">
         <name>.text:__mspabi_subd</name>
         <load_address>0x9008</load_address>
         <run_address>0x9008</run_address>
         <size>0x32</size>
         <input_file_ref idref="fl-9b"/>
      </object_component>
      <object_component id="oc-b2e">
         <name>.text:EUSCI_A_SPI_changeMasterClock</name>
         <load_address>0x903a</load_address>
         <run_address>0x903a</run_address>
         <size>0x2e</size>
         <input_file_ref idref="fl-18"/>
      </object_component>
      <object_component id="oc-8ec">
         <name>.text:__mspabi_negd</name>
         <load_address>0x9068</load_address>
         <run_address>0x9068</run_address>
         <size>0x2e</size>
         <input_file_ref idref="fl-94"/>
      </object_component>
      <object_component id="oc-9ac">
         <name>.text:f_puts</name>
         <load_address>0x9096</load_address>
         <run_address>0x9096</run_address>
         <size>0x2c</size>
         <input_file_ref idref="fl-7"/>
      </object_component>
      <object_component id="oc-b08">
         <name>.text</name>
         <load_address>0x90c2</load_address>
         <run_address>0x90c2</run_address>
         <size>0x2c</size>
         <input_file_ref idref="fl-81"/>
      </object_component>
      <object_component id="oc-aac">
         <name>.text:validate</name>
         <load_address>0x90ee</load_address>
         <run_address>0x90ee</run_address>
         <size>0x2c</size>
         <input_file_ref idref="fl-7"/>
      </object_component>
      <object_component id="oc-93a">
         <name>.text:SDCloseSPI</name>
         <load_address>0x911a</load_address>
         <run_address>0x911a</run_address>
         <size>0x2a</size>
         <input_file_ref idref="fl-2"/>
      </object_component>
      <object_component id="oc-6d5">
         <name>.text:memcpy</name>
         <load_address>0x9144</load_address>
         <run_address>0x9144</run_address>
         <size>0x2a</size>
         <input_file_ref idref="fl-a6"/>
      </object_component>
      <object_component id="oc-867">
         <name>.text:RTC_C_setCalendarEvent</name>
         <load_address>0x916e</load_address>
         <run_address>0x916e</run_address>
         <size>0x28</size>
         <input_file_ref idref="fl-26"/>
      </object_component>
      <object_component id="oc-720">
         <name>.text:__mpu_init</name>
         <load_address>0x9196</load_address>
         <run_address>0x9196</run_address>
         <size>0x28</size>
         <input_file_ref idref="fl-a0"/>
      </object_component>
      <object_component id="oc-8d1">
         <name>.text:__mspabi_fixdi</name>
         <load_address>0x91be</load_address>
         <run_address>0x91be</run_address>
         <size>0x28</size>
         <input_file_ref idref="fl-85"/>
      </object_component>
      <object_component id="oc-922">
         <name>.text:motorRampDown</name>
         <load_address>0x91e6</load_address>
         <run_address>0x91e6</run_address>
         <size>0x26</size>
         <input_file_ref idref="fl-5"/>
      </object_component>
      <object_component id="oc-a47">
         <name>.text:SDCard_detectCard</name>
         <load_address>0x920c</load_address>
         <run_address>0x920c</run_address>
         <size>0x24</size>
         <input_file_ref idref="fl-f"/>
      </object_component>
      <object_component id="oc-707">
         <name>.text:_system_pre_init</name>
         <load_address>0x9230</load_address>
         <run_address>0x9230</run_address>
         <size>0x24</size>
         <input_file_ref idref="fl-6"/>
      </object_component>
      <object_component id="oc-7fe">
         <name>.text</name>
         <load_address>0x9254</load_address>
         <run_address>0x9254</run_address>
         <size>0x24</size>
         <input_file_ref idref="fl-90"/>
      </object_component>
      <object_component id="oc-97e">
         <name>.text:SDCardLib_detectCard</name>
         <load_address>0x9278</load_address>
         <run_address>0x9278</run_address>
         <size>0x22</size>
         <input_file_ref idref="fl-2d"/>
      </object_component>
      <object_component id="oc-b7a">
         <name>.text:disk_status</name>
         <load_address>0x929a</load_address>
         <run_address>0x929a</run_address>
         <size>0x20</size>
         <input_file_ref idref="fl-8"/>
      </object_component>
      <object_component id="oc-8dd">
         <name>.text:readADC</name>
         <load_address>0x92ba</load_address>
         <run_address>0x92ba</run_address>
         <size>0x20</size>
         <input_file_ref idref="fl-3"/>
      </object_component>
      <object_component id="oc-c58">
         <name>.text:select</name>
         <load_address>0x92da</load_address>
         <run_address>0x92da</run_address>
         <size>0x20</size>
         <input_file_ref idref="fl-8"/>
      </object_component>
      <object_component id="oc-873">
         <name>.text:RTC_C_startClock</name>
         <load_address>0x92fa</load_address>
         <run_address>0x92fa</run_address>
         <size>0x1e</size>
         <input_file_ref idref="fl-26"/>
      </object_component>
      <object_component id="oc-98e">
         <name>.text:strcat</name>
         <load_address>0x9318</load_address>
         <run_address>0x9318</run_address>
         <size>0x1e</size>
         <input_file_ref idref="fl-a8"/>
      </object_component>
      <object_component id="oc-b58">
         <name>.text:GPIO_getInputPinValue</name>
         <load_address>0x9336</load_address>
         <run_address>0x9336</run_address>
         <size>0x1c</size>
         <input_file_ref idref="fl-1e"/>
      </object_component>
      <object_component id="oc-76f">
         <name>.text:GPIO_setOutputHighOnPin</name>
         <load_address>0x9352</load_address>
         <run_address>0x9352</run_address>
         <size>0x1c</size>
         <input_file_ref idref="fl-1e"/>
      </object_component>
      <object_component id="oc-82e">
         <name>.text:GPIO_setOutputLowOnPin</name>
         <load_address>0x936e</load_address>
         <run_address>0x936e</run_address>
         <size>0x1c</size>
         <input_file_ref idref="fl-1e"/>
      </object_component>
      <object_component id="oc-91c">
         <name>.text:GPIO_toggleOutputOnPin</name>
         <load_address>0x938a</load_address>
         <run_address>0x938a</run_address>
         <size>0x1c</size>
         <input_file_ref idref="fl-1e"/>
      </object_component>
      <object_component id="oc-978">
         <name>.text:SDCardLib_init</name>
         <load_address>0x93a6</load_address>
         <run_address>0x93a6</run_address>
         <size>0x1a</size>
         <input_file_ref idref="fl-2d"/>
      </object_component>
      <object_component id="oc-c24">
         <name>.text:deselect</name>
         <load_address>0x93c0</load_address>
         <run_address>0x93c0</run_address>
         <size>0x1a</size>
         <input_file_ref idref="fl-8"/>
      </object_component>
      <object_component id="oc-8a7">
         <name>.text:motorSpeed</name>
         <load_address>0x93da</load_address>
         <run_address>0x93da</run_address>
         <size>0x1a</size>
         <input_file_ref idref="fl-5"/>
      </object_component>
      <object_component id="oc-be5">
         <name>.text</name>
         <load_address>0x93f4</load_address>
         <run_address>0x93f4</run_address>
         <size>0x18</size>
         <input_file_ref idref="fl-8e"/>
      </object_component>
      <object_component id="oc-a53">
         <name>.text:SDCard_setRTCTime</name>
         <load_address>0x940c</load_address>
         <run_address>0x940c</run_address>
         <size>0x16</size>
         <input_file_ref idref="fl-f"/>
      </object_component>
      <object_component id="oc-769">
         <name>.text:WDT_A_hold</name>
         <load_address>0x9422</load_address>
         <run_address>0x9422</run_address>
         <size>0x16</size>
         <input_file_ref idref="fl-2c"/>
      </object_component>
      <object_component id="oc-c38">
         <name>.text:chk_chr</name>
         <load_address>0x9438</load_address>
         <run_address>0x9438</run_address>
         <size>0x16</size>
         <input_file_ref idref="fl-7"/>
      </object_component>
      <object_component id="oc-84">
         <name>.text:decompress:none:__TI_decompress_none</name>
         <load_address>0x944e</load_address>
         <run_address>0x944e</run_address>
         <size>0x16</size>
         <input_file_ref idref="fl-54"/>
      </object_component>
      <object_component id="oc-9b2">
         <name>.text:f_close</name>
         <load_address>0x9464</load_address>
         <run_address>0x9464</run_address>
         <size>0x16</size>
         <input_file_ref idref="fl-7"/>
      </object_component>
      <object_component id="oc-a0b">
         <name>.text</name>
         <load_address>0x947a</load_address>
         <run_address>0x947a</run_address>
         <size>0x16</size>
         <input_file_ref idref="fl-83"/>
      </object_component>
      <object_component id="oc-c3f">
         <name>.text:mem_cmp</name>
         <load_address>0x9490</load_address>
         <run_address>0x9490</run_address>
         <size>0x14</size>
         <input_file_ref idref="fl-7"/>
      </object_component>
      <object_component id="oc-84d">
         <name>.text:CS_setExternalClockSource</name>
         <load_address>0x94a4</load_address>
         <run_address>0x94a4</run_address>
         <size>0x12</size>
         <input_file_ref idref="fl-15"/>
      </object_component>
      <object_component id="oc-b91">
         <name>.text:mem_cpy</name>
         <load_address>0x94b6</load_address>
         <run_address>0x94b6</run_address>
         <size>0x12</size>
         <input_file_ref idref="fl-7"/>
      </object_component>
      <object_component id="oc-bc1">
         <name>.text:mem_set</name>
         <load_address>0x94c8</load_address>
         <run_address>0x94c8</run_address>
         <size>0x12</size>
         <input_file_ref idref="fl-7"/>
      </object_component>
      <object_component id="oc-988">
         <name>.text:strcpy</name>
         <load_address>0x94da</load_address>
         <run_address>0x94da</run_address>
         <size>0x12</size>
         <input_file_ref idref="fl-aa"/>
      </object_component>
      <object_component id="oc-af4">
         <name>.text:l_asr</name>
         <load_address>0x94ec</load_address>
         <run_address>0x94ec</run_address>
         <size>0x10</size>
         <input_file_ref idref="fl-98"/>
      </object_component>
      <object_component id="oc-aef">
         <name>.text:l_lsl</name>
         <load_address>0x94fc</load_address>
         <run_address>0x94fc</run_address>
         <size>0x10</size>
         <input_file_ref idref="fl-96"/>
      </object_component>
      <object_component id="oc-ae1">
         <name>.text:l_lsr</name>
         <load_address>0x950c</load_address>
         <run_address>0x950c</run_address>
         <size>0x10</size>
         <input_file_ref idref="fl-99"/>
      </object_component>
      <object_component id="oc-b1f">
         <name>.text:EUSCI_A_SPI_clearInterrupt</name>
         <load_address>0x951c</load_address>
         <run_address>0x951c</run_address>
         <size>0xe</size>
         <input_file_ref idref="fl-18"/>
      </object_component>
      <object_component id="oc-a3b">
         <name>.text:SDCard_setCSHigh</name>
         <load_address>0x952a</load_address>
         <run_address>0x952a</run_address>
         <size>0xe</size>
         <input_file_ref idref="fl-f"/>
      </object_component>
      <object_component id="oc-a41">
         <name>.text:SDCard_setCSLow</name>
         <load_address>0x9538</load_address>
         <run_address>0x9538</run_address>
         <size>0xe</size>
         <input_file_ref idref="fl-f"/>
      </object_component>
      <object_component id="oc-b49">
         <name>.text:EUSCI_A_SPI_isBusy</name>
         <load_address>0x9546</load_address>
         <run_address>0x9546</run_address>
         <size>0xc</size>
         <input_file_ref idref="fl-18"/>
      </object_component>
      <object_component id="oc-b3b">
         <name>.text:EUSCI_A_SPI_transmitData</name>
         <load_address>0x9552</load_address>
         <run_address>0x9552</run_address>
         <size>0xc</size>
         <input_file_ref idref="fl-18"/>
      </object_component>
      <object_component id="oc-8c5">
         <name>.text:__mspabi_fltid</name>
         <load_address>0x955e</load_address>
         <run_address>0x955e</run_address>
         <size>0xc</size>
         <input_file_ref idref="fl-87"/>
      </object_component>
      <object_component id="oc-90a">
         <name>.text:motorOFF</name>
         <load_address>0x956a</load_address>
         <run_address>0x956a</run_address>
         <size>0xc</size>
         <input_file_ref idref="fl-5"/>
      </object_component>
      <object_component id="oc-c1e">
         <name>.text:rcvr_mmc</name>
         <load_address>0x9576</load_address>
         <run_address>0x9576</run_address>
         <size>0xc</size>
         <input_file_ref idref="fl-8"/>
      </object_component>
      <object_component id="oc-c5e">
         <name>.text:xmit_mmc</name>
         <load_address>0x9582</load_address>
         <run_address>0x9582</run_address>
         <size>0xc</size>
         <input_file_ref idref="fl-8"/>
      </object_component>
      <object_component id="oc-b35">
         <name>.text:EUSCI_A_SPI_getInterruptStatus</name>
         <load_address>0x958e</load_address>
         <run_address>0x958e</run_address>
         <size>0xa</size>
         <input_file_ref idref="fl-18"/>
      </object_component>
      <object_component id="oc-b41">
         <name>.text:EUSCI_A_SPI_receiveData</name>
         <load_address>0x9598</load_address>
         <run_address>0x9598</run_address>
         <size>0xa</size>
         <input_file_ref idref="fl-18"/>
      </object_component>
      <object_component id="oc-9b8">
         <name>.text:SDCardLib_unInit</name>
         <load_address>0x95a2</load_address>
         <run_address>0x95a2</run_address>
         <size>0xa</size>
         <input_file_ref idref="fl-2d"/>
      </object_component>
      <object_component id="oc-a4d">
         <name>.text:SDCard_getRTCTime</name>
         <load_address>0x95ac</load_address>
         <run_address>0x95ac</run_address>
         <size>0xa</size>
         <input_file_ref idref="fl-f"/>
      </object_component>
      <object_component id="oc-a12">
         <name>.text:EUSCI_A_SPI_disable</name>
         <load_address>0x95b6</load_address>
         <run_address>0x95b6</run_address>
         <size>0x6</size>
         <input_file_ref idref="fl-18"/>
      </object_component>
      <object_component id="oc-b19">
         <name>.text:EUSCI_A_SPI_enable</name>
         <load_address>0x95bc</load_address>
         <run_address>0x95bc</run_address>
         <size>0x6</size>
         <input_file_ref idref="fl-18"/>
      </object_component>
      <object_component id="oc-840">
         <name>.text:PMM_unlockLPM5</name>
         <load_address>0x95c2</load_address>
         <run_address>0x95c2</run_address>
         <size>0x6</size>
         <input_file_ref idref="fl-22"/>
      </object_component>
      <object_component id="oc-72f">
         <name>.text:abort</name>
         <load_address>0x95c8</load_address>
         <run_address>0x95c8</run_address>
         <size>0x6</size>
         <input_file_ref idref="fl-a2"/>
      </object_component>
      <object_component id="oc-8a">
         <name>.text:decompress:rle24:__TI_decompress_rle24</name>
         <load_address>0x95ce</load_address>
         <run_address>0x95ce</run_address>
         <size>0x6</size>
         <input_file_ref idref="fl-55"/>
      </object_component>
      <object_component id="oc-a61">
         <name>.text:disk_initCallBack</name>
         <load_address>0x95d4</load_address>
         <run_address>0x95d4</run_address>
         <size>0x6</size>
         <input_file_ref idref="fl-8"/>
      </object_component>
      <object_component id="oc-916">
         <name>.text:motorCCW</name>
         <load_address>0x95da</load_address>
         <run_address>0x95da</run_address>
         <size>0x6</size>
         <input_file_ref idref="fl-5"/>
      </object_component>
      <object_component id="oc-910">
         <name>.text:motorCW</name>
         <load_address>0x95e0</load_address>
         <run_address>0x95e0</run_address>
         <size>0x6</size>
         <input_file_ref idref="fl-5"/>
      </object_component>
      <object_component id="oc-8ad">
         <name>.text:motorON</name>
         <load_address>0x95e6</load_address>
         <run_address>0x95e6</run_address>
         <size>0x6</size>
         <input_file_ref idref="fl-5"/>
      </object_component>
      <object_component id="oc-78c">
         <name>.text:_system_post_cinit</name>
         <load_address>0x95ec</load_address>
         <run_address>0x95ec</run_address>
         <size>0x2</size>
         <input_file_ref idref="fl-a1"/>
      </object_component>
      <object_component id="oc-99d">
         <name>.bss:fil</name>
         <uninitialized>true</uninitialized>
         <run_address>0x1e32</run_address>
         <size>0x24</size>
         <input_file_ref idref="fl-2"/>
      </object_component>
      <object_component id="oc-984">
         <name>.bss:filename</name>
         <uninitialized>true</uninitialized>
         <run_address>0x1e56</run_address>
         <size>0x20</size>
         <input_file_ref idref="fl-2"/>
      </object_component>
      <object_component id="oc-99a">
         <name>.bss</name>
         <uninitialized>true</uninitialized>
         <run_address>0x1e90</run_address>
         <size>0x2</size>
         <input_file_ref idref="fl-2"/>
      </object_component>
      <object_component id="oc-b61">
         <name>.bss:FatFs</name>
         <uninitialized>true</uninitialized>
         <run_address>0x1e8c</run_address>
         <size>0x4</size>
         <input_file_ref idref="fl-7"/>
      </object_component>
      <object_component id="oc-ba4">
         <name>.bss</name>
         <uninitialized>true</uninitialized>
         <run_address>0x1e92</run_address>
         <size>0x2</size>
         <input_file_ref idref="fl-7"/>
      </object_component>
      <object_component id="oc-b65">
         <name>.bss</name>
         <uninitialized>true</uninitialized>
         <run_address>0x1e86</run_address>
         <size>0x5</size>
         <input_file_ref idref="fl-8"/>
      </object_component>
      <object_component id="oc-974">
         <name>.common:sdCardLib</name>
         <uninitialized>true</uninitialized>
         <run_address>0x1c00</run_address>
         <size>0x232</size>
      </object_component>
      <object_component id="oc-7ce">
         <name>.common:currTime</name>
         <uninitialized>true</uninitialized>
         <run_address>0x1e7e</run_address>
         <size>0x8</size>
      </object_component>
      <object_component id="oc-761">
         <name>.common:adc_val</name>
         <uninitialized>true</uninitialized>
         <run_address>0x1e94</run_address>
         <size>0x2</size>
      </object_component>
      <object_component id="oc-754">
         <name>.common:TXData</name>
         <uninitialized>true</uninitialized>
         <run_address>0x1e8b</run_address>
         <size>0x1</size>
      </object_component>
      <object_component id="oc-860">
         <name>.common:calendar</name>
         <uninitialized>true</uninitialized>
         <run_address>0x1e76</run_address>
         <size>0x8</size>
      </object_component>
      <object_component id="oc-7cb">
         <name>.common:reaction_wheel_control_bit</name>
         <uninitialized>true</uninitialized>
         <run_address>0x1e96</run_address>
         <size>0x2</size>
      </object_component>
      <object_component id="oc-971">
         <name>.data</name>
         <load_address>0x1eea</load_address>
         <run_address>0x1eea</run_address>
         <size>0x3</size>
         <input_file_ref idref="fl-2"/>
      </object_component>
      <object_component id="oc-75b">
         <name>.data</name>
         <load_address>0x1ecc</load_address>
         <run_address>0x1ecc</run_address>
         <size>0xa</size>
         <input_file_ref idref="fl-3"/>
      </object_component>
      <object_component id="oc-757">
         <name>.data</name>
         <load_address>0x1ee6</load_address>
         <run_address>0x1ee6</run_address>
         <size>0x4</size>
         <input_file_ref idref="fl-4"/>
      </object_component>
      <object_component id="oc-b07">
         <name>.data</name>
         <load_address>0x1ede</load_address>
         <run_address>0x1ede</run_address>
         <size>0x8</size>
         <input_file_ref idref="fl-5"/>
      </object_component>
      <object_component id="oc-8b3">
         <name>.data</name>
         <load_address>0x1ec0</load_address>
         <run_address>0x1ec0</run_address>
         <size>0xb</size>
         <input_file_ref idref="fl-6"/>
      </object_component>
      <object_component id="oc-b77">
         <name>.data</name>
         <load_address>0x1eed</load_address>
         <run_address>0x1eed</run_address>
         <size>0x2</size>
         <input_file_ref idref="fl-8"/>
      </object_component>
      <object_component id="oc-975">
         <name>.data:sdIntf_MSP430FR5994LP</name>
         <load_address>0x1e98</load_address>
         <run_address>0x1e98</run_address>
         <size>0x28</size>
         <input_file_ref idref="fl-f"/>
      </object_component>
      <object_component id="oc-964">
         <name>.data</name>
         <load_address>0x1ed6</load_address>
         <run_address>0x1ed6</run_address>
         <size>0x8</size>
         <input_file_ref idref="fl-15"/>
      </object_component>
      <object_component id="oc-6d1">
         <name>.stack</name>
         <uninitialized>true</uninitialized>
         <run_address>0x2b60</run_address>
         <size>0x4</size>
         <input_file_ref idref="fl-9c"/>
      </object_component>
      <object_component id="oc-ce1">
         <name>.stack</name>
         <uninitialized>true</uninitialized>
         <run_address>0x2b60</run_address>
         <size>0x0</size>
      </object_component>
      <object_component id="oc-90">
         <name>.int18</name>
         <load_address>0xffb4</load_address>
         <run_address>0xffb4</run_address>
         <size>0x2</size>
         <input_file_ref idref="fl-56"/>
      </object_component>
      <object_component id="oc-91">
         <name>.int19</name>
         <load_address>0xffb6</load_address>
         <run_address>0xffb6</run_address>
         <size>0x2</size>
         <input_file_ref idref="fl-58"/>
      </object_component>
[...]
         <value>0x8ebe</value>
         <object_component_ref idref="oc-994"/>
      </symbol>
      <symbol id="sm-d19">
         <name>SDCardLib_init</name>
         <value>0x93a6</value>
         <object_component_ref idref="oc-978"/>
      </symbol>
      <symbol id="sm-d1a">
         <name>SDCardLib_detectCard</name>
         <value>0x9278</value>
         <object_component_ref idref="oc-97e"/>
      </symbol>
      <symbol id="sm-d30">
         <name>__TI_decompress_none</name>
         <value>0x944e</value>
         <object_component_ref idref="oc-84"/>
      </symbol>
      <symbol id="sm-d52">
         <name>__TI_decompress_rle24</name>
         <value>0x95ce</value>
         <object_component_ref idref="oc-8a"/>
      </symbol>
      <symbol id="sm-d55">
         <name>__TI_int18</name>
         <value>0xffb4</value>
         <object_component_ref idref="oc-90"/>
      </symbol>
      <symbol id="sm-d5d">
         <name>__TI_ISR_TRAP</name>
         <value>0x964a</value>
         <object_component_ref idref="oc-6ef"/>
      </symbol>
      <symbol id="sm-d60">
         <name>__TI_int19</name>
         <value>0xffb6</value>
         <object_component_ref idref="oc-91"/>
      </symbol>
      <symbol id="sm-d63">
         <name>__TI_int20</name>
         <value>0xffb8</value>
         <object_component_ref idref="oc-92"/>
      </symbol>
      <symbol id="sm-d66">
         <name>__TI_int21</name>
         <value>0xffba</value>
         <object_component_ref idref="oc-93"/>
      </symbol>
      <symbol id="sm-d69">
         <name>__TI_int22</name>
         <value>0xffbc</value>
         <object_component_ref idref="oc-94"/>
      </symbol>
      <symbol id="sm-d6c">
         <name>__TI_int23</name>
         <value>0xffbe</value>
         <object_component_ref idref="oc-95"/>
      </symbol>
      <symbol id="sm-d6f">
         <name>__TI_int24</name>
         <value>0xffc0</value>
         <object_component_ref idref="oc-96"/>
      </symbol>
      <symbol id="sm-d72">
         <name>__TI_int25</name>
         <value>0xffc2</value>
         <object_component_ref idref="oc-97"/>
      </symbol>
      <symbol id="sm-d75">
         <name>__TI_int26</name>
         <value>0xffc4</value>
         <object_component_ref idref="oc-98"/>
      </symbol>
      <symbol id="sm-d78">
         <name>__TI_int27</name>
         <value>0xffc6</value>
         <object_component_ref idref="oc-99"/>
      </symbol>
      <symbol id="sm-d7b">
         <name>__TI_int28</name>
         <value>0xffc8</value>
         <object_component_ref idref="oc-9a"/>
      </symbol>
      <symbol id="sm-d7e">
         <name>__TI_int29</name>
         <value>0xffca</value>
         <object_component_ref idref="oc-9b"/>
      </symbol>
      <symbol id="sm-d81">
         <name>__TI_int30</name>
         <value>0xffcc</value>
         <object_component_ref idref="oc-9c"/>
      </symbol>
      <symbol id="sm-d84">
         <name>__TI_int31</name>
         <value>0xffce</value>
         <object_component_ref idref="oc-9d"/>
      </symbol>
      <symbol id="sm-d87">
         <name>__TI_int32</name>
         <value>0xffd0</value>
         <object_component_ref idref="oc-9e"/>
      </symbol>
      <symbol id="sm-d8a">
         <name>__TI_int33</name>
         <value>0xffd2</value>
         <object_component_ref idref="oc-9f"/>
      </symbol>
      <symbol id="sm-d8d">
         <name>__TI_int34</name>
         <value>0xffd4</value>
         <object_component_ref idref="oc-a0"/>
      </symbol>
      <symbol id="sm-d90">
         <name>__TI_int35</name>
         <value>0xffd6</value>
         <object_component_ref idref="oc-a1"/>
      </symbol>
      <symbol id="sm-d93">
         <name>__TI_int36</name>
         <value>0xffd8</value>
         <object_component_ref idref="oc-a2"/>
      </symbol>
      <symbol id="sm-d96">
         <name>__TI_int37</name>
         <value>0xffda</value>
         <object_component_ref idref="oc-a3"/>
      </symbol>
      <symbol id="sm-d99">
         <name>__TI_int38</name>
         <value>0xffdc</value>
         <object_component_ref idref="oc-a4"/>
      </symbol>
      <symbol id="sm-d9c">
         <name>__TI_int39</name>
         <value>0xffde</value>
         <object_component_ref idref="oc-a5"/>
      </symbol>
      <symbol id="sm-d9f">
         <name>__TI_int40</name>
         <value>0xffe0</value>
         <object_component_ref idref="oc-a6"/>
      </symbol>
      <symbol id="sm-da2">
         <name>__TI_int41</name>
         <value>0xffe2</value>
         <object_component_ref idref="oc-a7"/>
      </symbol>
      <symbol id="sm-da5">
         <name>__TI_int42</name>
         <value>0xffe4</value>
         <object_component_ref idref="oc-a8"/>
      </symbol>
      <symbol id="sm-da8">
         <name>__TI_int44</name>
         <value>0xffe8</value>
         <object_component_ref idref="oc-aa"/>
      </symbol>
      <symbol id="sm-dab">
         <name>__TI_int45</name>
         <value>0xffea</value>
         <object_component_ref idref="oc-ab"/>
      </symbol>
      <symbol id="sm-dae">
         <name>__TI_int47</name>
         <value>0xffee</value>
         <object_component_ref idref="oc-ad"/>
      </symbol>
      <symbol id="sm-db1">
         <name>__TI_int48</name>
         <value>0xfff0</value>
         <object_component_ref idref="oc-ae"/>
      </symbol>
      <symbol id="sm-db4">
         <name>__TI_int49</name>
         <value>0xfff2</value>
         <object_component_ref idref="oc-af"/>
      </symbol>
      <symbol id="sm-db7">
         <name>__TI_int50</name>
         <value>0xfff4</value>
         <object_component_ref idref="oc-b0"/>
      </symbol>
      <symbol id="sm-dba">
         <name>__TI_int51</name>
         <value>0xfff6</value>
         <object_component_ref idref="oc-b1"/>
      </symbol>
      <symbol id="sm-dbd">
         <name>__TI_int52</name>
         <value>0xfff8</value>
         <object_component_ref idref="oc-b2"/>
      </symbol>
      <symbol id="sm-dc0">
         <name>__TI_int53</name>
         <value>0xfffa</value>
         <object_component_ref idref="oc-b3"/>
      </symbol>
      <symbol id="sm-dc3">
         <name>__TI_int54</name>
         <value>0xfffc</value>
         <object_component_ref idref="oc-b4"/>
      </symbol>
      <symbol id="sm-deb">
         <name>__mspabi_addd</name>
         <value>0x53fc</value>
         <object_component_ref idref="oc-8f2"/>
      </symbol>
      <symbol id="sm-e0c">
         <name>__TI_frcaddd</name>
         <value>0x5bf8</value>
         <object_component_ref idref="oc-9e8"/>
      </symbol>
      <symbol id="sm-e20">
         <name>__TI_renormd</name>
         <value>0x7ad2</value>
         <object_component_ref idref="oc-af9"/>
      </symbol>
      <symbol id="sm-e3a">
         <name>__mspabi_cmpd</name>
         <value>0x770a</value>
         <object_component_ref idref="oc-8fe"/>
      </symbol>
      <symbol id="sm-e5b">
         <name>__mspabi_divd</name>
         <value>0x609a</value>
         <object_component_ref idref="oc-9dc"/>
      </symbol>
      <symbol id="sm-e76">
         <name>__TI_frcdivd</name>
         <value>0x44ae</value>
         <object_component_ref idref="oc-ae7"/>
      </symbol>
      <symbol id="sm-e82">
         <name>__mspabi_remi</name>
         <value>0x90c2</value>
         <object_component_ref idref="oc-b08"/>
      </symbol>
      <symbol id="sm-e83">
         <name>__mspabi_divi</name>
         <value>0x90c2</value>
         <object_component_ref idref="oc-b08"/>
      </symbol>
      <symbol id="sm-e8e">
         <name>__mspabi_remu</name>
         <value>0x947a</value>
         <object_component_ref idref="oc-a0b"/>
      </symbol>
      <symbol id="sm-e8f">
         <name>__mspabi_divu</name>
         <value>0x947a</value>
         <object_component_ref idref="oc-a0b"/>
      </symbol>
      <symbol id="sm-e9d">
         <name>__mspabi_remul</name>
         <value>0x8946</value>
         <object_component_ref idref="oc-ab2"/>
      </symbol>
      <symbol id="sm-e9e">
         <name>__mspabi_divul</name>
         <value>0x8946</value>
         <object_component_ref idref="oc-ab2"/>
      </symbol>
      <symbol id="sm-eab">
         <name>__mspabi_fixdi</name>
         <value>0x91be</value>
         <object_component_ref idref="oc-8d1"/>
      </symbol>
      <symbol id="sm-eba">
         <name>__mspabi_fixdli</name>
         <value>0x864a</value>
         <object_component_ref idref="oc-9d5"/>
      </symbol>
      <symbol id="sm-ec3">
         <name>__mspabi_fltid</name>
         <value>0x955e</value>
         <object_component_ref idref="oc-8c5"/>
      </symbol>
      <symbol id="sm-edb">
         <name>__mspabi_fltlid</name>
         <value>0x7e24</value>
         <object_component_ref idref="oc-9c7"/>
      </symbol>
      <symbol id="sm-efd">
         <name>__mspabi_mpyd</name>
         <value>0x5976</value>
         <object_component_ref idref="oc-8f8"/>
      </symbol>
      <symbol id="sm-f0e">
         <name>__TI_frcmpyd</name>
         <value>0x5118</value>
         <object_component_ref idref="oc-9f5"/>
      </symbol>
      <symbol id="sm-f17">
         <name>__mspabi_mpyi_f5hw</name>
         <value>0x93f4</value>
         <object_component_ref idref="oc-be5"/>
      </symbol>
      <symbol id="sm-f20">
         <name>__mspabi_mpyl_f5hw</name>
         <value>0x9254</value>
         <object_component_ref idref="oc-7fe"/>
      </symbol>
      <symbol id="sm-f2c">
         <name>__mspabi_negd</name>
         <value>0x9068</value>
         <object_component_ref idref="oc-8ec"/>
      </symbol>
      <symbol id="sm-f3d">
         <name>__mspabi_slll_9</name>
         <value>0x8de0</value>
         <object_component_ref idref="oc-aa5"/>
      </symbol>
      <symbol id="sm-f3e">
         <name>__mspabi_slll_8</name>
         <value>0x8de4</value>
         <object_component_ref idref="oc-aa5"/>
      </symbol>
      <symbol id="sm-f3f">
         <name>__mspabi_slll_7</name>
         <value>0x8de8</value>
         <object_component_ref idref="oc-aa5"/>
      </symbol>
      <symbol id="sm-f40">
         <name>__mspabi_slll_6</name>
         <value>0x8dec</value>
         <object_component_ref idref="oc-aa5"/>
      </symbol>
      <symbol id="sm-f41">
         <name>__mspabi_slll_5</name>
         <value>0x8df0</value>
         <object_component_ref idref="oc-aa5"/>
      </symbol>
      <symbol id="sm-f42">
         <name>__mspabi_slll_4</name>
         <value>0x8df4</value>
         <object_component_ref idref="oc-aa5"/>
      </symbol>
      <symbol id="sm-f43">
         <name>__mspabi_slll_3</name>
         <value>0x8df8</value>
         <object_component_ref idref="oc-aa5"/>
      </symbol>
      <symbol id="sm-f44">
         <name>__mspabi_slll_2</name>
         <value>0x8dfc</value>
         <object_component_ref idref="oc-aa5"/>
      </symbol>
      <symbol id="sm-f45">
         <name>__mspabi_slll_1</name>
         <value>0x8e00</value>
         <object_component_ref idref="oc-aa5"/>
      </symbol>
      <symbol id="sm-f46">
         <name>__mspabi_slll</name>
         <value>0x94fc</value>
         <object_component_ref idref="oc-aef"/>
      </symbol>
      <symbol id="sm-f47">
         <name>__mspabi_slll_15</name>
         <value>0x8dc8</value>
         <object_component_ref idref="oc-aa5"/>
      </symbol>
      <symbol id="sm-f48">
         <name>__mspabi_slll_14</name>
         <value>0x8dcc</value>
         <object_component_ref idref="oc-aa5"/>
      </symbol>
      <symbol id="sm-f49">
         <name>__mspabi_slll_13</name>
         <value>0x8dd0</value>
         <object_component_ref idref="oc-aa5"/>
      </symbol>
      <symbol id="sm-f4a">
         <name>__mspabi_slll_12</name>
         <value>0x8dd4</value>
         <object_component_ref idref="oc-aa5"/>
      </symbol>
      <symbol id="sm-f4b">
         <name>__mspabi_slll_11</name>
         <value>0x8dd8</value>
         <object_component_ref idref="oc-aa5"/>
      </symbol>
      <symbol id="sm-f4c">
         <name>__mspabi_slll_10</name>
         <value>0x8ddc</value>
         <object_component_ref idref="oc-aa5"/>
      </symbol>
      <symbol id="sm-f5d">
         <name>__mspabi_sral</name>
         <value>0x94ec</value>
         <object_component_ref idref="oc-af4"/>
      </symbol>
      <symbol id="sm-f5e">
         <name>__mspabi_sral_15</name>
         <value>0x8d8a</value>
         <object_component_ref idref="oc-787"/>
      </symbol>
      <symbol id="sm-f5f">
         <name>__mspabi_sral_14</name>
         <value>0x8d8e</value>
         <object_component_ref idref="oc-787"/>
      </symbol>
      <symbol id="sm-f60">
         <name>__mspabi_sral_13</name>
         <value>0x8d92</value>
         <object_component_ref idref="oc-787"/>
      </symbol>
      <symbol id="sm-f61">
         <name>__mspabi_sral_12</name>
         <value>0x8d96</value>
         <object_component_ref idref="oc-787"/>
      </symbol>
      <symbol id="sm-f62">
         <name>__mspabi_sral_11</name>
         <value>0x8d9a</value>
         <object_component_ref idref="oc-787"/>
      </symbol>
      <symbol id="sm-f63">
         <name>__mspabi_sral_10</name>
         <value>0x8d9e</value>
         <object_component_ref idref="oc-787"/>
      </symbol>
      <symbol id="sm-f64">
         <name>__mspabi_sral_8</name>
         <value>0x8da6</value>
         <object_component_ref idref="oc-787"/>
      </symbol>
      <symbol id="sm-f65">
         <name>__mspabi_sral_9</name>
         <value>0x8da2</value>
         <object_component_ref idref="oc-787"/>
      </symbol>
      <symbol id="sm-f66">
         <name>__mspabi_sral_6</name>
         <value>0x8dae</value>
         <object_component_ref idref="oc-787"/>
      </symbol>
      <symbol id="sm-f67">
         <name>__mspabi_sral_7</name>
         <value>0x8daa</value>
         <object_component_ref idref="oc-787"/>
      </symbol>
      <symbol id="sm-f68">
         <name>__mspabi_sral_4</name>
         <value>0x8db6</value>
         <object_component_ref idref="oc-787"/>
      </symbol>
      <symbol id="sm-f69">
         <name>__mspabi_sral_5</name>
         <value>0x8db2</value>
         <object_component_ref idref="oc-787"/>
      </symbol>
      <symbol id="sm-f6a">
         <name>__mspabi_sral_2</name>
         <value>0x8dbe</value>
         <object_component_ref idref="oc-787"/>
      </symbol>
      <symbol id="sm-f6b">
         <name>__mspabi_sral_3</name>
         <value>0x8dba</value>
         <object_component_ref idref="oc-787"/>
      </symbol>
      <symbol id="sm-f6c">
         <name>__mspabi_sral_1</name>
         <value>0x8dc2</value>
         <object_component_ref idref="oc-787"/>
      </symbol>
      <symbol id="sm-f7c">
         <name>__mspabi_srll_8</name>
         <value>0x8e22</value>
         <object_component_ref idref="oc-ac9"/>
      </symbol>
      <symbol id="sm-f7d">
         <name>__mspabi_srll_9</name>
         <value>0x8e1e</value>
         <object_component_ref idref="oc-ac9"/>
      </symbol>
      <symbol id="sm-f7e">
         <name>__mspabi_srll_6</name>
         <value>0x8e2a</value>
         <object_component_ref idref="oc-ac9"/>
      </symbol>
      <symbol id="sm-f7f">
         <name>__mspabi_srll_7</name>
         <value>0x8e26</value>
         <object_component_ref idref="oc-ac9"/>
      </symbol>
      <symbol id="sm-f80">
         <name>__mspabi_srll_4</name>
         <value>0x8e32</value>
         <object_component_ref idref="oc-ac9"/>
      </symbol>
      <symbol id="sm-f81">
         <name>__mspabi_srll_5</name>
         <value>0x8e2e</value>
         <object_component_ref idref="oc-ac9"/>
      </symbol>
      <symbol id="sm-f82">
         <name>__mspabi_srll_2</name>
         <value>0x8e3a</value>
         <object_component_ref idref="oc-ac9"/>
      </symbol>
      <symbol id="sm-f83">
         <name>__mspabi_srll_3</name>
         <value>0x8e36</value>
         <object_component_ref idref="oc-ac9"/>
      </symbol>
      <symbol id="sm-f84">
         <name>__mspabi_srll_1</name>
         <value>0x8e3e</value>
         <object_component_ref idref="oc-ac9"/>
      </symbol>
      <symbol id="sm-f85">
         <name>__mspabi_srll_15</name>
         <value>0x8e06</value>
         <object_component_ref idref="oc-ac9"/>
      </symbol>
      <symbol id="sm-f86">
         <name>__mspabi_srll_14</name>
         <value>0x8e0a</value>
         <object_component_ref idref="oc-ac9"/>
      </symbol>
      <symbol id="sm-f87">
         <name>__mspabi_srll_13</name>
         <value>0x8e0e</value>
         <object_component_ref idref="oc-ac9"/>
      </symbol>
      <symbol id="sm-f88">
         <name>__mspabi_srll_12</name>
         <value>0x8e12</value>
         <object_component_ref idref="oc-ac9"/>
      </symbol>
      <symbol id="sm-f89">
         <name>__mspabi_srll_11</name>
         <value>0x8e16</value>
         <object_component_ref idref="oc-ac9"/>
      </symbol>
      <symbol id="sm-f8a">
         <name>__mspabi_srll_10</name>
         <value>0x8e1a</value>
         <object_component_ref idref="oc-ac9"/>
      </symbol>
      <symbol id="sm-f8b">
         <name>__mspabi_srll</name>
         <value>0x950c</value>
         <object_component_ref idref="oc-ae1"/>
      </symbol>
      <symbol id="sm-f95">
         <name>__mspabi_subd</name>
         <value>0x9008</value>
         <object_component_ref idref="oc-9ce"/>
      </symbol>
      <symbol id="sm-f9d">
         <name>_stack</name>
         <value>0x2b60</value>
         <object_component_ref idref="oc-6d1"/>
      </symbol>
      <symbol id="sm-f9e">
         <name>_reset_vector</name>
         <value>0xfffe</value>
         <object_component_ref idref="oc-6d4"/>
      </symbol>
      <symbol id="sm-fc0">
         <name>_auto_init_hold_wdt</name>
         <value>0x7c36</value>
         <object_component_ref idref="oc-70d"/>
      </symbol>
      <symbol id="sm-fca">
         <name>_c_int00_noargs_noexit_mpu</name>
         <value>0x9620</value>
         <object_component_ref idref="oc-d9"/>
      </symbol>
      <symbol id="sm-fd3">
         <name>__mpu_init</name>
         <value>0x9196</value>
         <object_component_ref idref="oc-720"/>
      </symbol>
      <symbol id="sm-fdc">
         <name>_system_post_cinit</name>
         <value>0x95ec</value>
         <object_component_ref idref="oc-78c"/>
      </symbol>
      <symbol id="sm-fe6">
         <name>C$$EXIT</name>
         <value>0x95c8</value>
         <object_component_ref idref="oc-72f"/>
      </symbol>
      <symbol id="sm-fe7">
         <name>abort</name>
         <value>0x95c8</value>
         <object_component_ref idref="oc-72f"/>
      </symbol>
      <symbol id="sm-fff">
         <name>copy_in</name>
         <value>0x83b8</value>
         <object_component_ref idref="oc-781"/>
      </symbol>
      <symbol id="sm-100e">
         <name>memcpy</name>
         <value>0x9144</value>
         <object_component_ref idref="oc-6d5"/>
      </symbol>
      <symbol id="sm-101e">
         <name>strcat</name>
         <value>0x9318</value>
         <object_component_ref idref="oc-98e"/>
      </symbol>
      <symbol id="sm-102c">
         <name>strcpy</name>
         <value>0x94da</value>
         <object_component_ref idref="oc-988"/>
      </symbol>
      <symbol id="sm-1037">
         <name>__TI_BINIT_Base</name>
         <value>0x0</value>
      </symbol>
      <symbol id="sm-1038">
         <name>__TI_BINIT_Limit</name>
         <value>0x0</value>
      </symbol>
      <symbol id="sm-1039">
         <name>__TI_INITARRAY_Base</name>
         <value>0x0</value>
      </symbol>
      <symbol id="sm-103a">
         <name>__TI_INITARRAY_Limit</name>
         <value>0x0</value>
      </symbol>
      <symbol id="sm-103b">
         <name>activate_GPIO_config</name>
         <value>0x95c2</value>
      </symbol>
   </symbol_table>
   <title>Link successful</title>
</link_info>
